V/ActivityManager(  233): Record #1 ActivityRecord{41855e70 com.android.settings/.SubSettings}: app=ProcessRecord{4216c168 10301:com.android.settings/1000}
V/ActivityManager(  233): Record #0 ActivityRecord{42171f48 com.android.phone/.InCallScreen}: app=ProcessRecord{41d09ef8 435:com.android.phone/1001}
V/ActivityManager(  233): Removing app ProcessRecord{41988260 0:com.facebook.orca/10077} from list [ActivityRecord{418777b0 hcb14.nhom6.behocvan/.MainFragmentActivity}] with 1 entries
V/ActivityManager(  233): Record #0 ActivityRecord{418777b0 hcb14.nhom6.behocvan/.MainFragmentActivity}: app=ProcessRecord{41cca208 13761:hcb14.nhom6.behocvan/10069}
V/ActivityManager(  233): Removing app ProcessRecord{41988260 0:com.facebook.orca/10077} from list [] with 0 entries
V/ActivityManager(  233): Removing app ProcessRecord{41988260 0:com.facebook.orca/10077} from list [ActivityRecord{418777b0 hcb14.nhom6.behocvan/.MainFragmentActivity}] with 1 entries
V/ActivityManager(  233): Record #0 ActivityRecord{418777b0 hcb14.nhom6.behocvan/.MainFragmentActivity}: app=ProcessRecord{41cca208 13761:hcb14.nhom6.behocvan/10069}
V/ActivityManager(  233): Removing app ProcessRecord{41988260 0:com.facebook.orca/10077} from list [] with 0 entries
D/dalvikvm(  233): threadid=63: interp stack at 0x4d0db000
D/IPCThreadState(  233): [DN #5] BR_CLEAR_DEATH_NOTIFICATION_DONE cookie 0x21de970
D/dalvikvm(  233): threadid=63: calling run()
V/ActivityManager(  233): Binding process pid 13944 to record ProcessRecord{420d2c68 13944:com.android.musicfx/10045}
V/ActivityManager(  233): New death recipient com.android.server.am.ActivityManagerService$AppDeathRecipient@423fbdb8 for thread android.os.BinderProxy@4232e570
V/ActivityManager(  233): New app record ProcessRecord{420d2c68 13944:com.android.musicfx/10045} thread=android.os.BinderProxy@4232e570 pid=13944
D/dalvikvm(13913): threadid=14: interp stack at 0x4c1c4000
D/dalvikvm(13913): threadid=14: calling run()
V/MediaProvider(13929): onCreate: getVolumePaths<<<
D/dalvikvm(13929): threadid=10: interp stack at 0x4c03a000
D/dalvikvm(13929): threadid=10: calling run()
D/IPCThreadState(12194): [DN #5] BR_CLEAR_DEATH_NOTIFICATION_DONE cookie 0x2368f28
D/dalvikvm(  233): threadid=63: exiting
D/dalvikvm(  233): threadid=63: bye!
D/dalvikvm(  233): threadid=0: freeing
D/ActivityThread(13944): BIND_APPLICATION handled : 0 / AppBindData{appInfo=ApplicationInfo{417d1fb8 com.android.musicfx}}
D/ActivityThread(13944): BDC-Calling onReceive: intent=Intent { act=android.intent.action.PACKAGE_ADDED dat=package:hcb14.nhom6.behocvan flg=0x10000010 cmp=com.android.musicfx/.Compatibility$Receiver (has extras) }, ordered=true, receiver=com.android.musicfx.Compatibility$Receiver@417da820
D/ActivityThread(13944): BDC-RECEIVER handled : 0 / ReceiverData{intent=Intent { act=android.intent.action.PACKAGE_ADDED dat=package:hcb14.nhom6.behocvan flg=0x10000010 cmp=com.android.musicfx/.Compatibility$Receiver (has extras) } packageName=com.android.musicfx resultCode=0 resultData=null resultExtras=null}
D/ActivityThread(13944): SVC-Creating service: CreateServiceData{token=android.os.BinderProxy@417dc2e8 className=com.android.musicfx.Compatibility$Service packageName=com.android.musicfx intent=null}
D/dalvikvm(  101): threadid=2: exiting
D/dalvikvm(  101): threadid=2: bye!
D/dalvikvm(  101): threadid=0: freeing
D/dalvikvm(  101): threadid=3: exiting
D/dalvikvm(  101): threadid=3: bye!
D/dalvikvm(  101): threadid=0: freeing
D/dalvikvm(  101): threadid=4: exiting
D/dalvikvm(  101): threadid=4: bye!
D/dalvikvm(  101): threadid=0: freeing
D/dalvikvm(13944): threadid=10: interp stack at 0x4c033000
D/dalvikvm(13944): threadid=10: calling run()
D/ActivityThread(13944): SVC-CREATE_SERVICE handled : 0 / CreateServiceData{token=android.os.BinderProxy@417dc2e8 className=com.android.musicfx.Compatibility$Service packageName=com.android.musicfx intent=null}
D/ActivityThread(13944): SVC-Calling onStartCommand: com.android.musicfx.Compatibility$Service@417dd9d0, flags=2, startId=1
D/ActivityThread(13944): SVC-SERVICE_ARGS handled : 0 / ServiceArgsData{token=android.os.BinderProxy@417dc2e8 startId=1 args=Intent { cmp=com.android.musicfx/.Compatibility$Service (has extras) }}
D/dalvikvm(  101): threadid=2: interp stack at 0x49479000
D/dalvikvm(  101): threadid=2: calling run()
D/dalvikvm(  101): threadid=3: interp stack at 0x4c02b000
D/dalvikvm(  101): threadid=3: calling run()
D/dalvikvm(13960): threadid=2: interp stack at 0x40000000
D/dalvikvm(  101): threadid=4: interp stack at 0x49481000
I/ActivityManager(  233): Start proc com.svox.pico for broadcast com.svox.pico/.VoiceDataInstallerReceiver: pid=13960 uid=10050 gids={1015}
D/dalvikvm(  101): threadid=4: calling run()
D/dalvikvm(13960): threadid=3: interp stack at 0x40008000
D/dalvikvm(13960): threadid=4: interp stack at 0x49479000
D/dalvikvm(13960): threadid=5: interp stack at 0x49481000
D/dalvikvm(13929): threadid=10: exiting
D/dalvikvm(13929): threadid=10: bye!
D/dalvikvm(13929): threadid=0: freeing
V/MediaProvider(13929): readPreferences<<<internal=USAeng,external=USAeng
V/MediaProvider(13929): attachVolume>>>volume=internal
V/MediaProvider(13929): updateKeyIfNeed>>>volume=internal
V/MediaProvider(13929): updateKeyIfNeed: volume=internal,oldLocale=USAeng,newLocale=USAeng
V/MediaProvider(13929): updateKeyIfNeed<<<volume=internal
V/MediaProvider(13929): attachVolume<<<volume=internal
V/MediaProvider(13929): attachVolume>>>volume=external
D/dalvikvm(13960): threadid=6: interp stack at 0x49489000
D/dalvikvm(13960): threadid=5: calling run()
D/dalvikvm(13960): threadid=6: calling run()
V/MediaProvider(13929): /mnt/sdcard volume ID: 14892
D/dalvikvm(13960): threadid=7: interp stack at 0x49491000
D/dalvikvm(13960): threadid=7: calling run()
D/dalvikvm(13944): threadid=11: interp stack at 0x4c03b000
D/dalvikvm(13944): threadid=11: calling run()
D/dalvikvm(13960): threadid=8: interp stack at 0x49499000
V/ActivityManager(  233): Binding process pid 13960 to record ProcessRecord{423e2cc8 13960:com.svox.pico/10050}
V/ActivityManager(  233): New death recipient com.android.server.am.ActivityManagerService$AppDeathRecipient@4205f770 for thread android.os.BinderProxy@41f1fbd0
D/dalvikvm(13960): threadid=9: interp stack at 0x494a1000
V/ActivityManager(  233): New app record ProcessRecord{423e2cc8 13960:com.svox.pico/10050} thread=android.os.BinderProxy@41f1fbd0 pid=13960
D/ActivityThread(13913): SVC-Destroying service: com.google.android.apps.plus.service.PackagesMediaMonitor$AsyncService@419aa750
D/dalvikvm(13913): threadid=13: exiting
D/dalvikvm(13913): threadid=13: bye!
D/dalvikvm(13913): threadid=0: freeing
D/PicasaSync(13913): sync account database
D/ActivityThread(13913): SVC-STOP_SERVICE handled : 0 / android.os.BinderProxy@419a89e8
D/dalvikvm(13944): threadid=11: exiting
D/dalvikvm(13944): threadid=11: bye!
D/dalvikvm(13944): threadid=0: freeing
D/ActivityThread(13944): SVC-Destroying service: com.android.musicfx.Compatibility$Service@417dd9d0
D/dalvikvm(13944): threadid=10: exiting
D/ActivityThread(13944): SVC-STOP_SERVICE handled : 0 / android.os.BinderProxy@417dc2e8
D/dalvikvm(13944): threadid=10: bye!
D/dalvikvm(13944): threadid=0: freeing
D/dalvikvm(13929): threadid=10: interp stack at 0x4c03a000
D/dalvikvm(13929): threadid=10: calling run()
V/MediaProvider(13929): updateKeyIfNeed>>>volume=external
V/MediaProvider(13929): DeleteAlbumArtThread>>>
V/MediaProvider(13929): updateKeyIfNeed: volume=external,oldLocale=USAeng,newLocale=USAeng
V/MediaProvider(13929): updateKeyIfNeed<<<volume=external
V/MediaProvider(13929): attachVolume<<<volume=external
D/dalvikvm(13929): threadid=11: interp stack at 0x4c1c7000
D/dalvikvm(13929): threadid=11: calling run()
D/dalvikvm(13929): threadid=12: interp stack at 0x4c203000
D/dalvikvm(13929): threadid=12: calling run()
V/MediaProvider(13929): onCreate<<<
D/ActivityThread(13929): BIND_APPLICATION handled : 0 / AppBindData{appInfo=ApplicationInfo{417d0cc0 com.android.providers.media}}
D/ActivityThread(13929): SVC-Creating service: CreateServiceData{token=android.os.BinderProxy@417e2dd0 className=com.android.providers.downloads.DownloadService packageName=com.android.providers.downloads intent=null}
V/MediaProvider/DrmHelper(13929): permitAccessDrm(13929) can not get result!
V/MediaProvider/DrmHelper(13929): setPermitedProcessNames() add [0]=com.android.music
V/MediaProvider/DrmHelper(13929): setPermitedProcessNames() add [1]=com.android.gallery
V/MediaProvider/DrmHelper(13929): setPermitedProcessNames() add [2]=com.android.gallery:CropImage
V/MediaProvider/DrmHelper(13929): setPermitedProcessNames() add [3]=com.cooliris.media
V/MediaProvider/DrmHelper(13929): setPermitedProcessNames() add [4]=android.process.media
V/MediaProvider/DrmHelper(13929): setPermitedProcessNames() add [5]=com.mediatek.videoplayer
V/MediaProvider/DrmHelper(13929): setPermitedProcessNames() add [6]=com.mediatek.videoplayer2
V/MediaProvider/DrmHelper(13929): setPermitedProcessNames() add [7]=com.android.settings
V/MediaProvider/DrmHelper(13929): setPermitedProcessNames() add [8]=com.android.gallery3d
V/MediaProvider/DrmHelper(13929): setPermitedProcessNames() add [9]=com.android.gallery3d:crop
V/MediaProvider/DrmHelper(13929): setPermitedProcessNames() add [10]=com.android.deskclock
I/SurfaceFlinger(  100): [SurfaceFlinger] frames:15, duration:1.128000, fps:13.288676
V/MediaProvider/DrmHelper(13929): pid=13960, name=com.svox.pico, allow=false
V/MediaProvider/DrmHelper(13929): pid=375, name=com.google.process.gapps, allow=false
V/MediaProvider/DrmHelper(13929): pid=13913, name=com.google.android.apps.plus, allow=false
V/MediaProvider/DrmHelper(13929): pid=13929, name=android.process.media, allow=true
V/MediaProvider/DrmHelper(13929): pid=13944, name=com.android.musicfx, allow=false
V/MediaProvider/DrmHelper(13929): pid=315, name=com.android.systemui, allow=false
V/MediaProvider/DrmHelper(13929): pid=435, name=com.android.phone, allow=false
V/MediaProvider/DrmHelper(13929): pid=515, name=com.android.inputmethod.latin, allow=false
V/MediaProvider/DrmHelper(13929): pid=233, name=system, allow=false
V/MediaProvider/DrmHelper(13929): pid=12086, name=com.gameloft.android.gdc, allow=false
V/MediaProvider/DrmHelper(13929): pid=13252, name=com.google.android.gms.persistent, allow=false
V/MediaProvider/DrmHelper(13929): pid=11648, name=com.google.android.gms, allow=false
V/MediaProvider/DrmHelper(13929): pid=12049, name=com.devuni.flashlight, allow=false
V/MediaProvider/DrmHelper(13929): pid=32118, name=com.adobe.air, allow=false
D/dalvikvm(13929): threadid=13: interp stack at 0x4c20b000
V/MediaProvider/DrmHelper(13929): pid=13781, name=com.android.contacts, allow=false
V/MediaProvider/DrmHelper(13929): pid=30634, name=com.android.launcher, allow=false
V/MediaProvider/DrmHelper(13929): pid=12194, name=com.facebook.katana, allow=false
V/MediaProvider/DrmHelper(13929): pid=12175, name=com.mediatek.atci.service, allow=false
V/MediaProvider/DrmHelper(13929): pid=11805, name=com.android.ActivityNetwork, allow=false
V/MediaProvider/DrmHelper(13929): pid=11636, name=com.android.DigitalClockWidget, allow=false
V/MediaProvider/DrmHelper(13929): pid=11536, name=com.mediatek.thermalmanager, allow=false
D/ActivityThread(13929): SVC-CREATE_SERVICE handled : 0 / CreateServiceData{token=android.os.BinderProxy@417e2dd0 className=com.android.providers.downloads.DownloadService packageName=com.android.providers.downloads intent=null}
D/ActivityThread(13929): SVC-Calling onStartCommand: com.android.providers.downloads.DownloadService@41813320, flags=2, startId=1
D/ActivityThread(13929): SVC-SERVICE_ARGS handled : 0 / ServiceArgsData{token=android.os.BinderProxy@417e2dd0 startId=1 args=Intent { cmp=com.android.providers.downloads/.DownloadService }}
D/dalvikvm(13929): threadid=13: calling run()
V/MediaProvider/DrmHelper(13929): pid=10301, name=com.android.settings, allow=true
V/MediaProvider/DrmHelper(13929): pid=456, name=com.mediatek.bluetooth, allow=false
V/MediaProvider/DrmHelper(13929): synchronized permitAccessDrm(13929) return true
I/ActivityThread(13960): Pub com.svox.pico.providers.SettingsProvider: com.svox.pico.providers.SettingsProvider
D/ActivityThread(13960): BIND_APPLICATION handled : 0 / AppBindData{appInfo=ApplicationInfo{417d2c38 com.svox.pico}}
D/ActivityThread(13960): BDC-Calling onReceive: intent=Intent { act=android.intent.action.PACKAGE_ADDED dat=package:hcb14.nhom6.behocvan flg=0x10000010 cmp=com.svox.pico/.VoiceDataInstallerReceiver (has extras) }, ordered=true, receiver=com.svox.pico.VoiceDataInstallerReceiver@417da1f0
D/dalvikvm(  101): threadid=2: exiting
D/dalvikvm(  101): threadid=2: bye!
D/dalvikvm(  101): threadid=0: freeing
D/dalvikvm(  101): threadid=3: exiting
D/dalvikvm(  101): threadid=3: bye!
D/dalvikvm(  101): threadid=0: freeing
D/dalvikvm(  101): threadid=4: exiting
D/dalvikvm(  101): threadid=4: bye!
D/dalvikvm(  101): threadid=0: freeing
D/ActivityThread(13960): BDC-RECEIVER handled : 0 / ReceiverData{intent=Intent { act=android.intent.action.PACKAGE_ADDED dat=package:hcb14.nhom6.behocvan flg=0x10000010 cmp=com.svox.pico/.VoiceDataInstallerReceiver (has extras) } packageName=com.svox.pico resultCode=0 resultData=null resultExtras=null}
D/dalvikvm(  101): threadid=2: interp stack at 0x49479000
D/dalvikvm(13977): threadid=2: interp stack at 0x40000000
D/dalvikvm(  101): threadid=3: interp stack at 0x4948d000
D/dalvikvm(  101): threadid=2: calling run()
D/dalvikvm(13977): threadid=3: interp stack at 0x40008000
D/dalvikvm(  101): threadid=3: calling run()
D/dalvikvm(  101): threadid=4: interp stack at 0x49481000
D/dalvikvm(  101): threadid=4: calling run()
I/ActivityManager(  233): Start proc com.android.vending for broadcast com.android.vending/com.google.android.finsky.receivers.PackageMonitorReceiver$RegisteredReceiver: pid=13977 uid=10059 gids={3003, 1015}
D/dalvikvm(13977): threadid=4: interp stack at 0x49479000
D/dalvikvm(13977): threadid=5: interp stack at 0x49481000
D/dalvikvm(13977): threadid=5: calling run()
D/dalvikvm(13977): threadid=6: interp stack at 0x49489000
D/dalvikvm(13977): threadid=7: interp stack at 0x49491000
D/dalvikvm(13977): threadid=6: calling run()
D/dalvikvm(13977): threadid=7: calling run()
D/dalvikvm(13977): threadid=8: interp stack at 0x49499000
V/ActivityManager(  233): Binding process pid 13977 to record ProcessRecord{421d4e10 13977:com.android.vending/10059}
V/ActivityManager(  233): New death recipient com.android.server.am.ActivityManagerService$AppDeathRecipient@42087c10 for thread android.os.BinderProxy@41e149a8
V/ActivityManager(  233): New app record ProcessRecord{421d4e10 13977:com.android.vending/10059} thread=android.os.BinderProxy@41e149a8 pid=13977
D/PicasaSync(13913): accounts in DB=1
D/dalvikvm(13977): threadid=9: interp stack at 0x494a1000
D/ConnectivityService(  233): getActiveNetworkInfo:null
D/PicasaSyncManager(13913): active network: null
D/PicasaSyncManager(13913): background data: true
D/IPCThreadState(13929): [DN #5] BR_CLEAR_DEATH_NOTIFICATION_DONE cookie 0x1e28978
D/PicasaPhotoCP(13913): set fsid first time:14892
D/IPCThreadState(13913): [DN #5] BR_CLEAR_DEATH_NOTIFICATION_DONE cookie 0x1de9e00
D/PicasaSyncManager(13913): reject MetadataSyncTask (*****************) because downsync is disabled
D/dalvikvm(  233): GC_EXPLICIT freed 1880K, 31% free 18805K/27015K, paused 7ms+14ms
D/IPCThreadState(  233): [DN #5] BR_CLEAR_DEATH_NOTIFICATION_DONE cookie 0x21cf118
D/PicasaSyncManager(13913): battery info: true
D/PicasaSyncManager(13913): reject MetadataSyncTask (*****************) because downsync is disabled
D/dalvikvm(13929): threadid=13: exiting
D/dalvikvm(13929): threadid=13: bye!
D/ActivityThread(13929): SVC-Destroying service: com.android.providers.downloads.DownloadService@41813320
D/IPCThreadState(  233): [DN #5] BR_CLEAR_DEATH_NOTIFICATION_DONE cookie 0x1da8288
D/ActivityThread(13929): SVC-STOP_SERVICE handled : 0 / android.os.BinderProxy@417e2dd0
D/dalvikvm(13929): threadid=0: freeing
D/InputReader(  233): AP_PROF:AppLaunch_dispatchPtr:Down:91467669
D/InputManager-JNI(  233): pokeUserActivity : eventType=2
D/PowerManagerService(  233): userActivity mLastEventTime=91465581 time=91467669 mUserActivityAllowed=true mUserState=0x3 mWakeLockState=0x0 mProximitySensorActive=false mProximitySensorEnabed=false timeoutOverride=-1 force=false
D/PowerManagerService(  233): reactivateScreenLocksLocked mProxIgnoredBecauseScreenTurnedOff=false
D/PowerManagerService(  233): setPowerState: mPowerState=0x3 newState=0x3 noChangeLights=false reason=2
D/PowerManagerService(  233): setTimeoutLocked now=91467669 timeoutOverride=-1 nextState=3 when=91473669
D/InputManager-JNI(  233): pokeUserActivity : eventType=2
D/InputManager-JNI(  233): pokeUserActivity : eventType=2
D/InputManager-JNI(  233): pokeUserActivity : eventType=2
D/InputManager-JNI(  233): pokeUserActivity : eventType=2
D/InputManager-JNI(  233): pokeUserActivity : eventType=2
D/InputManager-JNI(  233): pokeUserActivity : eventType=2
D/InputManager-JNI(  233): pokeUserActivity : eventType=2
D/InputManager-JNI(  233): pokeUserActivity : eventType=2
D/InputManager-JNI(  233): pokeUserActivity : eventType=2
D/InputManager-JNI(  233): pokeUserActivity : eventType=2
D/InputManager-JNI(  233): pokeUserActivity : eventType=2
D/InputManager-JNI(  233): pokeUserActivity : eventType=2
D/InputManager-JNI(  233): pokeUserActivity : eventType=2
D/dalvikvm(13913): GC_CONCURRENT freed 1007K, 11% free 10900K/12167K, paused 2ms+3ms
D/InputReader(  233): AP_PROF:AppLaunch_dispatchPtr:Up:91467784
D/InputManager-JNI(  233): pokeUserActivity : eventType=2
D/InputManager-JNI(  233): pokeUserActivity : eventType=2
D/Settings/Provide(  233): lookupValue, table system cache.containsKey sound_effects_enabled
I/Process (13761): Sending signal. PID: 13761 SIG: 9
I/InputDispatcher(  233): channel '41e39b98  (server)' ~ abortBrokenDispatchCycle - notify=false
I/ActivityThread(13977): Pub com.google.android.finsky.RecentSuggestionsProvider: com.google.android.finsky.providers.RecentSuggestionsProvider
D/IPCThreadState(  233): [DN #5] BR_DEAD_BINDER cookie 0x2239628
D/IPCThreadState(  233): [DN #5] BR_DEAD_BINDER cookie 0x2178b58
D/IPCThreadState(  233): [DN #5] BR_DEAD_BINDER cookie 0x21d6fb0
D/IPCThreadState(  233): [DN #5] BR_CLEAR_DEATH_NOTIFICATION_DONE cookie 0x2178b58
D/IPCThreadState(  233): [DN #5] BR_DEAD_BINDER cookie 0x23e0068
D/IPCThreadState(  233): [DN #5] BR_DEAD_BINDER cookie 0x22ccc50
D/IPCThreadState( 3426): [DN #5] BR_DEAD_BINDER cookie 0x75b5a0
V/ActivityManager(  233): Death received in com.android.server.am.ActivityManagerService$AppDeathRecipient@41e00e10 for thread android.os.BinderProxy@4226aa88
I/ActivityManager(  233): Process hcb14.nhom6.behocvan (pid 13761) has died.
V/ActivityManager(  233): Dying app: ProcessRecord{41cca208 13761:hcb14.nhom6.behocvan/10069}, pid: 13761, thread: android.os.BinderProxy@4226aa88
V/ActivityManager(  233): Removing app ProcessRecord{41cca208 0:hcb14.nhom6.behocvan/10069} from list [ActivityRecord{42171f48 com.android.phone/.InCallScreen}, ActivityRecord{41855e70 com.android.settings/.SubSettings}, ActivityRecord{41db6028 com.android.launcher/com.android.launcher2.Launcher}, ActivityRecord{418777b0 hcb14.nhom6.behocvan/.MainFragmentActivity}, ActivityRecord{422eb578 hcb14.nhom6.behocvan/.MainActivity}] with 5 entries
V/ActivityManager(  233): Record #4 ActivityRecord{422eb578 hcb14.nhom6.behocvan/.MainActivity}: app=ProcessRecord{41cca208 0:hcb14.nhom6.behocvan/10069}
V/ActivityManager(  233): Removing this entry!
V/ActivityManager(  233): Record #3 ActivityRecord{418777b0 hcb14.nhom6.behocvan/.MainFragmentActivity}: app=ProcessRecord{41cca208 0:hcb14.nhom6.behocvan/10069}
V/ActivityManager(  233): Removing this entry!
V/ActivityManager(  233): Record #2 ActivityRecord{41db6028 com.android.launcher/com.android.launcher2.Launcher}: app=ProcessRecord{41c92b80 30634:com.android.launcher/10028}
V/ActivityManager(  233): Record #1 ActivityRecord{41855e70 com.android.settings/.SubSettings}: app=ProcessRecord{4216c168 10301:com.android.settings/1000}
V/ActivityManager(  233): Record #0 ActivityRecord{42171f48 com.android.phone/.InCallScreen}: app=ProcessRecord{41d09ef8 435:com.android.phone/1001}
V/ActivityManager(  233): Removing app ProcessRecord{41cca208 0:hcb14.nhom6.behocvan/10069} from list [ActivityRecord{418777b0 hcb14.nhom6.behocvan/.MainFragmentActivity}] with 1 entries
V/ActivityManager(  233): Record #0 ActivityRecord{418777b0 hcb14.nhom6.behocvan/.MainFragmentActivity}: app=ProcessRecord{41cca208 0:hcb14.nhom6.behocvan/10069}
V/ActivityManager(  233): Removing this entry!
V/ActivityManager(  233): Removing app ProcessRecord{41cca208 0:hcb14.nhom6.behocvan/10069} from list [] with 0 entries
V/ActivityManager(  233): Removing app ProcessRecord{41cca208 0:hcb14.nhom6.behocvan/10069} from list [ActivityRecord{418777b0 hcb14.nhom6.behocvan/.MainFragmentActivity}] with 1 entries
V/ActivityManager(  233): Record #0 ActivityRecord{418777b0 hcb14.nhom6.behocvan/.MainFragmentActivity}: app=ProcessRecord{41cca208 0:hcb14.nhom6.behocvan/10069}
V/ActivityManager(  233): Removing this entry!
V/ActivityManager(  233): Removing app ProcessRecord{41cca208 0:hcb14.nhom6.behocvan/10069} from list [] with 0 entries
W/ADB_SERVICES(  119): terminating JDWP 13761 connection: Try again
D/ADB_SERVICES(  119): remove pid 13761 to jdwp process list
D/ADB_SERVICES(  119):  closing because is_eof=1 r=0 s->fde.force_eof=0
W/AudioFlinger( 3426): removeNotificationClient() 0x8f7bf0, pid 13761
W/AudioFlinger( 3426): 13761 died, releasing its sessions
W/AudioFlinger( 3426):  pid 2884 @ 0
W/AudioFlinger( 3426):  pid 3426 @ 1
W/AudioFlinger( 3426):  pid 13761 @ 2
W/AudioFlinger( 3426):  removing entry for pid 13761 session 583
W/AudioFlinger( 3426): purging stale effects,tid=3441
D/IPCThreadState( 3426): [DN #5] BR_CLEAR_DEATH_NOTIFICATION_DONE cookie 0x75b5a0
D/MediaPlayerService( 3426): disconnect(659) from pid 13761
I/AwesomePlayer( 3426): set flag for stopped
D/AudioSink( 3426): stop
D/AudioSink( 3426): close
D/AudioTrack( 3426): ~audioTrack 0x6dbc90
W/AudioPolicyService( 3426): releaseOutput() tid 3439
D/AudioYusuPolicyManager( 3426): releaseOutput() 1
W/AudioFlinger( 3426): remove track (4096) and delete from mixer
W/AudioFlinger( 3426): PlaybackThread::Track destructor
W/AudioFlinger( 3426): removeClient_l() pid 3426, tid 3439, calling tid 3426
W/AudioFlinger( 3426): releasing 583 from 3426,tid=3439
W/AudioFlinger( 3426): session id 583 not found for pid 3426
D/MtkOmxAudioDecBase( 3426): SendCommand cmd=OMX_CommandStateSet
D/MtkOmxAudioDecBase( 3426): set MTK_OMX_IDLE_PENDING
D/MtkOmxAudioDecBase( 3426): # Got general command (OMX_CommandStateSet)
D/MtkOmxAudioDecBase( 3426): Request [OMX_StateExecuting]-> [OMX_StateIdle]
D/MtkOmxAudioDecBase( 3426): [8] - pBuffHead(0x0070A588)
D/MtkOmxAudioDecBase( 3426): [9] - pBuffHead(0x006CD110)
D/MtkOmxAudioDecBase( 3426): [0] - pBuffHead(0x00708718)
D/MtkOmxAudioDecBase( 3426): [1] - pBuffHead(0x00BB6BB8)
D/MtkOmxAudioDecBase( 3426): [2] - pBuffHead(0x006CD220)
D/MtkOmxAudioDecBase( 3426): [3] - pBuffHead(0x007097F0)
D/MtkOmxAudioDecBase( 3426): [4] - pBuffHead(0x0070A778)
D/MtkOmxAudioDecBase( 3426): [5] - pBuffHead(0x006D9320)
D/MtkOmxAudioDecBase( 3426): [6] - pBuffHead(0x007A89D0)
D/MtkOmxAudioDecBase( 3426): FlushInputPort -> mNumPendingInput(0)
D/MtkOmxAudioDecBase( 3426): -FlushInputPort
D/MtkOmxAudioDecBase( 3426): FlushOutputPort -> mNumPendingOutput(0)
D/MtkOmxAudioDecBase( 3426): -FlushOutputPort -> mNumPendingOutput(0)
D/MtkOmxAudioDecBase( 3426): SendCommand cmd=OMX_CommandStateSet
D/MtkOmxAudioDecBase( 3426): set MTK_OMX_LOADED_PENDING
D/MtkOmxAudioDecBase( 3426): # Got general command (OMX_CommandStateSet)
D/MtkOmxAudioDecBase( 3426): Request [OMX_StateIdle]-> [OMX_StateLoaded]
D/MtkOmxAudioDecBase( 3426): wait on mInPortFreeDoneSem(0), mOutPortFreeDoneSem(0)
D/MtkOmxAudioDecBase( 3426): FreeBuffer input (0x006CD110)
D/MtkOmxAudioDecBase( 3426): FreeBuffer input (0x0070A588)
D/MtkOmxAudioDecBase( 3426): FreeBuffer input (0x0075EC98)
D/MtkOmxAudioDecBase( 3426): FreeBuffer input (0x007A89D0)
D/MtkOmxAudioDecBase( 3426): FreeBuffer input (0x006D9320)
D/MtkOmxAudioDecBase( 3426): FreeBuffer input (0x0070A778)
D/MtkOmxAudioDecBase( 3426): FreeBuffer input (0x007097F0)
D/MtkOmxAudioDecBase( 3426): FreeBuffer input (0x006CD220)
D/MtkOmxAudioDecBase( 3426): FreeBuffer input (0x00BB6BB8)
D/MtkOmxAudioDecBase( 3426): FreeBuffer input (0x00708718)
D/MtkOmxAudioDecBase( 3426): FreeBuffer all input buffers have been freed!!! signal mInPortFreeDoneSem(0)
D/MtkOmxAudioDecBase( 3426): FreeBuffer output (0x008F7E28)
D/MtkOmxAudioDecBase( 3426): FreeBuffer output (0x008F7CB8)
D/MtkOmxAudioDecBase( 3426): FreeBuffer output (0x008FA6A8)
D/MtkOmxAudioDecBase( 3426): FreeBuffer output (0x0075AF48)
D/MtkOmxAudioDecBase( 3426): FreeBuffer output (0x006B7FC0)
D/MtkOmxAudioDecBase( 3426): FreeBuffer output (0x00720878)
D/MtkOmxAudioDecBase( 3426): FreeBuffer output (0x007A8E88)
D/MtkOmxAudioDecBase( 3426): FreeBuffer output (0x006CCFE8)
D/MtkOmxAudioDecBase( 3426): FreeBuffer output (0x0070A8B8)
D/MtkOmxAudioDecBase( 3426): FreeBuffer all output buffers have been freed!!! signal mOutPortFreeDoneSem(0)
W/InputDispatcher(  233): channel '41c86d20 hcb14.nhom6.behocvan/hcb14.nhom6.behocvan.MainActivity (server)' ~ Consumer closed input channel or an error occurred.  events=0x8
I/InputDispatcher(  233): channel '41c86d20 hcb14.nhom6.behocvan/hcb14.nhom6.behocvan.MainActivity (server)' ~ abortBrokenDispatchCycle - notify=true
E/InputDispatcher(  233): channel '41c86d20 hcb14.nhom6.behocvan/hcb14.nhom6.behocvan.MainActivity (server)' ~ Channel is unrecoverably broken and will be disposed!
D/InputManager-JNI(  233): notifyInputChannelBroken
D/TableOfContentThread( 3426): stopTOCThread 0x6d9490
D/TableOfContentThread( 3426): stopTOCThread pthread_join
D/TableOfContentThread( 3426): ~TableOfContentThread 0x6d9490!
D/TableOfContentThread( 3426): stopTOCThread 0x6d9490
D/MtkOmxAudioDecBase( 3426): GetState (mState=OMX_StateLoaded)
D/MtkOmxCore( 3426): Mtk_OMX_FreeHandle
D/MtkOmxAudioDecBase( 3426): +ComponentDeInit
D/MtkOmxAudioDecBase( 3426): MtkOmxAudioDecodeThread terminated pOmxAudioDec=0x00762188
D/MtkOmxAudioDecBase( 3426): MtkOmxAudioCommandThread terminated
D/MtkOmxAudioDecBase( 3426): -ComponentDeInit
D/MtkOmxAudioDecBase( 3426): ~MtkOmxAudioDecBase this= 0x00762188
D/MtkOmxCore( 3426): free_inst_handle dlclose(0xB00131D8), free(0x0076218C)
D/OMXCodec( 3426): !@@!>> destroy tid (3439) 
I/AwesomePlayer( 3426): set flag for stopped
I/AwesomePlayer( 3426): set flag for stopped
D/AudioSink( 3426): close
D/MediaPlayerService( 3426): [659]~Client, release_wake_lock
V/WindowManager(  233): Changing focus from Window{41e39b98  paused=false} to null
D/IPCThreadState(  233): [DN #5] BR_CLEAR_DEATH_NOTIFICATION_DONE cookie 0x2239628
I/WindowManager(  233): WIN DEATH: Window{41c86d20 hcb14.nhom6.behocvan/hcb14.nhom6.behocvan.MainActivity paused=false}
W/InputDispatcher(  233): Attempted to unregister already unregistered input channel '41c86d20 hcb14.nhom6.behocvan/hcb14.nhom6.behocvan.MainActivity (server)'
D/IPCThreadState(  233): [DN #5] BR_CLEAR_DEATH_NOTIFICATION_DONE cookie 0x21d6fb0
I/WindowManager(  233): WIN DEATH: Window{42198e88 hcb14.nhom6.behocvan/hcb14.nhom6.behocvan.MainFragmentActivity paused=false}
I/InputDispatcher(  233): channel '42198e88 hcb14.nhom6.behocvan/hcb14.nhom6.behocvan.MainFragmentActivity (server)' ~ abortBrokenDispatchCycle - notify=false
D/IPCThreadState(  233): [DN #5] BR_CLEAR_DEATH_NOTIFICATION_DONE cookie 0x23e0068
I/WindowManager(  233): WINDOW DIED Window{41c86d20 hcb14.nhom6.behocvan/hcb14.nhom6.behocvan.MainActivity paused=false}
I/WindowManager(  233): Losing focus: Window{41e39b98  paused=false}
E/InputDispatcher(  233): Received spurious receive callback for unknown input channel.  fd=311, events=0x8
W/ActivityManager(  233): Force removing ActivityRecord{422eb578 hcb14.nhom6.behocvan/.MainActivity}: app died, no saved state
D/NetworkPolicy(  233): onRecv: MSG_FOREGROUND_ACTIVITIES_CHANGED pid:uid:act=30634:10028:true
D/PowerManagerService(  233): setKeyboardVisibility: false
D/Launcher(30634): Launcher, (Launcher)onStart.
D/Launcher(30634): Launcher, (Launcher)onResume: mRestoring = false,mOnResumeNeedsLoad = false
D/Launcher(30634): Launcher.AppsCustomizeTabHost, onResume: visibility = 0
D/Launcher(30634): Launcher.AppsCustomizeTabHost, AppsCustomizeTabHost.onResume mAppsCustomizePane.mOverScrollX = 0, mAppsCustomizePane.mScroller.getCurrX() = 0
D/ActivityThread(30634): ACT-AM_ON_RESUME_CALLED ActivityRecord{417d3780 token=android.os.BinderProxy@417d2f78 {com.android.launcher/com.android.launcher2.Launcher}}
D/ActivityThread(30634): ACT-RESUME_ACTIVITY handled : 1 / android.os.BinderProxy@417d2f78
D/IPCThreadState(  233): [DN #5] BR_CLEAR_DEATH_NOTIFICATION_DONE cookie 0x22ccc50
V/WindowManager(  233): Changing focus from null to Window{422e2580 com.android.launcher/com.android.launcher2.Launcher paused=false}
D/IPCThreadState(  233): [DN #5] BR_CLEAR_DEATH_NOTIFICATION_DONE cookie 0x1eb2d88
V/MediaProvider(13929): DeleteAlbumArtThread<<<
D/dalvikvm(13929): threadid=10: exiting
D/dalvikvm(13929): threadid=10: bye!
D/dalvikvm(13929): threadid=0: freeing
I/WindowManager(  233): Gaining focus: Window{422e2580 com.android.launcher/com.android.launcher2.Launcher paused=false}
I/SurfaceTexture(  100): [(0x156f6e0)] disconnect: api=2
D/IPCThreadState(  375): [DN #5] BR_CLEAR_DEATH_NOTIFICATION_DONE cookie 0x1d68830
D/dalvikvm(13977): threadid=10: interp stack at 0x4c02b000
D/dalvikvm(13977): threadid=10: calling run()
D/dalvikvm(13913): GC_CONCURRENT freed 1152K, 11% free 11754K/13063K, paused 2ms+7ms
I/SurfaceTexture(  100): [com.android.launcher/com.android.launcher2.Launcher(0x1571088)] connect: api=1
D/dalvikvm(13977): threadid=11: interp stack at 0x4c033000
D/dalvikvm(13977): threadid=11: calling run()
W/InputManagerService(  233): Got RemoteException sending setActive(false) notification to pid 13761 uid 10069
D/dalvikvm(13977): threadid=11: exiting
D/dalvikvm(13977): threadid=11: bye!
D/dalvikvm(13977): threadid=0: freeing
E/dalvikvm(13977): Could not find class 'android.app.AppOpsManager', referenced from method com.google.android.gms.common.GooglePlayServicesUtil.zza
W/dalvikvm(13977): VFY: unable to resolve check-cast 35 (Landroid/app/AppOpsManager;) in Lcom/google/android/gms/common/GooglePlayServicesUtil;
D/dalvikvm(13977): VFY: replacing opcode 0x1f at 0x0010
I/dalvikvm(13977): Could not find method android.content.pm.PackageManager.getPackageInstaller, referenced from method com.google.android.gms.common.GooglePlayServicesUtil.zzi
W/dalvikvm(13977): VFY: unable to resolve virtual method 615: Landroid/content/pm/PackageManager;.getPackageInstaller ()Landroid/content/pm/PackageInstaller;
D/dalvikvm(13977): VFY: replacing opcode 0x6e at 0x000e
E/dalvikvm(13977): Could not find class 'android.os.UserManager', referenced from method com.google.android.gms.common.GooglePlayServicesUtil.zzi
W/dalvikvm(13977): VFY: unable to resolve check-cast 287 (Landroid/os/UserManager;) in Lcom/google/android/gms/common/GooglePlayServicesUtil;
D/dalvikvm(13977): VFY: replacing opcode 0x1f at 0x0040
D/dalvikvm(13977): threadid=11: interp stack at 0x4c033000
D/dalvikvm(13977): threadid=11: calling run()
V/Provider/Setting(13977): invalidate [secure]: current 19 != cached 0
D/Settings/Provide(  233): lookupValue, table secure cache.containsKey android_id
D/dalvikvm(13977): threadid=12: interp stack at 0x4c03b000
D/dalvikvm(13977): threadid=12: calling run()
D/IPCThreadState(  375): [DN #5] BR_CLEAR_DEATH_NOTIFICATION_DONE cookie 0x1eba2f8
D/Finsky  (13977): [1] FinskyApp.onCreate: Initializing network with DFE https://android.clients.google.com/fdfe/
D/dalvikvm(13977): threadid=13: interp stack at 0x4c1bc000
D/dalvikvm(13977): threadid=13: calling run()
D/dalvikvm(13977): threadid=14: interp stack at 0x4c1c4000
D/dalvikvm(13977): threadid=14: calling run()
D/dalvikvm(13977): threadid=15: interp stack at 0x4c21e000
D/dalvikvm(13977): threadid=15: calling run()
D/dalvikvm(13977): threadid=16: interp stack at 0x4c226000
D/dalvikvm(13977): threadid=16: calling run()
D/TelephonyManager(13977): getDefaultSim is sim1
D/dalvikvm(13977): threadid=17: interp stack at 0x4c22e000
D/dalvikvm(13977): threadid=17: calling run()
D/dalvikvm(13977): threadid=17: exiting
D/dalvikvm(13977): threadid=17: bye!
D/dalvikvm(13977): threadid=0: freeing
I/SurfaceFlinger(  100): [SurfaceFlinger] frames:29, duration:1.381000, fps:20.988169
V/ActivityManager(  233): Activity idle: Token{41db6160 ActivityRecord{41db6028 com.android.launcher/com.android.launcher2.Launcher}}
D/PowerManagerService(  233): releaseWakeLock flags=0x1 tag=ActivityManager-Launch total_time=2729ms
D/dalvikvm(13977): GC_CONCURRENT freed 745K, 8% free 10323K/11207K, paused 2ms+4ms
I/dalvikvm(13977): Could not find method android.content.pm.ApplicationInfo.loadUnbadgedIcon, referenced from method com.google.android.finsky.utils.NotificationManager.showSuccessfulInstallMessage
W/dalvikvm(13977): VFY: unable to resolve virtual method 548: Landroid/content/pm/ApplicationInfo;.loadUnbadgedIcon (Landroid/content/pm/PackageManager;)Landroid/graphics/drawable/Drawable;
D/dalvikvm(13977): VFY: replacing opcode 0x6e at 0x01d3
D/dalvikvm(13977): threadid=17: interp stack at 0x4c22e000
D/dalvikvm(13977): threadid=17: calling run()
D/dalvikvm(13977): threadid=18: interp stack at 0x4c236000
D/dalvikvm(13977): threadid=18: calling run()
I/dalvikvm(13977): Could not find method android.content.pm.PackageManager.getLeanbackLaunchIntentForPackage, referenced from method com.google.android.finsky.appstate.PackageManagerRepository.canLaunch
W/dalvikvm(13977): VFY: unable to resolve virtual method 611: Landroid/content/pm/PackageManager;.getLeanbackLaunchIntentForPackage (Ljava/lang/String;)Landroid/content/Intent;
D/dalvikvm(13977): VFY: replacing opcode 0x6e at 0x000a
D/dalvikvm(13977): threadid=19: interp stack at 0x4c23e000
D/dalvikvm(13977): threadid=19: calling run()
D/dalvikvm(13977): threadid=20: interp stack at 0x4cade000
D/dalvikvm(13977): threadid=21: interp stack at 0x4cae6000
D/dalvikvm(13977): threadid=20: calling run()
D/dalvikvm(13977): threadid=21: calling run()
D/dalvikvm(13977): threadid=22: interp stack at 0x4caee000
D/dalvikvm(13977): threadid=22: calling run()
D/dalvikvm(13977): threadid=23: interp stack at 0x4caf6000
D/dalvikvm(13977): threadid=23: calling run()
D/dalvikvm(13977): threadid=24: interp stack at 0x4cafe000
D/dalvikvm(13977): threadid=24: calling run()
D/TelephonyManager(13977): getDefaultSim is sim1
D/dalvikvm(13977): threadid=25: interp stack at 0x4cb06000
D/dalvikvm(13977): threadid=25: calling run()
D/dalvikvm(13977): threadid=26: interp stack at 0x4cb0e000
D/dalvikvm(13977): threadid=26: calling run()
I/dalvikvm(13977): Could not find method android.provider.Settings$Global.getInt, referenced from method com.google.android.finsky.services.DailyHygiene.isProvisioned
W/dalvikvm(13977): VFY: unable to resolve static method 1480: Landroid/provider/Settings$Global;.getInt (Landroid/content/ContentResolver;Ljava/lang/String;I)I
D/dalvikvm(13977): VFY: replacing opcode 0x71 at 0x0011
D/Finsky  (13977): [1] DailyHygiene.goMakeHygieneIfDirty: No need to run daily hygiene.
I/dalvikvm(13977): Could not find method android.app.admin.DevicePolicyManager.isDeviceOwnerApp, referenced from method com.google.android.finsky.utils.DeviceManagementHelper.updateCachedValues
W/dalvikvm(13977): VFY: unable to resolve virtual method 338: Landroid/app/admin/DevicePolicyManager;.isDeviceOwnerApp (Ljava/lang/String;)Z
D/dalvikvm(13977): VFY: replacing opcode 0x6e at 0x0027
I/dalvikvm(13977): Could not find method android.provider.Settings$Global.getInt, referenced from method com.google.android.finsky.utils.DeviceManagementHelper.updateCachedValues
W/dalvikvm(13977): VFY: unable to resolve static method 1480: Landroid/provider/Settings$Global;.getInt (Landroid/content/ContentResolver;Ljava/lang/String;I)I
D/dalvikvm(13977): VFY: replacing opcode 0x71 at 0x004d
D/dalvikvm(13977): threadid=27: interp stack at 0x4cb16000
D/dalvikvm(13977): threadid=27: calling run()
I/dalvikvm(13977): Could not find method android.os.StatFs.getAvailableBytes, referenced from method com.google.android.finsky.installer.InstallPolicies.isFreeSpaceSufficient
W/dalvikvm(13977): VFY: unable to resolve virtual method 1433: Landroid/os/StatFs;.getAvailableBytes ()J
D/dalvikvm(13977): VFY: replacing opcode 0x6e at 0x000f
I/dalvikvm(13977): Could not find method android.provider.Settings$Global.getInt, referenced from method com.google.android.finsky.installer.InstallPolicies.isFreeSpaceSufficient
W/dalvikvm(13977): VFY: unable to resolve static method 1480: Landroid/provider/Settings$Global;.getInt (Landroid/content/ContentResolver;Ljava/lang/String;I)I
D/dalvikvm(13977): VFY: replacing opcode 0x71 at 0x0064
D/Settings/Provide(  233): lookupValue, table secure cache.containsKey download_manager_max_bytes_over_mobile
D/Settings/Provide(  233): lookupValue, table secure cache.fullyMatchesDisk() download_manager_max_bytes_over_mobile
D/Settings/Provide(  233): lookupValue, table secure cache.containsKey download_manager_recommended_max_bytes_over_mobile
D/Settings/Provide(  233): lookupValue, table secure cache.fullyMatchesDisk() download_manager_recommended_max_bytes_over_mobile
D/dalvikvm(13977): threadid=28: interp stack at 0x4cb1e000
D/dalvikvm(13977): threadid=28: calling run()
I/dalvikvm(13977): Could not find method com.google.android.finsky.layout.DocImageView.setTransitionName, referenced from method com.google.android.finsky.utils.PlayCardUtils.bindCard
W/dalvikvm(13977): VFY: unable to resolve virtual method 20807: Lcom/google/android/finsky/layout/DocImageView;.setTransitionName (Ljava/lang/String;)V
D/dalvikvm(13977): VFY: replacing opcode 0x6e at 0x013c
I/dalvikvm(13977): Could not find method com.google.android.finsky.layout.DocImageView.setTransitionName, referenced from method com.google.android.finsky.utils.PlayCardUtils.bindCard
W/dalvikvm(13977): VFY: unable to resolve virtual method 20807: Lcom/google/android/finsky/layout/DocImageView;.setTransitionName (Ljava/lang/String;)V
D/dalvikvm(13977): VFY: replacing opcode 0x6e at 0x037f
I/dalvikvm(13977): Could not find method com.google.android.finsky.layout.DocImageView.setTransitionName, referenced from method com.google.android.finsky.utils.PlayCardUtils.bindCard
W/dalvikvm(13977): VFY: unable to resolve virtual method 20807: Lcom/google/android/finsky/layout/DocImageView;.setTransitionName (Ljava/lang/String;)V
D/dalvikvm(13977): VFY: replacing opcode 0x6e at 0x0385
D/dalvikvm(13913): GC_CONCURRENT freed 783K, 7% free 12879K/13767K, paused 6ms+2ms
I/dalvikvm(13977): Could not find method android.view.View.getTransitionName, referenced from method com.google.android.finsky.navigationmanager.NavigationManager.showPage
W/dalvikvm(13977): VFY: unable to resolve virtual method 9030: Landroid/view/View;.getTransitionName ()Ljava/lang/String;
D/dalvikvm(13977): VFY: replacing opcode 0x6e at 0x0019
D/TelephonyManager(13977): getDefaultSim is sim1
D/IPCThreadState(  375): [DN #5] BR_CLEAR_DEATH_NOTIFICATION_DONE cookie 0x2156660
D/IPCThreadState(  233): [DN #5] BR_CLEAR_DEATH_NOTIFICATION_DONE cookie 0x1f1f270
D/IPCThreadState(  375): [DN #5] BR_CLEAR_DEATH_NOTIFICATION_DONE cookie 0x213a828
D/IPCThreadState(  233): [DN #5] BR_CLEAR_DEATH_NOTIFICATION_DONE cookie 0x23b1a90
I/dalvikvm(13977): Could not find method android.content.res.Configuration.setLayoutDirection, referenced from method com.google.android.play.utils.PlayUtils.forceLayoutDirectionToLtr
W/dalvikvm(13977): VFY: unable to resolve virtual method 649: Landroid/content/res/Configuration;.setLayoutDirection (Ljava/util/Locale;)V
D/dalvikvm(13977): VFY: replacing opcode 0x6e at 0x0010
I/dalvikvm(13977): Could not find method android.content.res.Configuration.getLayoutDirection, referenced from method com.google.android.play.utils.PlayUtils.useLtr
W/dalvikvm(13977): VFY: unable to resolve virtual method 647: Landroid/content/res/Configuration;.getLayoutDirection ()I
D/dalvikvm(13977): VFY: replacing opcode 0x6e at 0x0010
I/dalvikvm(13977): Could not find method android.content.pm.PackageManager.extendVerificationTimeout, referenced from method com.google.android.vending.verifier.PackageVerificationService.access$700
W/dalvikvm(13977): VFY: unable to resolve virtual method 599: Landroid/content/pm/PackageManager;.extendVerificationTimeout (IIJ)V
D/dalvikvm(13977): VFY: replacing opcode 0x6e at 0x0010
D/dalvikvm(13977): threadid=29: interp stack at 0x4cb26000
D/dalvikvm(13977): threadid=29: calling run()
D/dalvikvm(13977): threadid=29: exiting
D/dalvikvm(13977): threadid=29: bye!
D/dalvikvm(13977): threadid=0: freeing
D/ActivityThread(13977): BIND_APPLICATION handled : 0 / AppBindData{appInfo=ApplicationInfo{417d38d0 com.android.vending}}
D/ActivityThread(13977): BDC-Calling onReceive: intent=Intent { act=android.intent.action.PACKAGE_ADDED dat=package:hcb14.nhom6.behocvan flg=0x10000010 cmp=com.android.vending/com.google.android.finsky.receivers.PackageMonitorReceiver$RegisteredReceiver (has extras) }, ordered=true, receiver=com.google.android.finsky.receivers.PackageMonitorReceiver$RegisteredReceiver@419867c0
V/AlarmManager(  233): set: Alarm{41dde8e8 type 0 com.android.vending}
V/AlarmManager(  233): Adding alarm Alarm{41dde8e8 type 0 com.android.vending} at 0
V/AlarmManager(  233): alarms: 10 type: 0
V/AlarmManager(  233): 0: Nov 30 03:30:14 am com.android.vending
V/AlarmManager(  233): 1: Nov 30 04:55:46 am com.socialnmobile.dictapps.notepad.color.note
V/AlarmManager(  233): 2: Nov 30 05:54:15 am com.android.providers.calendar
V/AlarmManager(  233): 3: Nov 30 07:00:00 am com.android.deskclock
V/AlarmManager(  233): 4: Nov 30 09:05:17 pm com.android.vending
V/AlarmManager(  233): 5: Dec 01 12:00:30 am com.socialnmobile.dictapps.notepad.color.note
V/AlarmManager(  233): 6: Dec 01 12:00:30 am com.socialnmobile.dictapps.notepad.color.note
V/AlarmManager(  233): 7: Dec 01 10:50:35 am com.google.android.gms
V/AlarmManager(  233): 8: Dec 07 01:11:15 am com.facebook.orca
V/AlarmManager(  233): 9: Dec 15 05:06:00 pm com.adobe.air
V/AlarmManager(  233): Native set alarm :Alarm{41dde8e8 type 0 com.android.vending}
D/ActivityThread(13977): BDC-RECEIVER handled : 0 / ReceiverData{intent=Intent { act=android.intent.action.PACKAGE_ADDED dat=package:hcb14.nhom6.behocvan flg=0x10000010 cmp=com.android.vending/com.google.android.finsky.receivers.PackageMonitorReceiver$RegisteredReceiver (has extras) } packageName=com.android.vending resultCode=0 resultData=null resultExtras=null}
D/dalvikvm(13977): threadid=29: interp stack at 0x4cb26000
D/dalvikvm(13977): threadid=29: calling run()
D/IPCThreadState(13977): [DN #5] BR_CLEAR_DEATH_NOTIFICATION_DONE cookie 0x1df4d18
D/IPCThreadState(13977): [DN #5] BR_CLEAR_DEATH_NOTIFICATION_DONE cookie 0x1e37570
D/ActivityThread(13977): SVC-Creating service: CreateServiceData{token=android.os.BinderProxy@419905a0 className=com.google.android.finsky.utils.ExternalReferrer$ExternalReferrerService packageName=com.android.vending intent=null}
D/ActivityThread(13977): SVC-CREATE_SERVICE handled : 0 / CreateServiceData{token=android.os.BinderProxy@419905a0 className=com.google.android.finsky.utils.ExternalReferrer$ExternalReferrerService packageName=com.android.vending intent=null}
D/ActivityThread(13977): SVC-Calling onStartCommand: com.google.android.finsky.utils.ExternalReferrer$ExternalReferrerService@4189df10, flags=2, startId=1
D/ActivityThread(32118): BDC-Calling onReceive: intent=Intent { act=android.intent.action.PACKAGE_ADDED dat=package:hcb14.nhom6.behocvan flg=0x10000010 cmp=com.adobe.air/com.adobe.mobile_playpanel.services.BootCompletedReceiver (has extras) }, ordered=true, receiver=com.adobe.mobile_playpanel.services.BootCompletedReceiver@417d94a0
V/AlarmManager(  233): set: Alarm{419392e8 type 1 com.adobe.air}
V/AlarmManager(  233): Adding alarm Alarm{419392e8 type 1 com.adobe.air} at 0
V/AlarmManager(  233): alarms: 8 type: 1
V/AlarmManager(  233): 0: Nov 30 03:29:59 am com.adobe.air
V/AlarmManager(  233): 1: Nov 30 06:41:15 am com.facebook.katana
V/AlarmManager(  233): 2: Nov 30 12:00:00 pm android
V/AlarmManager(  233): 3: Dec 01 12:00:00 am com.android.calendar
V/AlarmManager(  233): 4: Dec 01 03:20:43 am com.facebook.katana
D/Ads     (13977): Skipping gmscore version check
V/AlarmManager(  233): 5: Dec 01 03:23:47 am com.facebook.orca
V/AlarmManager(  233): 6: Dec 01 03:23:50 am com.facebook.orca
V/AlarmManager(  233): 7: Jan 28 10:12:57 pm com.facebook.katana
V/AlarmManager(  233): Native set alarm :Alarm{419392e8 type 1 com.adobe.air}
V/AlarmManager(  233): Checking for alarms... rtc=1448828999635, elapsed=387224279
V/AlarmManager(  233): Checking active alarm when=1448828999629 Alarm{419392e8 type 1 com.adobe.air}
V/AlarmManager(  233): Alarm triggering: Alarm{419392e8 type 1 com.adobe.air}
V/AlarmManager(  233): Checking active alarm when=1448840475357 Alarm{41e88b30 type 1 com.facebook.katana}
V/AlarmManager(  233): Native set alarm :Alarm{41e88b30 type 1 com.facebook.katana}
I/AlarmManager(  233): reset poweroff alarm none
V/AlarmManager(  233): sending alarm Alarm{419392e8 type 1 com.adobe.air}
V/AlarmManager(  233): Interval 60000 not a quantum multiple
V/ActivityManager(  233): Broadcast: Intent { flg=0x14 cmp=com.adobe.air/com.adobe.mobile_playpanel.services.StartPlayedFromBrowserReceiver (has extras) } ordered=true
V/AlarmManager(  233): set: Alarm{419071a8 type 1 com.adobe.air}
V/AlarmManager(  233): Adding alarm Alarm{419071a8 type 1 com.adobe.air} at 0
V/AlarmManager(  233): alarms: 8 type: 1
V/AlarmManager(  233): 0: Nov 30 03:30:59 am com.adobe.air
V/AlarmManager(  233): 1: Nov 30 06:41:15 am com.facebook.katana
V/AlarmManager(  233): 2: Nov 30 12:00:00 pm android
V/AlarmManager(  233): 3: Dec 01 12:00:00 am com.android.calendar
V/AlarmManager(  233): 4: Dec 01 03:20:43 am com.facebook.katana
V/AlarmManager(  233): 5: Dec 01 03:23:47 am com.facebook.orca
V/AlarmManager(  233): 6: Dec 01 03:23:50 am com.facebook.orca
V/AlarmManager(  233): 7: Jan 28 10:12:57 pm com.facebook.katana
V/AlarmManager(  233): Native set alarm :Alarm{419071a8 type 1 com.adobe.air}
D/ActivityThread(32118): BDC-RECEIVER handled : 0 / ReceiverData{intent=Intent { act=android.intent.action.PACKAGE_ADDED dat=package:hcb14.nhom6.behocvan flg=0x10000010 cmp=com.adobe.air/com.adobe.mobile_playpanel.services.BootCompletedReceiver (has extras) } packageName=com.adobe.air resultCode=0 resultData=null resultExtras=null}
D/Settings/Provide(  233): lookupValue, table system cache.containsKey com.google.android.picasasync.instant_share_eventid
D/Settings/Provide(  233): lookupValue, table system cache.fullyMatchesDisk() com.google.android.picasasync.instant_share_eventid
D/ActivityThread(  375): BDC-Calling onReceive: intent=Intent { act=android.intent.action.PACKAGE_ADDED dat=package:hcb14.nhom6.behocvan flg=0x10000010 cmp=com.google.android.gms/.app.receiver.SystemBroadcastReceiver (has extras) }, ordered=true, receiver=com.google.android.gms.app.receiver.SystemBroadcastReceiver@417e5af0
D/ActivityThread(  375): BDC-RECEIVER handled : 0 / ReceiverData{intent=Intent { act=android.intent.action.PACKAGE_ADDED dat=package:hcb14.nhom6.behocvan flg=0x10000010 cmp=com.google.android.gms/.app.receiver.SystemBroadcastReceiver (has extras) } packageName=com.google.android.gms resultCode=0 resultData=null resultExtras=null}
D/ActivityThread(11648): SVC-Creating service: CreateServiceData{token=android.os.BinderProxy@4190b628 className=com.google.android.gms.app.service.PackageBroadcastService packageName=com.google.android.gms intent=null}
D/dalvikvm(11648): threadid=11: interp stack at 0x40e6b000
D/dalvikvm(11648): threadid=11: calling run()
D/ActivityThread(11648): SVC-CREATE_SERVICE handled : 0 / CreateServiceData{token=android.os.BinderProxy@4190b628 className=com.google.android.gms.app.service.PackageBroadcastService packageName=com.google.android.gms intent=null}
D/ActivityThread(11648): SVC-Calling onStartCommand: com.google.android.gms.app.service.PackageBroadcastService@41964d70, flags=2, startId=1
D/ActivityThread(11648): SVC-SERVICE_ARGS handled : 0 / ServiceArgsData{token=android.os.BinderProxy@4190b628 startId=1 args=Intent { cmp=com.google.android.gms/.app.service.PackageBroadcastService (has extras) }}
D/PackageBroadcastService(11648): Received broadcast action=android.intent.action.PACKAGE_ADDED and uri=hcb14.nhom6.behocvan
D/ActivityThread(11648): BDC-Calling onReceive: intent=Intent { act=android.intent.action.PACKAGE_ADDED dat=package:hcb14.nhom6.behocvan flg=0x10000010 cmp=com.google.android.gms/.games.chimera.GamesSystemBroadcastReceiverProxy (has extras) }, ordered=true, receiver=com.google.android.gms.games.chimera.GamesSystemBroadcastReceiverProxy@418361d0
D/ActivityThread(13929): SVC-Creating service: CreateServiceData{token=android.os.BinderProxy@41837d40 className=com.android.providers.media.MediaScannerService packageName=com.android.providers.media intent=null}
D/dalvikvm(13929): threadid=10: interp stack at 0x4c03a000
D/dalvikvm(13929): threadid=10: calling run()
