D/ActivityThread(14053): BDC-Calling onReceive: intent=Intent { act=android.search.action.SEARCHABLES_CHANGED flg=0x20000010 cmp=com.android.quicksearchbox/.CorporaUpdateReceiver }, ordered=true, receiver=com.android.quicksearchbox.CorporaUpdateReceiver@417f5208
D/dalvikvm(14053): threadid=11: interp stack at 0x4c1c4000
D/dalvikvm(14053): threadid=11: calling run()
D/dalvikvm(14053): threadid=11: exiting
D/dalvikvm(14053): threadid=11: bye!
D/dalvikvm(14053): threadid=0: freeing
D/ActivityThread(11648): SVC-Destroying service: com.google.android.gms.gass.chimera.AsyncTaskService@418a8a18
D/dalvikvm(11648): threadid=21: exiting
D/ActivityThread(11648): SVC-STOP_SERVICE handled : 0 / android.os.BinderProxy@41903458
D/dalvikvm(11648): threadid=21: bye!
D/dalvikvm(11648): threadid=0: freeing
D/ActivityThread(14053): BDC-RECEIVER handled : 0 / ReceiverData{intent=Intent { act=android.search.action.SEARCHABLES_CHANGED flg=0x20000010 cmp=com.android.quicksearchbox/.CorporaUpdateReceiver } packageName=com.android.quicksearchbox resultCode=-1 resultData=null resultExtras=null}
D/ActivityThread(32118): BDC-Calling onReceive: intent=Intent { flg=0x14 cmp=com.adobe.air/com.adobe.mobile_playpanel.services.StartPlayedFromBrowserReceiver (has extras) }, ordered=true, receiver=com.adobe.mobile_playpanel.services.StartPlayedFromBrowserReceiver@41804450
D/ActivityThread(32118): BDC-RECEIVER handled : 0 / ReceiverData{intent=Intent { flg=0x14 cmp=com.adobe.air/com.adobe.mobile_playpanel.services.StartPlayedFromBrowserReceiver (has extras) } packageName=com.adobe.air resultCode=0 resultData=null resultExtras=null}
D/ActivityThread(32118): SVC-Calling onStartCommand: com.adobe.mobile_playpanel.services.GamesPlayedService@4185ecd8, flags=2, startId=3137
D/ActivityThread(32118): SVC-SERVICE_ARGS handled : 0 / ServiceArgsData{token=android.os.BinderProxy@417cd560 startId=3137 args=Intent { cmp=com.adobe.air/com.adobe.mobile_playpanel.services.GamesPlayedService (has extras) }}
D/ActivityThread(32118): BDC-Calling onReceive: intent=Intent { flg=0x14 cmp=com.adobe.air/com.adobe.mobile_playpanel.services.StartPlayedFromBrowserReceiver (has extras) }, ordered=true, receiver=com.adobe.mobile_playpanel.services.StartPlayedFromBrowserReceiver@417da218
D/ActivityThread(32118): BDC-RECEIVER handled : 0 / ReceiverData{intent=Intent { flg=0x14 cmp=com.adobe.air/com.adobe.mobile_playpanel.services.StartPlayedFromBrowserReceiver (has extras) } packageName=com.adobe.air resultCode=0 resultData=null resultExtras=null}
D/ActivityThread(32118): SVC-Calling onStartCommand: com.adobe.mobile_playpanel.services.GamesPlayedService@4185ecd8, flags=2, startId=3138
D/ActivityThread(32118): SVC-SERVICE_ARGS handled : 0 / ServiceArgsData{token=android.os.BinderProxy@417cd560 startId=3138 args=Intent { cmp=com.adobe.air/com.adobe.mobile_playpanel.services.GamesPlayedService (has extras) }}
D/ActivityThread(  233): BDC-Calling onReceive: intent=Intent { act=android.intent.action.TIME_TICK flg=0x40000014 (has extras) }, ordered=true, receiver=com.android.server.AlarmManagerService$ClockReceiver@41cd92f0, IIntentReceiver=41cd93c8
V/AlarmManager(  233): set: Alarm{41c212b8 type 3 android}
V/AlarmManager(  233): Adding alarm Alarm{41c212b8 type 3 android} at 0
V/AlarmManager(  233): alarms: 7 type: 3
V/AlarmManager(  233): 0: Jan 05 06:34:44 pm android
V/AlarmManager(  233): 1: Jan 05 06:45:00 pm android
V/AlarmManager(  233): 2: Jan 05 06:45:00 pm com.facebook.katana
V/AlarmManager(  233): 3: Jan 06 12:53:41 pm android
V/AlarmManager(  233): 4: Jan 06 06:26:43 pm com.google.android.gms
V/AlarmManager(  233): 5: Jan 20 10:34:08 pm com.google.android.gms
V/AlarmManager(  233): 6: Jan 20 10:34:08 pm com.google.android.gms
V/AlarmManager(  233): Native set alarm :Alarm{41c212b8 type 3 android}
D/ActivityThread(  233): BDC-Calling finishReceiver: IIntentReceiver=41cd93c8
D/ActivityThread(  233): BDC-Calling onReceive: intent=Intent { act=android.intent.action.TIME_TICK flg=0x40000014 (has extras) }, ordered=true, receiver=com.android.internal.policy.impl.KeyguardUpdateMonitor$5@41cf09c0, IIntentReceiver=41cf0a08
D/KeyguardUpdateMonitor(  233): received broadcast android.intent.action.TIME_TICK
D/ActivityThread(  233): BDC-Calling finishReceiver: IIntentReceiver=41cf0a08
D/KeyguardUpdateMonitor(  233): handleTimeUpdate
D/ActivityThread(  315): BDC-Calling onReceive: intent=Intent { act=android.intent.action.TIME_TICK flg=0x40000014 (has extras) }, ordered=true, receiver=com.android.systemui.statusbar.policy.Clock$1@41858630, IIntentReceiver=418be300
D/Clock   (  315): action =android.intent.action.TIME_TICK
D/Clock   (  315): System.currentTimeMillis()=1448829001798 mCalendar =java.util.GregorianCalendar[time=1448829001798,areFieldsSet=true,lenient=true,zone=Asia/Saigon,firstDayOfWeek=1,minimalDaysInFirstWeek=4,ERA=1,YEAR=2015,MONTH=10,WEEK_OF_YEAR=48,WEEK_OF_MONTH=5,DAY_OF_MONTH=30,DAY_OF_YEAR=334,DAY_OF_WEEK=2,DAY_OF_WEEK_IN_MONTH=5,AM_PM=0,HOUR=3,HOUR_OF_DAY=3,MINUTE=30,SECOND=1,MILLISECOND=798,ZONE_OFFSET=25200000,DST_OFFSET=0]
D/ContactsProvider(14033): isLocalAccount(), accountType= Local Phone Account****
D/ContactsProvider(14033): isLocalAccount(), accountType= com.google****
D/Clock   (  315): mCalendar.getTime() =Mon Nov 30 03:30:01 ICT 2015
I/ContactsProvider(14033): onAccountsUpdated -c.count:3
D/Clock   (  315): result =3:30 AM sdf =java.text.SimpleDateFormat@ece5ae78 format =h:mm a
D/Clock   (  315): mCalendar.getTime() =Mon Nov 30 03:30:01 ICT 2015
D/Clock   (  315): result =3:30 AM sdf =java.text.SimpleDateFormat@ece5ae78 format =h:mm a
D/Clock   (  315): getSmallTime() =3:30 AM
D/ActivityThread(  315): BDC-Calling finishReceiver: IIntentReceiver=418be300
D/ActivityThread(11636): BDC-Calling onReceive: intent=Intent { act=android.intent.action.TIME_TICK flg=0x40000014 (has extras) }, ordered=true, receiver=com.android.DigitalClockWidget.updateservice$1@417dd628, IIntentReceiver=417df4d8
I/SurfaceFlinger(  100): [SurfaceFlinger] frames:29, duration:2.593000, fps:11.181819
D/ContactsProvider(14033): isLocalAccount(), accountType= com.facebook.auth.login****
D/ContactsProvider(14033): isLocalAccount(), accountType= com.google****
D/ContactsProvider(14033): isLocalAccount(), accountType= com.facebook.auth.login****
D/ContactsProvider(14033): isLocalAccount(), accountType= com.google****
I/ContactsProvider(14033): onAccountsUpdated -c.count:3
I/updateservice(11636): BroadcastReceiver onReceive
D/AppWidgetService(  233): Updated provider = ComponentInfo{com.android.DigitalClockWidget/com.android.DigitalClockWidget.DigitalAppWidgetProvider} updateAppWidgetProvider 
D/AppWidgetService(  233): host.callbacks == null ? false
E/AppWidgetService(  233): id = com.android.server.AppWidgetService$AppWidgetId@41c85b38id.host = com.android.launcher
E/AppWidgetService(  233):  id.provider = com.android.DigitalClockWidget
D/ActivityThread(11636): BDC-Calling finishReceiver: IIntentReceiver=417df4d8
D/PowerManagerService(  233): releaseWakeLock flags=0x1 tag=AlarmManager total_time=6451ms
D/AppWidgetHostView(30634): updateAppWidget called mOld=null
D/AppWidgetHostView(30634): was able to recycled existing layout
D/Launcher(30634): PagedView, ------dispatchDraw: mScrollX = 672,screenCenter = 912,mOverScrollX = 672,pageCount = 5,mLeft = 0,mRight = 480,this = com.android.launcher2.Workspace@4183a6a8
D/ContactsProvider(14033): performBackgroundTask()- **** task=3
D/ContactsProvider(14033): performBackgroundTask()+ **** task=4
D/PowerManagerService(  233): releaseWakeLock flags=0x1 tag=Icing total_time=857ms
D/IPCThreadState(  233): [DN #5] BR_CLEAR_DEATH_NOTIFICATION_DONE cookie 0x20fab28
D/ActivityThread(11648): SVC-Destroying service: com.google.android.gms.icing.service.IndexWorkerService@418187b8
D/ActivityThread(11648): SVC-STOP_SERVICE handled : 0 / android.os.BinderProxy@41887cb0
D/dalvikvm(14033): threadid=12: interp stack at 0x4cb15000
D/dalvikvm(14033): threadid=12: calling run()
D/dalvikvm(14033): threadid=12: exiting
D/dalvikvm(14033): threadid=12: bye!
D/dalvikvm(14033): threadid=0: freeing
D/ContactsProvider(14033): performBackgroundTask()- **** task=4
D/ContactsProvider(14033): performBackgroundTask()+ **** task=5
D/ContactsProvider(14033): performBackgroundTask()- **** task=5
D/ContactsProvider(14033): performBackgroundTask()+ **** task=6
D/ContactsProvider(14033): performBackgroundTask()- **** task=6
D/ContactsProvider(14033): performBackgroundTask()+ **** task=7
D/ContactsProvider(14033): performBackgroundTask()- **** task=7
D/ContactsProvider(14033): performBackgroundTask()+ **** task=1
D/ContactsProvider(14033): performBackgroundTask()- **** task=1
D/ContactsProvider(14033): performBackgroundTask()+ **** task=10
D/ContactsProvider(14033): performBackgroundTask()- **** task=10
D/ContactsProvider(14033): performBackgroundTask()+ **** task=8
D/ContactsProvider(14033): performBackgroundTask()- **** task=8
D/ContactsProvider(14033): performBackgroundTask()+ **** task=20
D/ContactsProvider(14033): loadAccountsInBackground()+ 
I/ContactsProvider(14033): getAccountTypeBySlot()+ - slotId:0
I/ContactsProvider(14033): getAccountTypeBySlot()- - slotId:0 AccountType:SIM Account
I/ContactsProvider(14033): getSimAccountNameBySlot()+ slotId:0
I/ContactsProvider(14033): getSimAccountNameBySlot() slotId:0 simType(0-SIM/1-USIM):0
I/ContactsProvider(14033): getSimAccountNameBySlot()- slotId:0 SimName:SIM0
I/ContactsProvider(14033): loadAccountsInBackground slotid:0 simAccountType:SIM Account simAccountName:SIM0
D/ContactsProvider(14033): loadLocalSimAccounts()+ 
I/ContactsProvider(14033): loadLocalSimAccounts -cursor.count:1
I/ContactsProvider(14033): Handle USIM1 Accounts -c.count:0
I/ContactsProvider(14033): getAccountTypeBySlot()+ - slotId:1
I/ContactsProvider(14033): getAccountTypeBySlot()- - slotId:1 AccountType:SIM Account
I/ContactsProvider(14033): getSimAccountNameBySlot()+ slotId:1
I/ContactsProvider(14033): getSimAccountNameBySlot() slotId:1 simType(0-SIM/1-USIM):0
I/ContactsProvider(14033): getSimAccountNameBySlot()- slotId:1 SimName:SIM1
I/ContactsProvider(14033): loadAccountsInBackground slotid2:1 simAccountType:SIM Account simAccountName:SIM1
D/ContactsProvider(14033): loadLocalSimAccounts()+ 
I/ContactsProvider(14033): loadLocalSimAccounts -cursor.count:1
I/ContactsProvider(14033): Handle USIM2 Accounts -c.count:0
D/ContactsProvider(14033): performBackgroundTask()- **** task=20
W/ADB_SERVICES(  119): create_local_service_socket() name=shell:export ANDROID_LOG_TAGS="''"; exec logcat
D/ADB_SERVICES(  119): Calling send_ready local=767, remote=307
W/ADB_SERVICES(14068): adb: unable to open /proc/14068/oom_adj
D/InputReader(  233): AP_PROF:AppLaunch_dispatchPtr:Down:91473259
D/InputManager-JNI(  233): pokeUserActivity : eventType=2
D/PowerManagerService(  233): userActivity mLastEventTime=91467669 time=91473259 mUserActivityAllowed=true mUserState=0x3 mWakeLockState=0x0 mProximitySensorActive=false mProximitySensorEnabed=false timeoutOverride=-1 force=false
D/PowerManagerService(  233): reactivateScreenLocksLocked mProxIgnoredBecauseScreenTurnedOff=false
D/PowerManagerService(  233): setPowerState: mPowerState=0x3 newState=0x3 noChangeLights=false reason=2
D/PowerManagerService(  233): setTimeoutLocked now=91473259 timeoutOverride=-1 nextState=3 when=91479259
D/InputManager-JNI(  233): pokeUserActivity : eventType=2
D/InputManager-JNI(  233): pokeUserActivity : eventType=2
D/Launcher(30634): Launcher.DragLayer, onInterceptTouchEvent: action = 0,x = 82.82744,y = 413.4357
D/Launcher(30634): Launcher.DragLayer, handleTouchDown: x = 82,y = 413,intercept = true,mXDown = 0,mYDown = 0
D/Launcher(30634): Launcher.DragController, onInterceptTouchEvent: action = 0,mDragging = false,dragLayerX = 82,dragLayerY = 413
D/Launcher(30634): PagedViewWithDraggableItems, onInterceptTouchEvent: ev = MotionEvent { action=ACTION_DOWN, id[0]=0, x[0]=82.82744, y[0]=335.4357, toolType[0]=TOOL_TYPE_FINGER, buttonState=0, metaState=0, flags=0x0, edgeFlags=0x0, pointerCount=1, historySize=0, eventTime=91473259, downTime=91473259, deviceId=2, source=0x1002 },mScrollX = 0,this = com.android.launcher2.AppsCustomizePagedView@41806330
D/Launcher(30634): PagedViewWithDraggableItems, handleTouchEvent: ev = MotionEvent { action=ACTION_DOWN, id[0]=0, x[0]=82.82744, y[0]=335.4357, toolType[0]=TOOL_TYPE_FINGER, buttonState=0, metaState=0, flags=0x0, edgeFlags=0x0, pointerCount=1, historySize=0, eventTime=91473259, downTime=91473259, deviceId=2, source=0x1002 },action = 0,mTouchState = ,mIsDragging = false,mIsDragEnabled = true,mScrollX = 0,this = com.android.launcher2.AppsCustomizePagedView@41806330
D/Launcher(30634): PagedView, (PagedView)onInterceptTouchEvent: ev = MotionEvent { action=ACTION_DOWN, id[0]=0, x[0]=82.82744, y[0]=335.4357, toolType[0]=TOOL_TYPE_FINGER, buttonState=0, metaState=0, flags=0x0, edgeFlags=0x0, pointerCount=1, historySize=0, eventTime=91473259, downTime=91473259, deviceId=2, source=0x1002 },mScrollX = 0,this = com.android.launcher2.AppsCustomizePagedView@41806330
D/Launcher(30634): PagedView, onInterceptTouchEvent touch down: finishedScrolling = true,mScrollX = 0,xDist = 0,mTouchState = 0,this = com.android.launcher2.AppsCustomizePagedView@41806330
D/InputManager-JNI(  233): pokeUserActivity : eventType=2
D/Launcher(30634): Launcher.DragLayer, onInterceptTouchEvent: action = 2,x = 81.82952,y = 413.4357
D/Launcher(30634): Launcher.DragController, onInterceptTouchEvent: action = 2,mDragging = false,dragLayerX = 81,dragLayerY = 413
D/Launcher(30634): PagedViewWithDraggableItems, onInterceptTouchEvent: ev = MotionEvent { action=ACTION_MOVE, id[0]=0, x[0]=81.82952, y[0]=335.4357, toolType[0]=TOOL_TYPE_FINGER, buttonState=0, metaState=0, flags=0x0, edgeFlags=0x0, pointerCount=1, historySize=3, eventTime=91473324, downTime=91473259, deviceId=2, source=0x1002 },mScrollX = 0,this = com.android.launcher2.AppsCustomizePagedView@41806330
D/Launcher(30634): PagedViewWithDraggableItems, handleTouchEvent: ev = MotionEvent { action=ACTION_MOVE, id[0]=0, x[0]=81.82952, y[0]=335.4357, toolType[0]=TOOL_TYPE_FINGER, buttonState=0, metaState=0, flags=0x0, edgeFlags=0x0, pointerCount=1, historySize=3, eventTime=91473324, downTime=91473259, deviceId=2, source=0x1002 },action = 2,mTouchState = ,mIsDragging = false,mIsDragEnabled = true,mScrollX = 0,this = com.android.launcher2.AppsCustomizePagedView@41806330
D/Launcher(30634): PagedView, (PagedView)onInterceptTouchEvent: ev = MotionEvent { action=ACTION_MOVE, id[0]=0, x[0]=81.82952, y[0]=335.4357, toolType[0]=TOOL_TYPE_FINGER, buttonState=0, metaState=0, flags=0x0, edgeFlags=0x0, pointerCount=1, historySize=3, eventTime=91473324, downTime=91473259, deviceId=2, source=0x1002 },mScrollX = 0,this = com.android.launcher2.AppsCustomizePagedView@41806330
D/InputManager-JNI(  233): pokeUserActivity : eventType=2
D/InputManager-JNI(  233): pokeUserActivity : eventType=2
D/Launcher(30634): Launcher.DragLayer, onInterceptTouchEvent: action = 2,x = 81.82952,y = 413.4357
D/Launcher(30634): Launcher.DragController, onInterceptTouchEvent: action = 2,mDragging = false,dragLayerX = 81,dragLayerY = 413
D/Launcher(30634): PagedViewWithDraggableItems, onInterceptTouchEvent: ev = MotionEvent { action=ACTION_MOVE, id[0]=0, x[0]=81.82952, y[0]=335.4357, toolType[0]=TOOL_TYPE_FINGER, buttonState=0, metaState=0, flags=0x0, edgeFlags=0x0, pointerCount=1, historySize=0, eventTime=91473339, downTime=91473259, deviceId=2, source=0x1002 },mScrollX = 0,this = com.android.launcher2.AppsCustomizePagedView@41806330
D/Launcher(30634): PagedViewWithDraggableItems, handleTouchEvent: ev = MotionEvent { action=ACTION_MOVE, id[0]=0, x[0]=81.82952, y[0]=335.4357, toolType[0]=TOOL_TYPE_FINGER, buttonState=0, metaState=0, flags=0x0, edgeFlags=0x0, pointerCount=1, historySize=0, eventTime=91473339, downTime=91473259, deviceId=2, source=0x1002 },action = 2,mTouchState = ,mIsDragging = false,mIsDragEnabled = true,mScrollX = 0,this = com.android.launcher2.AppsCustomizePagedView@41806330
D/Launcher(30634): PagedView, (PagedView)onInterceptTouchEvent: ev = MotionEvent { action=ACTION_MOVE, id[0]=0, x[0]=81.82952, y[0]=335.4357, toolType[0]=TOOL_TYPE_FINGER, buttonState=0, metaState=0, flags=0x0, edgeFlags=0x0, pointerCount=1, historySize=0, eventTime=91473339, downTime=91473259, deviceId=2, source=0x1002 },mScrollX = 0,this = com.android.launcher2.AppsCustomizePagedView@41806330
D/InputManager-JNI(  233): pokeUserActivity : eventType=2
D/InputManager-JNI(  233): pokeUserActivity : eventType=2
D/Launcher(30634): Launcher.DragLayer, onInterceptTouchEvent: action = 2,x = 81.82952,y = 413.4357
D/Launcher(30634): Launcher.DragController, onInterceptTouchEvent: action = 2,mDragging = false,dragLayerX = 81,dragLayerY = 413
D/Launcher(30634): PagedViewWithDraggableItems, onInterceptTouchEvent: ev = MotionEvent { action=ACTION_MOVE, id[0]=0, x[0]=81.82952, y[0]=335.4357, toolType[0]=TOOL_TYPE_FINGER, buttonState=0, metaState=0, flags=0x0, edgeFlags=0x0, pointerCount=1, historySize=0, eventTime=91473356, downTime=91473259, deviceId=2, source=0x1002 },mScrollX = 0,this = com.android.launcher2.AppsCustomizePagedView@41806330
D/Launcher(30634): PagedViewWithDraggableItems, handleTouchEvent: ev = MotionEvent { action=ACTION_MOVE, id[0]=0, x[0]=81.82952, y[0]=335.4357, toolType[0]=TOOL_TYPE_FINGER, buttonState=0, metaState=0, flags=0x0, edgeFlags=0x0, pointerCount=1, historySize=0, eventTime=91473356, downTime=91473259, deviceId=2, source=0x1002 },action = 2,mTouchState = ,mIsDragging = false,mIsDragEnabled = true,mScrollX = 0,this = com.android.launcher2.AppsCustomizePagedView@41806330
D/Launcher(30634): PagedView, (PagedView)onInterceptTouchEvent: ev = MotionEvent { action=ACTION_MOVE, id[0]=0, x[0]=81.82952, y[0]=335.4357, toolType[0]=TOOL_TYPE_FINGER, buttonState=0, metaState=0, flags=0x0, edgeFlags=0x0, pointerCount=1, historySize=0, eventTime=91473356, downTime=91473259, deviceId=2, source=0x1002 },mScrollX = 0,this = com.android.launcher2.AppsCustomizePagedView@41806330
D/InputManager-JNI(  233): pokeUserActivity : eventType=2
D/InputManager-JNI(  233): pokeUserActivity : eventType=2
D/Launcher(30634): Launcher.DragLayer, onInterceptTouchEvent: action = 2,x = 81.82952,y = 413.4357
D/Launcher(30634): Launcher.DragController, onInterceptTouchEvent: action = 2,mDragging = false,dragLayerX = 81,dragLayerY = 413
D/Launcher(30634): PagedViewWithDraggableItems, onInterceptTouchEvent: ev = MotionEvent { action=ACTION_MOVE, id[0]=0, x[0]=81.82952, y[0]=335.4357, toolType[0]=TOOL_TYPE_FINGER, buttonState=0, metaState=0, flags=0x0, edgeFlags=0x0, pointerCount=1, historySize=0, eventTime=91473371, downTime=91473259, deviceId=2, source=0x1002 },mScrollX = 0,this = com.android.launcher2.AppsCustomizePagedView@41806330
D/Launcher(30634): PagedViewWithDraggableItems, handleTouchEvent: ev = MotionEvent { action=ACTION_MOVE, id[0]=0, x[0]=81.82952, y[0]=335.4357, toolType[0]=TOOL_TYPE_FINGER, buttonState=0, metaState=0, flags=0x0, edgeFlags=0x0, pointerCount=1, historySize=0, eventTime=91473371, downTime=91473259, deviceId=2, source=0x1002 },action = 2,mTouchState = ,mIsDragging = false,mIsDragEnabled = true,mScrollX = 0,this = com.android.launcher2.AppsCustomizePagedView@41806330
D/Launcher(30634): PagedView, (PagedView)onInterceptTouchEvent: ev = MotionEvent { action=ACTION_MOVE, id[0]=0, x[0]=81.82952, y[0]=335.4357, toolType[0]=TOOL_TYPE_FINGER, buttonState=0, metaState=0, flags=0x0, edgeFlags=0x0, pointerCount=1, historySize=0, eventTime=91473371, downTime=91473259, deviceId=2, source=0x1002 },mScrollX = 0,this = com.android.launcher2.AppsCustomizePagedView@41806330
D/InputReader(  233): AP_PROF:AppLaunch_dispatchPtr:Up:91473388
D/InputManager-JNI(  233): pokeUserActivity : eventType=2
D/InputManager-JNI(  233): pokeUserActivity : eventType=2
D/Launcher(30634): Launcher.DragLayer, onInterceptTouchEvent: action = 1,x = 81.82952,y = 413.4357
D/Launcher(30634): Launcher.DragController, onInterceptTouchEvent: action = 1,mDragging = false,dragLayerX = 81,dragLayerY = 413
D/Launcher(30634): PagedViewWithDraggableItems, onInterceptTouchEvent: ev = MotionEvent { action=ACTION_UP, id[0]=0, x[0]=81.82952, y[0]=335.4357, toolType[0]=TOOL_TYPE_FINGER, buttonState=0, metaState=0, flags=0x0, edgeFlags=0x0, pointerCount=1, historySize=0, eventTime=91473388, downTime=91473259, deviceId=2, source=0x1002 },mScrollX = 0,this = com.android.launcher2.AppsCustomizePagedView@41806330
D/Launcher(30634): PagedViewWithDraggableItems, handleTouchEvent: ev = MotionEvent { action=ACTION_UP, id[0]=0, x[0]=81.82952, y[0]=335.4357, toolType[0]=TOOL_TYPE_FINGER, buttonState=0, metaState=0, flags=0x0, edgeFlags=0x0, pointerCount=1, historySize=0, eventTime=91473388, downTime=91473259, deviceId=2, source=0x1002 },action = 1,mTouchState = ,mIsDragging = false,mIsDragEnabled = true,mScrollX = 0,this = com.android.launcher2.AppsCustomizePagedView@41806330
D/Launcher(30634): PagedView, (PagedView)onInterceptTouchEvent: ev = MotionEvent { action=ACTION_UP, id[0]=0, x[0]=81.82952, y[0]=335.4357, toolType[0]=TOOL_TYPE_FINGER, buttonState=0, metaState=0, flags=0x0, edgeFlags=0x0, pointerCount=1, historySize=0, eventTime=91473388, downTime=91473259, deviceId=2, source=0x1002 },mScrollX = 0,this = com.android.launcher2.AppsCustomizePagedView@41806330
D/Launcher(30634): PagedView, onInterceptTouchEvent ACTION_UP: mTouchState = 0,mScrollX = 0,child width = 480,this = com.android.launcher2.AppsCustomizePagedView@41806330
D/Launcher(30634): Launcher.AppsCustomizePagedView, onClick: v = com.android.launcher2.PagedViewIcon@41bedf38, v.getTag() = ApplicationInfo(title=Bé Học Vần,unread = 0)
I/SurfaceFlinger(  100): [SurfaceFlinger] frames:2, duration:2.271000, fps:0.880501
V/ActivityManager(  233): Broadcast sticky: Intent { act=android.intent.action.SIG_STR flg=0x10 (has extras) } ordered=false
D/Bluetooth HS/HF(  435): [BT][HFG] [API] mStateReceiver.onReceive(android.intent.action.SIG_STR)
D/Bluetooth HS/HF(  435): [BT][HFG] [API] mHandler.handleMessage(10)
D/Launcher(30634): Launcher, startActivitySafely: intent = Intent { act=android.intent.action.MAIN cat=[android.intent.category.LAUNCHER] flg=0x10200000 cmp=hcb14.nhom6.behocvan/.MainActivity } tag = ApplicationInfo(title=Bé Học Vần,unread = 0)
I/ActivityManager(  233): START {act=android.intent.action.MAIN cat=[android.intent.category.LAUNCHER] flg=0x10200000 cmp=hcb14.nhom6.behocvan/.MainActivity} from pid 30634
D/NetworkControllerGemini(  315): PhoneStateListener:onSignalStrengthsChanged, sim1 before.
D/NetworkControllerGemini(  315): PhoneStateListener:onSignalStrengthsChanged, signalStrength=4
D/NetworkControllerGemini(  315): isSimInserted(0), SimInserted=true
D/NetworkControllerGemini(  315): updateTelephonySignalStrength(0), regState=1
D/NetworkControllerGemini(  315): updateTelephonySignalStrength(0), hasService=true
D/NetworkControllerGemini(  315): updateTelephonySignalStrength(0), isRoaming=false, mInetCondition=0
D/NetworkControllerGemini(  315): updateTelephonySignalStrength(0), simColorId=0
D/NetworkControllerGemini(  315): isSimInserted(0), SimInserted=true
D/NetworkControllerGemini(  315): isSimInserted(1), SimInserted=true
D/NetworkControllerGemini(  315): updateOperatorInfo, sim1Inserted is true, sim2Inserted is true.
D/NetworkControllerGemini(  315): updateSignalBackgroundBySlotId(0), MobileVisible=true, ResId=33685707
D/NetworkControllerGemini(  315): refreshViews(0), DataConnected=false
D/NetworkControllerGemini(  315): refreshViews(0), dataTypeIconId=0
D/SignalClusterViewGemini(  315): setDataConnected(0), dataConnected=false
D/SignalClusterViewGemini(  315): setDataNetType3G(0), dataNetType3G=false
D/SignalClusterViewGemini(  315): apply, mMobileVisible=true mMobileActivityId=0 mMobileTypeId=0
D/SignalClusterViewGemini(  315): apply, mMobileVisibleGemini=true mMobileActivityIdGemini=0 mMobileTypeIdGemini=0
D/SignalClusterViewGemini(  315): apply, mMobileVisible=true, mWifiVisible=false, mIsAirplaneMode=false
D/NetworkControllerGemini(  315): refreshViews(0), DataConnected=false
D/NetworkControllerGemini(  315): refreshViews(0), dataTypeIconId=0
D/SignalClusterViewGemini(  315): setDataConnected(0), dataConnected=false
D/SignalClusterViewGemini(  315): setDataNetType3G(0), dataNetType3G=false
D/SignalClusterViewGemini(  315): apply, mMobileVisible=true mMobileActivityId=0 mMobileTypeId=0
D/SignalClusterViewGemini(  315): apply, mMobileVisibleGemini=true mMobileActivityIdGemini=0 mMobileTypeIdGemini=0
D/SignalClusterViewGemini(  315): apply, mMobileVisible=true, mWifiVisible=false, mIsAirplaneMode=false
D/NetworkControllerGemini(  315): PhoneStateListener:onSignalStrengthsChanged, sim1 after.
D/PowerManagerService(  233): acquireWakeLock flags=0x1 tag=ActivityManager-Launch
D/Launcher(30634): Launcher, (Launcher)onPause.
D/IPCThreadState(  233): [DN #5] BR_DEAD_BINDER cookie 0x2100b80
D/IPCThreadState(  233): [DN #5] BR_DEAD_BINDER cookie 0x2473b98
D/IPCThreadState(  233): [DN #5] BR_DEAD_BINDER cookie 0x216b640
V/ActivityManager(  233): Death received in com.android.server.am.ActivityManagerService$AppDeathRecipient@421714c0 for thread android.os.BinderProxy@420d0600
I/ActivityManager(  233): Process com.google.android.apps.plus (pid 13913) has died.
V/ActivityManager(  233): Dying app: ProcessRecord{4245c410 13913:com.google.android.apps.plus/10021}, pid: 13913, thread: android.os.BinderProxy@420d0600
D/IPCThreadState(  233): [DN #5] BR_CLEAR_DEATH_NOTIFICATION_DONE cookie 0x2100b80
D/IPCThreadState(  233): [DN #5] BR_CLEAR_DEATH_NOTIFICATION_DONE cookie 0x2473b98
V/ActivityManager(  233): Removing app ProcessRecord{4245c410 0:com.google.android.apps.plus/10021} from list [ActivityRecord{42171f48 com.android.phone/.InCallScreen}, ActivityRecord{41855e70 com.android.settings/.SubSettings}, ActivityRecord{41db6028 com.android.launcher/com.android.launcher2.Launcher}] with 3 entries
V/ActivityManager(  233): Record #2 ActivityRecord{41db6028 com.android.launcher/com.android.launcher2.Launcher}: app=ProcessRecord{41c92b80 30634:com.android.launcher/10028}
V/ActivityManager(  233): Record #1 ActivityRecord{41855e70 com.android.settings/.SubSettings}: app=ProcessRecord{4216c168 10301:com.android.settings/1000}
V/ActivityManager(  233): Record #0 ActivityRecord{42171f48 com.android.phone/.InCallScreen}: app=ProcessRecord{41d09ef8 435:com.android.phone/1001}
V/ActivityManager(  233): Removing app ProcessRecord{4245c410 0:com.google.android.apps.plus/10021} from list [] with 0 entries
V/ActivityManager(  233): Removing app ProcessRecord{4245c410 0:com.google.android.apps.plus/10021} from list [] with 0 entries
V/ActivityManager(  233): Removing app ProcessRecord{4245c410 0:com.google.android.apps.plus/10021} from list [] with 0 entries
V/ActivityManager(  233): Removing app ProcessRecord{4245c410 0:com.google.android.apps.plus/10021} from list [] with 0 entries
D/IPCThreadState(  233): [DN #5] BR_CLEAR_DEATH_NOTIFICATION_DONE cookie 0x216b640
I/SurfaceTexture(  100): [Starting hcb14.nhom6.behocvan(0x156a460)] connect: api=2
D/Launcher(30634): PagedView, setCurrentPage: currentPage = 2,mCurrentPage = 2,mScrollX = 672,this = com.android.launcher2.Workspace@4183a6a8
D/ActivityThread(30634): ACT-AM_ON_PAUSE_CALLED ActivityRecord{417d3780 token=android.os.BinderProxy@417d2f78 {com.android.launcher/com.android.launcher2.Launcher}}
D/dalvikvm(  101): threadid=2: exiting
D/dalvikvm(  101): threadid=2: bye!
D/dalvikvm(  101): threadid=0: freeing
D/dalvikvm(  101): threadid=3: exiting
D/dalvikvm(  101): threadid=3: bye!
D/dalvikvm(  101): threadid=0: freeing
D/dalvikvm(  101): threadid=4: exiting
D/dalvikvm(  101): threadid=4: bye!
D/dalvikvm(  101): threadid=0: freeing
D/dalvikvm(14069): Late-enabling CheckJNI
D/dalvikvm(14069): threadid=2: interp stack at 0x40000000
D/dalvikvm(14069): threadid=3: interp stack at 0x40008000
D/dalvikvm(  101): threadid=2: interp stack at 0x49479000
D/dalvikvm(  101): threadid=2: calling run()
D/dalvikvm(  101): threadid=3: interp stack at 0x4c02b000
D/dalvikvm(  101): threadid=4: interp stack at 0x49481000
D/jdwp    (14069): prepping for JDWP over ADB
D/jdwp    (14069): ADB transport startup
I/ActivityManager(  233): Start proc hcb14.nhom6.behocvan for activity hcb14.nhom6.behocvan/.MainActivity: pid=14069 uid=10069 gids={}
D/dalvikvm(  101): threadid=4: calling run()
D/dalvikvm(  101): threadid=3: calling run()
D/dalvikvm(  233): threadid=63: interp stack at 0x4d0cb000
D/dalvikvm(  233): threadid=63: calling run()
D/dalvikvm(  233): threadid=63: exiting
D/dalvikvm(14069): threadid=4: interp stack at 0x49479000
D/jdwp    (14069): JDWP: thread running
D/jdwp    (14069): acceptConnection
D/dalvikvm(14069): threadid=5: interp stack at 0x49481000
D/ADB_SERVICES(  119): Adding socket 58 pid 14069 to jdwp process list
D/jdwp    (14069): trying to receive file descriptor from ADB
D/dalvikvm(14069): threadid=6: interp stack at 0x49489000
D/dalvikvm(14069): threadid=6: calling run()
D/dalvikvm(14069): threadid=7: interp stack at 0x49491000
D/dalvikvm(14069): threadid=7: calling run()
D/dalvikvm(14069): threadid=8: interp stack at 0x49499000
D/dalvikvm(14069): threadid=8: calling run()
D/IPCThreadState(  233): [DN #5] BR_DEAD_BINDER cookie 0x1c77a70
W/ADB_SERVICES(  119): create_local_service_socket() name=jdwp:14069
W/ADB_SERVICES(  119): looking for pid 14069 in JDWP process list return fds0(62) fds1(63)
D/ADB_SERVICES(  119): Calling send_ready local=768, remote=310
W/ADB_SERVICES(  119): trying to write to JDWP socket=58 pid=14069 count=1 out_fds=63
D/jdwp    (14069): received file descriptor 40 from ADB
V/ActivityManager(  233): Death received in com.android.server.am.ActivityManagerService$AppDeathRecipient@4205f770 for thread android.os.BinderProxy@41f1fbd0
I/ActivityManager(  233): Process com.svox.pico (pid 13960) has died.
V/ActivityManager(  233): Dying app: ProcessRecord{423e2cc8 13960:com.svox.pico/10050}, pid: 13960, thread: android.os.BinderProxy@41f1fbd0
V/ActivityManager(  233): Removing app ProcessRecord{423e2cc8 0:com.svox.pico/10050} from list [ActivityRecord{42171f48 com.android.phone/.InCallScreen}, ActivityRecord{41855e70 com.android.settings/.SubSettings}, ActivityRecord{41db6028 com.android.launcher/com.android.launcher2.Launcher}] with 3 entries
V/ActivityManager(  233): Record #2 ActivityRecord{41db6028 com.android.launcher/com.android.launcher2.Launcher}: app=ProcessRecord{41c92b80 30634:com.android.launcher/10028}
V/ActivityManager(  233): Record #1 ActivityRecord{41855e70 com.android.settings/.SubSettings}: app=ProcessRecord{4216c168 10301:com.android.settings/1000}
V/ActivityManager(  233): Record #0 ActivityRecord{42171f48 com.android.phone/.InCallScreen}: app=ProcessRecord{41d09ef8 435:com.android.phone/1001}
V/ActivityManager(  233): Removing app ProcessRecord{423e2cc8 0:com.svox.pico/10050} from list [ActivityRecord{41db6028 com.android.launcher/com.android.launcher2.Launcher}] with 1 entries
V/ActivityManager(  233): Record #0 ActivityRecord{41db6028 com.android.launcher/com.android.launcher2.Launcher}: app=ProcessRecord{41c92b80 30634:com.android.launcher/10028}
V/ActivityManager(  233): Removing app ProcessRecord{423e2cc8 0:com.svox.pico/10050} from list [] with 0 entries
D/ADB_SERVICES(  119): Calling send_ready local=768, remote=310
V/ActivityManager(  233): Removing app ProcessRecord{423e2cc8 0:com.svox.pico/10050} from list [ActivityRecord{41db6028 com.android.launcher/com.android.launcher2.Launcher}] with 1 entries
V/ActivityManager(  233): Record #0 ActivityRecord{41db6028 com.android.launcher/com.android.launcher2.Launcher}: app=ProcessRecord{41c92b80 30634:com.android.launcher/10028}
D/ADB_SERVICES(  119): Calling send_ready local=768, remote=310
V/ActivityManager(  233): Removing app ProcessRecord{423e2cc8 0:com.svox.pico/10050} from list [] with 0 entries
D/jdwp    (14069): processIncoming
D/IPCThreadState(  233): [DN #5] BR_CLEAR_DEATH_NOTIFICATION_DONE cookie 0x1c77a70
D/jdwp    (14069): processIncoming
D/jdwp    (14069): handlePacket : cmd=0x1, cmdSet=0xC7, len=0x13, id=0x4000001E, flags=0x0, dataLen=0x8
D/jdwp    (14069): REQ: DDM.Chunk (cmd=199/1 dataLen=8 id=0x4000001e)
D/ADB_SERVICES(  119): Calling send_ready local=768, remote=310
D/ADB_SERVICES(  119): Calling send_ready local=768, remote=310
D/dalvikvm(  233): threadid=63: bye!
D/dalvikvm(  233): threadid=0: freeing
D/jdwp    (14069): reply: dataLen=9 err=NONE(0)
D/jdwp    (14069): processIncoming
D/jdwp    (14069): handlePacket : cmd=0x1, cmdSet=0xC7, len=0x17, id=0x4000001F, flags=0x0, dataLen=0xC
D/jdwp    (14069): REQ: DDM.Chunk (cmd=199/1 dataLen=12 id=0x4000001f)
D/ADB_SERVICES(  119): Calling send_ready local=768, remote=310
D/dalvikvm(14069): threadid=9: interp stack at 0x494a1000
D/jdwp    (14069): reply: dataLen=50 err=NONE(0)
D/jdwp    (14069): processIncoming
D/jdwp    (14069): handlePacket : cmd=0x1, cmdSet=0xC7, len=0x13, id=0x40000020, flags=0x0, dataLen=0x8
D/jdwp    (14069): REQ: DDM.Chunk (cmd=199/1 dataLen=8 id=0x40000020)
D/jdwp    (14069): reply: dataLen=216 err=NONE(0)
D/jdwp    (14069): processIncoming
D/jdwp    (14069): handlePacket : cmd=0x1, cmdSet=0xC7, len=0x13, id=0x40000021, flags=0x0, dataLen=0x8
D/jdwp    (14069): REQ: DDM.Chunk (cmd=199/1 dataLen=8 id=0x40000021)
D/jdwp    (14069): reply: dataLen=9 err=NONE(0)
D/jdwp    (14069): processIncoming
D/jdwp    (14069): handlePacket : cmd=0x1, cmdSet=0xC7, len=0x14, id=0x40000022, flags=0x0, dataLen=0x9
D/jdwp    (14069): REQ: DDM.Chunk (cmd=199/1 dataLen=9 id=0x40000022)
D/jdwp    (14069): reply: dataLen=0 err=NONE(0)
D/ActivityThread(30634): ACT-PAUSE_ACTIVITY handled : 1 / android.os.BinderProxy@417d2f78
D/Launcher(30634): PagedView, ------dispatchDraw: mScrollX = 672,screenCenter = 912,mOverScrollX = 672,pageCount = 5,mLeft = 0,mRight = 480,this = com.android.launcher2.Workspace@4183a6a8
D/Launcher(30634): PagedView, ------dispatchDraw: mScrollX = 672,screenCenter = 912,mOverScrollX = 672,pageCount = 5,mLeft = 0,mRight = 480,this = com.android.launcher2.Workspace@4183a6a8
D/IPCThreadState(  233): [DN #5] BR_DEAD_BINDER cookie 0x1f2c4d0
V/ActivityManager(  233): Death received in com.android.server.am.ActivityManagerService$AppDeathRecipient@41defa80 for thread android.os.BinderProxy@41bade28
I/ActivityManager(  233): Process android.process.acore (pid 14033) has died.
V/ActivityManager(  233): Dying app: ProcessRecord{4192c350 14033:android.process.acore/10000}, pid: 14033, thread: android.os.BinderProxy@41bade28
V/ActivityManager(  233): Removing app ProcessRecord{4192c350 0:android.process.acore/10000} from list [ActivityRecord{42171f48 com.android.phone/.InCallScreen}, ActivityRecord{41855e70 com.android.settings/.SubSettings}, ActivityRecord{41db6028 com.android.launcher/com.android.launcher2.Launcher}] with 3 entries
V/ActivityManager(  233): Record #2 ActivityRecord{41db6028 com.android.launcher/com.android.launcher2.Launcher}: app=ProcessRecord{41c92b80 30634:com.android.launcher/10028}
V/ActivityManager(  233): Record #1 ActivityRecord{41855e70 com.android.settings/.SubSettings}: app=ProcessRecord{4216c168 10301:com.android.settings/1000}
V/ActivityManager(  233): Record #0 ActivityRecord{42171f48 com.android.phone/.InCallScreen}: app=ProcessRecord{41d09ef8 435:com.android.phone/1001}
V/ActivityManager(  233): Removing app ProcessRecord{4192c350 0:android.process.acore/10000} from list [ActivityRecord{41db6028 com.android.launcher/com.android.launcher2.Launcher}] with 1 entries
V/ActivityManager(  233): Record #0 ActivityRecord{41db6028 com.android.launcher/com.android.launcher2.Launcher}: app=ProcessRecord{41c92b80 30634:com.android.launcher/10028}
V/ActivityManager(  233): Removing app ProcessRecord{4192c350 0:android.process.acore/10000} from list [] with 0 entries
V/ActivityManager(  233): Removing app ProcessRecord{4192c350 0:android.process.acore/10000} from list [ActivityRecord{41db6028 com.android.launcher/com.android.launcher2.Launcher}] with 1 entries
V/ActivityManager(  233): Record #0 ActivityRecord{41db6028 com.android.launcher/com.android.launcher2.Launcher}: app=ProcessRecord{41c92b80 30634:com.android.launcher/10028}
V/ActivityManager(  233): Removing app ProcessRecord{4192c350 0:android.process.acore/10000} from list [] with 0 entries
D/IPCThreadState(  233): [DN #5] BR_CLEAR_DEATH_NOTIFICATION_DONE cookie 0x1f2c4d0
D/dalvikvm(14069): threadid=10: interp stack at 0x4c02b000
D/jdwp    (14069): sendBufferedRequest : len=0x39
V/ActivityManager(  233): Binding process pid 14069 to record ProcessRecord{4232c378 14069:hcb14.nhom6.behocvan/10069}
V/ActivityManager(  233): New death recipient com.android.server.am.ActivityManagerService$AppDeathRecipient@4207cde8 for thread android.os.BinderProxy@41b0be40
V/ActivityManager(  233): New app record ProcessRecord{4232c378 14069:hcb14.nhom6.behocvan/10069} thread=android.os.BinderProxy@41b0be40 pid=14069
D/PowerManagerService(  233): setKeyboardVisibility: false
V/ActivityManager(  233): ACT-Launching: ActivityRecord{4227df98 hcb14.nhom6.behocvan/.MainActivity}
D/NetworkPolicy(  233): onRecv: MSG_FOREGROUND_ACTIVITIES_CHANGED pid:uid:act=14069:10069:true
V/WindowManager(  233): Changing focus from Window{422e2580 com.android.launcher/com.android.launcher2.Launcher paused=false} to null
I/WindowManager(  233): Losing focus: Window{422e2580 com.android.launcher/com.android.launcher2.Launcher paused=false}
D/OpenGLRenderer(30634): Flushing caches (mode 1)
D/Launcher(30634): (Launcher)onTrimMemory level = 20
D/jdwp    (14069): sendBufferedRequest : len=0x3F
D/OpenGLRenderer(30634): Flushing caches (mode 0)
D/ActivityThread(14069): BIND_APPLICATION handled : 0 / AppBindData{appInfo=ApplicationInfo{417cdc90 hcb14.nhom6.behocvan}}
D/dalvikvm(14069): GC_FOR_ALLOC freed 41K, 11% free 9253K/10307K, paused 26ms
I/dalvikvm-heap(14069): Grow heap (frag case) to 10.591MB for 1536016-byte allocation
I/SurfaceTexture(  100): [com.android.launcher/com.android.launcher2.Launcher(0x1571088)] disconnect: api=1
D/dalvikvm(14069): GC_FOR_ALLOC freed <1K, 10% free 10752K/11847K, paused 16ms
W/AudioFlinger( 3426): registerClient() client 0x6afc60, pid 14069
W/AudioFlinger( 3426): sendConfigEvent() num events 1 event 0, param 0
W/AudioFlinger( 3426): MixerThread 0x6aad50 TID 3435 waking up
D/PowerManagerService(  233): acquireWakeLock flags=0x1 tag=AudioOut_1
W/AudioFlinger( 3426): acquireWakeLock_l() AudioOut_1 status 0
W/AudioFlinger( 3426): PlaybackThread::audioConfigChanged_l, thread 0x6aad50, event 0, param 0
W/AudioFlinger( 3426): acquiring 584 from 14069
W/AudioFlinger( 3426):  added new entry for 584
D/MediaPlayer(14069): mPlayerID = 660
D/MediaPlayerService( 3426): setDataSource fd=20, offset=1584951, length=1786267
D/MediaPlayerService( 3426): player type = 3
D/AwesomePlayer( 3426): @@[SF_PROPERTY]sf.video.jump.key.ms =-1
D/AwesomePlayer( 3426): @@[SF_PROPERTY]sf.video.force.display.cnt=0
D/AwesomePlayer( 3426): @@[SF_PROPERTY]sf.video.late.margin.ms = 250
I/AwesomePlayer( 3426): set flag for stopped
D/AudioSink( 3426): AudioOutput(584)
D/MediaExtractor( 3426): +MediaExtractor::Create
D/WVMDrmPlugIn(  103): WVMDrmPlugin::onInitialize : 5532
D/WVMDrmPlugIn(  103): WVMDrmPlugin::onSetOnInfoListener : add 5532
D/WVMDrmPlugIn(  103): onOpenDecryptSession: fd=15, offset=1584951, length=1786267
D/WVMDrmPlugIn(  103): WVMDrmPlugin::onOpenDecryptSession - not Widevine media
D/WVMDrmPlugIn(  103): WVMDrmPlugin::onTerminate : 5532
D/MPEG2PSExtractor( 3426): *******************SniffMPEGPS in *************
D/MPEG2PSExtractor( 3426): *********************source->readAt length = 1024*********************
D/MPEG2PSExtractor( 3426): *********************readbuff:49 44 33 03 00 ;00 00 00 01 11 *********************
D/MediaExtractor( 3426): Autodetected media content as 'audio/mpeg' with confidence 0.20
D/MediaExtractor( 3426): -MediaExtractor::Create
D/TableOfContentThread( 3426): TableOfContentThread Construct !0x7a86e8
D/MediaPlayerService( 3426): setDataSource fd=20, offset=1584951, length=1786267 done
D/MediaPlayerService( 3426): [660] prepareAsync
D/MtkOmxCore( 3426): Mtk_OMX_GetHandle (OMX.MTK.AUDIO.DECODER.MP3)
D/MtkOmxCore( 3426): comp_index(7), path(libMtkOmxMp3Dec.so)
D/MtkOmxAudioDecBase( 3426): MtkOmxAudioDecBase::MtkOmxAudioDecBase this= 0x00762188
D/MtkOmxAudioDecBase( 3426): ComponentInit (OMX.MTK.AUDIO.DECODER.MP3)
D/MtkOmxCore( 3426): MtkOmxSetCoreGlobal is NOT supported on this component
D/MtkOmxCore( 3426): +++++ dump_inst_handle_pool +++++
D/MtkOmxCore( 3426): gCoreCompInstance[0].comp_module=0xB00131D8, comp_handle=0x0076218C
D/MtkOmxCore( 3426): ----- dump_inst_handle_pool -----
D/MtkOmxAudioDecBase( 3426): MtkOmxAudioCommandThread created pOmxAudioDec=0x00762188
D/MtkOmxAudioDecBase( 3426): MtkOmxAudioDecodeThread created pOmxAudioDec=0x00762188, tid=14085
D/MtkOmxAudioDecBase( 3426): fdmax = 20
D/MtkOmxAudioDecBase( 3426): SetParameter index(0x01000017)
D/OMXCodec( 3426): !@@!>> create tid (14083) OMXCodec mOMXLivesLocally=1, mIsVideoDecoder(0), mIsVideoEncoder(0), mime(audio/mpeg)
D/MtkOmxAudioDecBase( 3426): GetParameter (0x04000005)
D/MtkOmxAudioDecBase( 3426): SetParameter index(0x04000005)
D/MtkOmxAudioDecBase( 3426): GetParameter (0x02000001)
D/MtkOmxAudioDecBase( 3426): GetParameter (0x04000002)
D/TableOfContentThread( 3426): TableOfContentThread::startTOCThread 0x7a86e8
D/MtkOmxAudioDecBase( 3426): GetParameter (0x7F000008)
I/OMXCodec( 3426): mSupportsPartialFrames 0 err 0 
D/MtkOmxAudioDecBase( 3426): SendCommand cmd=OMX_CommandStateSet
D/MtkOmxAudioDecBase( 3426): set MTK_OMX_IDLE_PENDING
D/TableOfContentThread( 3426): TableOfContentThread::threadWrapper
D/TableOfContentThread( 3426): TableOfContentThread::threadEntry ,priority = 10,pid=3426
D/MtkOmxAudioDecBase( 3426): # Got general command (OMX_CommandStateSet)
D/MtkOmxAudioDecBase( 3426): Request [OMX_StateLoaded]-> [OMX_StateIdle]
D/MtkOmxAudioDecBase( 3426): wait on mInPortAllocDoneSem(0), mOutPortAllocDoneSem(0)!!
D/MtkOmxAudioDecBase( 3426): GetParameter (0x02000001)
D/OMXCodec( 3426): [OMX.MTK.AUDIO.DECODER.MP3] allocating 10 buffers of size 15000 on input port
D/MtkOmxAudioDecBase( 3426): UseBuffer port_idx(0x0), idx[0], pBuffHead(0x00762710), pBuffer(0x41CD7000)
D/MtkOmxAudioDecBase( 3426): UseBuffer port_idx(0x0), idx[1], pBuffHead(0x0071ECF8), pBuffer(0x41CDAAA0)
D/MtkOmxAudioDecBase( 3426): UseBuffer port_idx(0x0), idx[2], pBuffHead(0x006D9320), pBuffer(0x41CDE540)
D/MtkOmxAudioDecBase( 3426): UseBuffer port_idx(0x0), idx[3], pBuffHead(0x006D9488), pBuffer(0x41CE1FE0)
D/MtkOmxAudioDecBase( 3426): UseBuffer port_idx(0x0), idx[4], pBuffHead(0x006CD220), pBuffer(0x41CE5A80)
D/MtkOmxAudioDecBase( 3426): UseBuffer port_idx(0x0), idx[5], pBuffHead(0x0070A778), pBuffer(0x41CE9520)
D/MtkOmxAudioDecBase( 3426): UseBuffer port_idx(0x0), idx[6], pBuffHead(0x006CD110), pBuffer(0x41CECFC0)
D/MtkOmxAudioDecBase( 3426): UseBuffer port_idx(0x0), idx[7], pBuffHead(0x007A8958), pBuffer(0x41CF0A60)
D/MtkOmxAudioDecBase( 3426): UseBuffer port_idx(0x0), idx[8], pBuffHead(0x0070A8A0), pBuffer(0x41CF4500)
D/MtkOmxAudioDecBase( 3426): UseBuffer port_idx(0x0), idx[9], pBuffHead(0x007097F0), pBuffer(0x41CF7FA0)
D/MtkOmxAudioDecBase( 3426): signal mInPortAllocDoneSem (0)
D/MtkOmxAudioDecBase( 3426): input port populated
D/MtkOmxAudioDecBase( 3426): GetParameter (0x02000001)
D/OMXCodec( 3426): [OMX.MTK.AUDIO.DECODER.MP3] OMXCodec::allocateBuffersOnOutputPort:totalSize=414720
D/MtkOmxAudioDecBase( 3426): UseBuffer port_idx(0x1), idx[0], pBuffHead(0x0075EC80), pBuffer(0x42139000)
D/MtkOmxAudioDecBase( 3426): UseBuffer port_idx(0x1), idx[1], pBuffHead(0x0070A650), pBuffer(0x42144400)
D/MtkOmxAudioDecBase( 3426): UseBuffer port_idx(0x1), idx[2], pBuffHead(0x007A8EB8), pBuffer(0x4214F800)
D/MtkOmxAudioDecBase( 3426): UseBuffer port_idx(0x1), idx[3], pBuffHead(0x006CD078), pBuffer(0x4215AC00)
D/MtkOmxAudioDecBase( 3426): UseBuffer port_idx(0x1), idx[4], pBuffHead(0x00720818), pBuffer(0x42166000)
D/MtkOmxAudioDecBase( 3426): UseBuffer port_idx(0x1), idx[5], pBuffHead(0x0070A540), pBuffer(0x42171400)
D/MtkOmxAudioDecBase( 3426): UseBuffer port_idx(0x1), idx[6], pBuffHead(0x007208C8), pBuffer(0x4217C800)
D/MtkOmxAudioDecBase( 3426): UseBuffer port_idx(0x1), idx[7], pBuffHead(0x008FA630), pBuffer(0x42187C00)
D/MtkOmxAudioDecBase( 3426): UseBuffer port_idx(0x1), idx[8], pBuffHead(0x008F7DB0), pBuffer(0x42193000)
D/MtkOmxAudioDecBase( 3426): signal mOutPortAllocDoneSem (0)
D/MtkOmxAudioDecBase( 3426): output port populated
D/MtkOmxAudioDecBase( 3426): SendCommand cmd=OMX_CommandStateSet
D/MtkOmxAudioDecBase( 3426): # Got general command (OMX_CommandStateSet)
D/MtkOmxAudioDecBase( 3426): Request [OMX_StateIdle]-> [OMX_StateExecuting]
D/MtkOmxAudioDecBase( 3426): state changes to OMX_StateExecuting
D/MediaPlayerService( 3426): [660] notify (0x7a87d8, 5, 0, 0)
D/MediaPlayerService( 3426): client[660], msg:5, release_wake_lock
D/NotifySender( 3426): sendMessage::owner(0x698c00),msg(5)
D/MediaPlayerService( 3426): [660] notify (0x7a87d8, 1, 0, 0)
D/NotifySender( 3426): sendMessage::owner(0x698c00),msg(1)
D/AwesomePlayer( 3426): @@[SF_PROPERTY]sched_setscheduler ok..., priority:95
D/MediaPlayerService( 3426): [660] start, acquire_wake_lock
D/AwesomePlayer( 3426): play
D/AudioSink( 3426): open(44100, 2, 1, 4, 584)
D/AudioTrack( 3426): audiotrack 0x71e478 set Type 3, rate 44100, fmt 1, chn 3, fcnt 12288, flag 0
W/AudioFlinger( 3426): createTrack()
W/AudioFlinger( 3426): createTrack() sessionId: 584
W/AudioFlinger( 3426): createTrack() lSessionId: 584
W/AudioFlinger( 3426): Track constructor name 4096, calling thread 14069
W/AudioFlinger( 3426): acquiring 584 from 14069
W/AudioFlinger( 3426):  incremented refcount to 2
D/AudioSink( 3426): start
D/AudioTrack( 3426): audiotrack 0x71e478 start
W/AudioFlinger( 3426): start(4096), calling thread 14069 session 584
W/AudioFlinger( 3426): ? => ACTIVE (4096) on thread 0x8f7f78
W/AudioPolicyService( 3426): startOutput() tid 14193
D/AudioYusuPolicyManager( 3426): startOutput() output 1, stream 3, session 584
D/AudioYusuPolicyManager( 3426): setOutputDevice() output 1 prevDevice 2 device 2 force = 0
D/AudioYusuPolicyManager( 3426): setOutputDevice() setting same device 2 or null device for output 1
D/MP3Extractor( 3426): Don't notify duration!
D/TableOfContentThread( 3426): build TocTable process over--actual duration=111619306,mFrameNum=4273,mEntryCount=134
W/AudioFlinger( 3426): mWaitWorkCV.broadcast
W/AudioFlinger( 3426): setParameters(): io 0, keyvalue AudioSetSampleRate=44100, tid 3435, calling tid 3426
I/AwesomePlayer( 3426): AudioPlayer mLatencyUs 0
I/SurfaceFlinger(  100): [SurfaceFlinger] frames:28, duration:1.030000, fps:27.171614
D/ActivityThread(14069): ACT-AM_ON_RESUME_CALLED ActivityRecord{417cf000 token=android.os.BinderProxy@417ce8b0 {hcb14.nhom6.behocvan/hcb14.nhom6.behocvan.MainActivity}}
D/AudioYusuHardware( 3426): +setParameters(): AudioSetSampleRate=44100 
D/AudioStreamHandler( 3426): AudioStreamHandler::SetOutputSamplerate samplerate = 44100
D/AudioYusuHardware( 3426): -setParameters() 
D/AudioYusuStreamOut( 3426): AudioHw is standby
D/AudioStreamHandler( 3426): AddSrcRunningNumber mSrcBlockRunningNum:1
D/AudioCompensationFilter( 3426): AudioCompensationFilter workMode=5, Channel_Num=2, Sample_Rate=44100
D/AudioCompensationFilter( 3426): AudioCompensationFilter::Start() 
D/ActivityThread(14069): ACT-LAUNCH_ACTIVITY handled : 0 / ActivityRecord{417cf000 token=android.os.BinderProxy@417ce8b0 {hcb14.nhom6.behocvan/hcb14.nhom6.behocvan.MainActivity}}
D/HeadphoneCompensationFilter( 3426): HeadphoneCompensationFilter workMode=4, Channel_Num=2, Sample_Rate=44100
D/HeadphoneCompensationFilter( 3426): HeadphoneCompensationFilter::Start() 
D/HeadphoneCompensationFilter( 3426): HeadphoneCompensationFilter::Stop()
D/AudioYusuStreamOut( 3426): startAudioHw
D/AudioStreamHandler( 3426): +AudioStartRunning InterruptCounter = 1536
D/AudioYusuHardware( 3426): setMasterVolume=1.000000, device=0x2, mMode:0
D/AudioYusuHardware( 3426): Audio_Find_Normal_Output_Device mRoutes=0x2
D/AudioYusuVolumeController( 3426): setMasterVolume mode=0, routes=2
D/AudioYusuHardware( 3426): Audio_Find_Normal_Output_Device mRoutes=0x2
D/AudioYusuVolumeController( 3426): ApplyGain Setting_value=b
D/AudioStreamHandler( 3426): AudioStartRunning::Con1(0xb),Con2(0xb)
V/WindowManager(  233): Changing focus from null to Window{41e03a08 hcb14.nhom6.behocvan/hcb14.nhom6.behocvan.MainActivity paused=false}
D/AudioStreamHandler( 3426): AudioStartRunning, +Afe_DL_Start
D/AudioYusuHardware( 3426): Audio_Find_Normal_Output_Device mRoutes=0x2
D/AudioAnalogAFE( 3426): !!! AnalogAFE_Open pinmux=0 
D/AudioAnalogAFE( 3426): AnalogAFE_ChangeMux pinmux=0 
D/AudioAnalogAFE( 3426): AnalogAFE_ChangeMux pinmux=0 
D/AudioYusuHardware( 3426): EnableSpeaker (enable 1)
D/AudioAMPControl( 3426): setSpeaker::mode=0,prestate=0,state=1
I/WindowManager(  233): Gaining focus: Window{41e03a08 hcb14.nhom6.behocvan/hcb14.nhom6.behocvan.MainActivity paused=false}
D/libEGL  (14069): loaded /system/lib/egl/libGLES_android.so
D/libEGL  (14069): loaded /vendor/lib/egl/libEGL_mtk.so
D/libEGL  (14069): loaded /vendor/lib/egl/libGLESv1_CM_mtk.so
D/AudioYusuHardware( 3426): EnableHeadPhone(enable=0) 
D/AudioAMPControl( 3426): setHeadphone::mode=0,prestate=0,state=0
D/AudioYusuHardware( 3426): Audio_Find_Normal_Output_Device mRoutes=0x2
D/AudioStreamHandler( 3426): AudioStartRunning mCurrentDevice = 0x2
D/AudioAfe( 3426): !!! Afe_DL_Start OpenMode=0 
