D/dalvikvm(  233): threadid=0: freeing
V/WindowManager(  233): Changing focus from null to Window{42198e88 hcb14.nhom6.behocvan/hcb14.nhom6.behocvan.MainFragmentActivity paused=false}
I/WindowManager(  233): Gaining focus: Window{42198e88 hcb14.nhom6.behocvan/hcb14.nhom6.behocvan.MainFragmentActivity paused=false}
I/SurfaceTexture(  100): [hcb14.nhom6.behocvan/hcb14.nhom6.behocvan.MainFragmentActivity(0x156a460)] connect: api=1
W/ResourceType(13781): getEntry failing because entryIndex 1838 is beyond type entryCount 301
W/ResourceType(13781): Failure getting entry for 0x7f02072e (t=1 e=1838) in package 0 (error -2147483647)
W/ResourceType(13781): getEntry failing because entryIndex 1910 is beyond type entryCount 301
W/ResourceType(13781): Failure getting entry for 0x7f020776 (t=1 e=1910) in package 0 (error -2147483647)
W/SimAccountType(13781): addDataKindPhone
W/UsimAccountType(13781): addDataKindPhone
I/yongjian(13781): bl : false
D/AccountTypeManager(13781): Registering 1 extension packages
E/ExternalAccountType(13781): Unsupported attribute readOnly
W/ResourceType(13781): getEntry failing because entryIndex 422 is beyond type entryCount 301
W/ResourceType(13781): Failure getting entry for 0x7f0201a6 (t=1 e=422) in package 0 (error -2147483647)
I/ActivityManager(  233): [AppLaunch] Displayed hcb14.nhom6.behocvan/.MainFragmentActivity: +1s848ms
D/ActivityManager(  233): AP_PROF:AppLaunch_LaunchTime:hcb14.nhom6.behocvan/.MainFragmentActivity:1848:91462419
I/SurfaceFlinger(  100): [SurfaceFlinger] frames:32, duration:4.454000, fps:7.183841
D/ConnectivityService(  233): getActiveNetworkInfo:null
D/OpenGLRenderer(13761): Flushing caches (mode 0)
D/AccountTypeManager(13781): Registering extension package account type=com.google, dataSet=plus, packageName=com.google.android.apps.plus
I/SurfaceTexture(  100): [hcb14.nhom6.behocvan/hcb14.nhom6.behocvan.MainActivity(0x156f6e0)] disconnect: api=1
I/dalvikvm(13746): Could not find method android.content.res.Configuration.setLayoutDirection, referenced from method com.facebook.resources.FbResources.a
W/dalvikvm(13746): VFY: unable to resolve virtual method 343: Landroid/content/res/Configuration;.setLayoutDirection (Ljava/util/Locale;)V
D/dalvikvm(13746): VFY: replacing opcode 0x6e at 0x000e
V/ActivityManager(  233): Stopping ActivityRecord{422eb578 hcb14.nhom6.behocvan/.MainActivity}: nowVisible=true waitingVisible=true finishing=false
I/AccountTypeManager(13781): getAccountTypeBySlot()+ - slotId:0
I/AccountTypeManager(13781): getAccountTypeBySlot()- - slotId:0 AccountType:SIM Account
I/AccountTypeManager(13781): getSimAccountNameBySlot()+ slotId:0
I/AccountTypeManager(13781): getSimAccountNameBySlot() slotId:0 simType(0-SIM/1-USIM):0
I/AccountTypeManager(13781): getSimAccountNameBySlot()- slotId:0 SimName:SIM0
I/AccountTypeManager(13781): loadAccountsInBackground slotid:0 AccountType:SIM Account simName:SIM0
I/Contacts/AWDSE(13781): AccountWithDataSetEx - name:SIM0type:SIM Account slot:-1
I/Contacts/AWDSE(13781): AccountWithDataSetEx - name:SIM0type:SIM Account slot:-1
I/AccountTypeManager(13781): getAccountTypeBySlot()+ - slotId:1
I/AccountTypeManager(13781): getAccountTypeBySlot()- - slotId:1 AccountType:SIM Account
I/AccountTypeManager(13781): getSimAccountNameBySlot()+ slotId:1
I/AccountTypeManager(13781): getSimAccountNameBySlot() slotId:1 simType(0-SIM/1-USIM):0
I/AccountTypeManager(13781): getSimAccountNameBySlot()- slotId:1 SimName:SIM1
I/AccountTypeManager(13781): loadAccountsInBackground slotid2:1 AccountType:SIM Account simName:SIM1
I/Contacts/AWDSE(13781): AccountWithDataSetEx - name:SIM1type:SIM Account slot:-1
I/Contacts/AWDSE(13781): AccountWithDataSetEx - name:SIM1type:SIM Account slot:-1
I/dalvikvm(13746): Could not find method android.app.PendingIntent.getCreatorPackage, referenced from method com.facebook.musiccontroller.RemoteControlDisplayManager.e
W/dalvikvm(13746): VFY: unable to resolve virtual method 302: Landroid/app/PendingIntent;.getCreatorPackage ()Ljava/lang/String;
D/dalvikvm(13746): VFY: replacing opcode 0x6e at 0x000e
I/AccountTypeManager(13781): it is phone
I/AccountTypeManager(13781): Loaded meta-data for 8 account types, 5 accounts in 2729ms(wall) 464ms(cpu)
I/AccountTypeManager(13781): loadAccountsInBackground()-
I/AccountTypeManager(13781): loadAccountsInBackground()+
I/AccountTypeManager(13781): the AuthenticatorDescription [] auths = [Landroid.accounts.AuthenticatorDescription;@418e9348
I/AccountTypeManager(13781): the   type is com.android.exchange the auth is = AuthenticatorDescription {type=com.android.exchange}
I/AccountTypeManager(13781): the AuthenticatorDescription [] auths = [Landroid.accounts.AuthenticatorDescription;@418e9348
I/AccountTypeManager(13781): the   type is com.facebook.messenger the auth is = AuthenticatorDescription {type=com.facebook.messenger}
D/AccountTypeManager(13781): Registering external account type=com.facebook.messenger, packageName=com.facebook.orca
W/ResourceType(13781): getEntry failing because entryIndex 3228 is beyond type entryCount 301
W/ResourceType(13781): Failure getting entry for 0x7f020c9c (t=1 e=3228) in package 0 (error -2147483647)
W/ResourceType(13781): getEntry failing because entryIndex 3229 is beyond type entryCount 301
W/ResourceType(13781): Failure getting entry for 0x7f020c9d (t=1 e=3229) in package 0 (error -2147483647)
W/ResourceType(13781): getEntry failing because entryIndex 3230 is beyond type entryCount 301
W/ResourceType(13781): Failure getting entry for 0x7f020c9e (t=1 e=3230) in package 0 (error -2147483647)
I/AccountTypeManager(13781): the AuthenticatorDescription [] auths = [Landroid.accounts.AuthenticatorDescription;@418e9348
I/AccountTypeManager(13781): the   type is com.google the auth is = AuthenticatorDescription {type=com.google}
I/AccountTypeManager(13781): the AuthenticatorDescription [] auths = [Landroid.accounts.AuthenticatorDescription;@418e9348
I/AccountTypeManager(13781): the   type is com.facebook.auth.login the auth is = AuthenticatorDescription {type=com.facebook.auth.login}
D/AccountTypeManager(13781): Registering external account type=com.facebook.auth.login, packageName=com.facebook.katana
D/dalvikvm(13746): threadid=11: interp stack at 0x4c220000
D/dalvikvm(13746): threadid=11: calling run()
D/dalvikvm(13746): threadid=12: interp stack at 0x4c228000
D/dalvikvm(13746): threadid=12: calling run()
W/fb4a(:dash):BaseAnalyticsConfig(13746): willEventBeLogged() called before shared prefs were initialized! Defaulting to true.
V/ActivityManager(  233): Activity idle: Token{41bf5c88 ActivityRecord{418777b0 hcb14.nhom6.behocvan/.MainFragmentActivity}}
D/PowerManagerService(  233): releaseWakeLock flags=0x1 tag=ActivityManager-Launch total_time=2337ms
V/ActivityManager(  233): Stopping ActivityRecord{422eb578 hcb14.nhom6.behocvan/.MainActivity}: nowVisible=true waitingVisible=false finishing=false
V/ActivityManager(  233): Ready to stop: ActivityRecord{422eb578 hcb14.nhom6.behocvan/.MainActivity}
D/ActivityThread(13761): ACT-STOP_ACTIVITY_HIDE handled : 0 / android.os.BinderProxy@417d4e98
V/ActivityManager(  233): Activity stopped: token=Token{420033d8 ActivityRecord{422eb578 hcb14.nhom6.behocvan/.MainActivity}}
W/ResourceType(13781): getEntry failing because entryIndex 1838 is beyond type entryCount 301
W/ResourceType(13781): Failure getting entry for 0x7f02072e (t=1 e=1838) in package 0 (error -2147483647)
W/ResourceType(13781): getEntry failing because entryIndex 1910 is beyond type entryCount 301
W/ResourceType(13781): Failure getting entry for 0x7f020776 (t=1 e=1910) in package 0 (error -2147483647)
D/dalvikvm(13746): threadid=13: interp stack at 0x4c230000
D/dalvikvm(13746): threadid=13: calling run()
W/SimAccountType(13781): addDataKindPhone
W/UsimAccountType(13781): addDataKindPhone
I/yongjian(13781): bl : false
D/AccountTypeManager(13781): Registering 1 extension packages
E/ExternalAccountType(13781): Unsupported attribute readOnly
W/ResourceType(13781): getEntry failing because entryIndex 422 is beyond type entryCount 301
W/ResourceType(13781): Failure getting entry for 0x7f0201a6 (t=1 e=422) in package 0 (error -2147483647)
D/AccountTypeManager(13781): Registering extension package account type=com.google, dataSet=plus, packageName=com.google.android.apps.plus
I/AccountTypeManager(13781): getAccountTypeBySlot()+ - slotId:0
I/AccountTypeManager(13781): getAccountTypeBySlot()- - slotId:0 AccountType:SIM Account
I/AccountTypeManager(13781): getSimAccountNameBySlot()+ slotId:0
I/AccountTypeManager(13781): getSimAccountNameBySlot() slotId:0 simType(0-SIM/1-USIM):0
I/AccountTypeManager(13781): getSimAccountNameBySlot()- slotId:0 SimName:SIM0
I/AccountTypeManager(13781): loadAccountsInBackground slotid:0 AccountType:SIM Account simName:SIM0
I/Contacts/AWDSE(13781): AccountWithDataSetEx - name:SIM0type:SIM Account slot:-1
I/Contacts/AWDSE(13781): AccountWithDataSetEx - name:SIM0type:SIM Account slot:-1
I/AccountTypeManager(13781): getAccountTypeBySlot()+ - slotId:1
I/AccountTypeManager(13781): getAccountTypeBySlot()- - slotId:1 AccountType:SIM Account
I/AccountTypeManager(13781): getSimAccountNameBySlot()+ slotId:1
I/AccountTypeManager(13781): getSimAccountNameBySlot() slotId:1 simType(0-SIM/1-USIM):0
I/AccountTypeManager(13781): getSimAccountNameBySlot()- slotId:1 SimName:SIM1
I/AccountTypeManager(13781): loadAccountsInBackground slotid2:1 AccountType:SIM Account simName:SIM1
I/Contacts/AWDSE(13781): AccountWithDataSetEx - name:SIM1type:SIM Account slot:-1
I/Contacts/AWDSE(13781): AccountWithDataSetEx - name:SIM1type:SIM Account slot:-1
I/AccountTypeManager(13781): it is phone
I/AccountTypeManager(13781): Loaded meta-data for 8 account types, 5 accounts in 167ms(wall) 41ms(cpu)
I/AccountTypeManager(13781): loadAccountsInBackground()-
W/fb4a(:dash):BaseAnalyticsConfig(13746): willEventBeLogged() called before shared prefs were initialized! Defaulting to true.
D/ActivityThread(13746): BIND_APPLICATION handled : 0 / AppBindData{appInfo=ApplicationInfo{417d2c00 com.facebook.katana}}
D/ActivityThread(13746): BDC-Calling onReceive: intent=Intent { act=android.intent.action.PACKAGE_REMOVED dat=package:hcb14.nhom6.behocvan flg=0x10000010 cmp=com.facebook.katana/com.facebook.dash.receivers.DashPackageUninstallReceiver (has extras) }, ordered=true, receiver=com.facebook.dash.receivers.DashPackageUninstallReceiver@419715c8
D/dalvikvm(13746): threadid=14: interp stack at 0x4c238000
D/dalvikvm(13746): threadid=14: calling run()
D/ActivityThread(13746): BDC-RECEIVER handled : 0 / ReceiverData{intent=Intent { act=android.intent.action.PACKAGE_REMOVED dat=package:hcb14.nhom6.behocvan flg=0x10000010 cmp=com.facebook.katana/com.facebook.dash.receivers.DashPackageUninstallReceiver (has extras) } packageName=com.facebook.katana resultCode=0 resultData=null resultExtras=null}
D/dalvikvm(  101): threadid=2: exiting
D/dalvikvm(  101): threadid=2: bye!
D/dalvikvm(  101): threadid=0: freeing
D/dalvikvm(  101): threadid=3: exiting
D/dalvikvm(  101): threadid=3: bye!
D/dalvikvm(  101): threadid=0: freeing
D/dalvikvm(  101): threadid=4: exiting
D/dalvikvm(  101): threadid=4: bye!
D/dalvikvm(  101): threadid=0: freeing
D/dalvikvm(13811): threadid=2: interp stack at 0x40000000
D/dalvikvm(  101): threadid=2: interp stack at 0x49479000
D/dalvikvm(  101): threadid=3: interp stack at 0x4c02b000
D/dalvikvm(13811): threadid=3: interp stack at 0x40008000
D/dalvikvm(  101): threadid=3: calling run()
D/dalvikvm(  101): threadid=2: calling run()
D/dalvikvm(  101): threadid=4: interp stack at 0x49481000
D/dalvikvm(13811): threadid=4: interp stack at 0x49479000
I/ActivityManager(  233): Start proc com.android.vending for broadcast com.android.vending/com.google.android.finsky.receivers.PackageMonitorReceiver$RegisteredReceiver: pid=13811 uid=10059 gids={3003, 1015}
D/dalvikvm(13811): threadid=5: interp stack at 0x49481000
D/dalvikvm(13811): threadid=5: calling run()
D/dalvikvm(  101): threadid=4: calling run()
D/dalvikvm(13811): threadid=6: interp stack at 0x49489000
D/dalvikvm(13811): threadid=6: calling run()
D/dalvikvm(13811): threadid=7: interp stack at 0x49491000
D/dalvikvm(13811): threadid=7: calling run()
D/IPCThreadState(  233): [DN #5] BR_DEAD_BINDER cookie 0x1fd9a98
V/ActivityManager(  233): Death received in com.android.server.am.ActivityManagerService$AppDeathRecipient@41bbb228 for thread android.os.BinderProxy@41d22f88
I/ActivityManager(  233): Process com.facebook.katana:dash (pid 13746) has died.
V/ActivityManager(  233): Dying app: ProcessRecord{422e13a8 13746:com.facebook.katana:dash/10015}, pid: 13746, thread: android.os.BinderProxy@41d22f88
V/ActivityManager(  233): Removing app ProcessRecord{422e13a8 0:com.facebook.katana:dash/10015} from list [ActivityRecord{42171f48 com.android.phone/.InCallScreen}, ActivityRecord{41855e70 com.android.settings/.SubSettings}, ActivityRecord{41db6028 com.android.launcher/com.android.launcher2.Launcher}, ActivityRecord{422eb578 hcb14.nhom6.behocvan/.MainActivity}, ActivityRecord{418777b0 hcb14.nhom6.behocvan/.MainFragmentActivity}] with 5 entries
V/ActivityManager(  233): Record #4 ActivityRecord{418777b0 hcb14.nhom6.behocvan/.MainFragmentActivity}: app=ProcessRecord{41cca208 13761:hcb14.nhom6.behocvan/10069}
V/ActivityManager(  233): Record #3 ActivityRecord{422eb578 hcb14.nhom6.behocvan/.MainActivity}: app=ProcessRecord{41cca208 13761:hcb14.nhom6.behocvan/10069}
V/ActivityManager(  233): Record #2 ActivityRecord{41db6028 com.android.launcher/com.android.launcher2.Launcher}: app=ProcessRecord{41c92b80 30634:com.android.launcher/10028}
V/ActivityManager(  233): Record #1 ActivityRecord{41855e70 com.android.settings/.SubSettings}: app=ProcessRecord{4216c168 10301:com.android.settings/1000}
V/ActivityManager(  233): Record #0 ActivityRecord{42171f48 com.android.phone/.InCallScreen}: app=ProcessRecord{41d09ef8 435:com.android.phone/1001}
V/ActivityManager(  233): Removing app ProcessRecord{422e13a8 0:com.facebook.katana:dash/10015} from list [] with 0 entries
V/ActivityManager(  233): Removing app ProcessRecord{422e13a8 0:com.facebook.katana:dash/10015} from list [] with 0 entries
V/ActivityManager(  233): Removing app ProcessRecord{422e13a8 0:com.facebook.katana:dash/10015} from list [] with 0 entries
V/ActivityManager(  233): Removing app ProcessRecord{422e13a8 0:com.facebook.katana:dash/10015} from list [] with 0 entries
D/dalvikvm(  233): threadid=63: interp stack at 0x4d0db000
D/dalvikvm(  233): threadid=63: calling run()
D/IPCThreadState(  233): [DN #5] BR_CLEAR_DEATH_NOTIFICATION_DONE cookie 0x1fd9a98
D/dalvikvm(  233): threadid=63: exiting
D/dalvikvm(  233): threadid=63: bye!
D/dalvikvm(  233): threadid=0: freeing
D/dalvikvm(13811): threadid=8: interp stack at 0x49499000
D/dalvikvm(13811): threadid=9: interp stack at 0x494a1000
V/ActivityManager(  233): Binding process pid 13811 to record ProcessRecord{42171a38 13811:com.android.vending/10059}
V/ActivityManager(  233): New death recipient com.android.server.am.ActivityManagerService$AppDeathRecipient@418213b0 for thread android.os.BinderProxy@41b12768
V/ActivityManager(  233): New app record ProcessRecord{42171a38 13811:com.android.vending/10059} thread=android.os.BinderProxy@41b12768 pid=13811
I/ActivityThread(13811): Pub com.google.android.finsky.RecentSuggestionsProvider: com.google.android.finsky.providers.RecentSuggestionsProvider
D/IPCThreadState(  375): [DN #5] BR_CLEAR_DEATH_NOTIFICATION_DONE cookie 0x20cc588
D/dalvikvm(13811): threadid=10: interp stack at 0x4c02b000
D/dalvikvm(13811): threadid=10: calling run()
D/dalvikvm(13811): threadid=11: interp stack at 0x4c033000
D/dalvikvm(13811): threadid=11: calling run()
D/dalvikvm(13811): threadid=11: exiting
D/dalvikvm(13811): threadid=11: bye!
D/dalvikvm(13811): threadid=0: freeing
E/dalvikvm(13811): Could not find class 'android.app.AppOpsManager', referenced from method com.google.android.gms.common.GooglePlayServicesUtil.zza
W/dalvikvm(13811): VFY: unable to resolve check-cast 35 (Landroid/app/AppOpsManager;) in Lcom/google/android/gms/common/GooglePlayServicesUtil;
D/dalvikvm(13811): VFY: replacing opcode 0x1f at 0x0010
I/dalvikvm(13811): Could not find method android.content.pm.PackageManager.getPackageInstaller, referenced from method com.google.android.gms.common.GooglePlayServicesUtil.zzi
W/dalvikvm(13811): VFY: unable to resolve virtual method 615: Landroid/content/pm/PackageManager;.getPackageInstaller ()Landroid/content/pm/PackageInstaller;
D/dalvikvm(13811): VFY: replacing opcode 0x6e at 0x000e
E/dalvikvm(13811): Could not find class 'android.os.UserManager', referenced from method com.google.android.gms.common.GooglePlayServicesUtil.zzi
W/dalvikvm(13811): VFY: unable to resolve check-cast 287 (Landroid/os/UserManager;) in Lcom/google/android/gms/common/GooglePlayServicesUtil;
D/dalvikvm(13811): VFY: replacing opcode 0x1f at 0x0040
D/dalvikvm(13811): threadid=11: interp stack at 0x4c033000
D/dalvikvm(13811): threadid=11: calling run()
V/Provider/Setting(13811): invalidate [secure]: current 19 != cached 0
D/Settings/Provide(  233): lookupValue, table secure cache.containsKey android_id
D/dalvikvm(13811): threadid=12: interp stack at 0x4c03b000
D/dalvikvm(13811): threadid=12: calling run()
D/IPCThreadState(  375): [DN #5] BR_CLEAR_DEATH_NOTIFICATION_DONE cookie 0x2165488
D/Finsky  (13811): [1] FinskyApp.onCreate: Initializing network with DFE https://android.clients.google.com/fdfe/
D/dalvikvm(13811): threadid=13: interp stack at 0x4c1bc000
D/dalvikvm(13811): threadid=13: calling run()
D/InputReader(  233): AP_PROF:AppLaunch_dispatchPtr:Down:91463896
D/InputManager-JNI(  233): pokeUserActivity : eventType=2
D/PowerManagerService(  233): userActivity mLastEventTime=91460186 time=91463896 mUserActivityAllowed=true mUserState=0x3 mWakeLockState=0x0 mProximitySensorActive=false mProximitySensorEnabed=false timeoutOverride=-1 force=false
D/PowerManagerService(  233): reactivateScreenLocksLocked mProxIgnoredBecauseScreenTurnedOff=false
D/PowerManagerService(  233): setPowerState: mPowerState=0x3 newState=0x3 noChangeLights=false reason=2
D/PowerManagerService(  233): setTimeoutLocked now=91463896 timeoutOverride=-1 nextState=3 when=91469896
D/InputManager-JNI(  233): pokeUserActivity : eventType=2
D/dalvikvm(13811): threadid=14: interp stack at 0x4c1c4000
D/dalvikvm(13811): threadid=14: calling run()
D/dalvikvm(13811): threadid=15: interp stack at 0x4c21e000
D/dalvikvm(13811): threadid=15: calling run()
D/dalvikvm(13811): threadid=16: interp stack at 0x4c226000
D/dalvikvm(13811): threadid=16: calling run()
D/InputManager-JNI(  233): pokeUserActivity : eventType=2
D/InputManager-JNI(  233): pokeUserActivity : eventType=2
I/SurfaceFlinger(  100): [SurfaceFlinger] frames:21, duration:1.481000, fps:14.171365
D/InputManager-JNI(  233): pokeUserActivity : eventType=2
D/InputManager-JNI(  233): pokeUserActivity : eventType=2
D/TelephonyManager(13811): getDefaultSim is sim1
D/InputManager-JNI(  233): pokeUserActivity : eventType=2
D/InputManager-JNI(  233): pokeUserActivity : eventType=2
D/InputManager-JNI(  233): pokeUserActivity : eventType=2
D/InputManager-JNI(  233): pokeUserActivity : eventType=2
D/dalvikvm(13811): threadid=17: interp stack at 0x4c22e000
D/dalvikvm(13811): threadid=17: calling run()
D/dalvikvm(13811): threadid=17: exiting
D/dalvikvm(13811): threadid=17: bye!
D/dalvikvm(13811): threadid=0: freeing
D/InputManager-JNI(  233): pokeUserActivity : eventType=2
D/InputManager-JNI(  233): pokeUserActivity : eventType=2
D/InputReader(  233): AP_PROF:AppLaunch_dispatchPtr:Up:91463993
D/InputManager-JNI(  233): pokeUserActivity : eventType=2
D/InputManager-JNI(  233): pokeUserActivity : eventType=2
V/ActivityManager(  233): Broadcast sticky: Intent { act=android.intent.action.SIG_STR flg=0x10 (has extras) } ordered=false
D/NetworkControllerGemini(  315): PhoneStateListener:onSignalStrengthsChanged, sim1 before.
D/NetworkControllerGemini(  315): PhoneStateListener:onSignalStrengthsChanged, signalStrength=4
D/NetworkControllerGemini(  315): isSimInserted(0), SimInserted=true
D/NetworkControllerGemini(  315): updateTelephonySignalStrength(0), regState=1
D/NetworkControllerGemini(  315): updateTelephonySignalStrength(0), hasService=true
D/NetworkControllerGemini(  315): updateTelephonySignalStrength(0), isRoaming=false, mInetCondition=0
D/Bluetooth HS/HF(  435): [BT][HFG] [API] mStateReceiver.onReceive(android.intent.action.SIG_STR)
D/Bluetooth HS/HF(  435): [BT][HFG] [API] mHandler.handleMessage(10)
D/NetworkControllerGemini(  315): updateTelephonySignalStrength(0), simColorId=0
D/NetworkControllerGemini(  315): isSimInserted(0), SimInserted=true
D/NetworkControllerGemini(  315): isSimInserted(1), SimInserted=true
D/NetworkControllerGemini(  315): updateOperatorInfo, sim1Inserted is true, sim2Inserted is true.
D/NetworkControllerGemini(  315): updateSignalBackgroundBySlotId(0), MobileVisible=true, ResId=33685707
D/NetworkControllerGemini(  315): refreshViews(0), DataConnected=false
D/NetworkControllerGemini(  315): refreshViews(0), dataTypeIconId=0
D/SignalClusterViewGemini(  315): setDataConnected(0), dataConnected=false
D/SignalClusterViewGemini(  315): setDataNetType3G(0), dataNetType3G=false
D/SignalClusterViewGemini(  315): apply, mMobileVisible=true mMobileActivityId=0 mMobileTypeId=0
D/SignalClusterViewGemini(  315): apply, mMobileVisibleGemini=true mMobileActivityIdGemini=0 mMobileTypeIdGemini=0
D/SignalClusterViewGemini(  315): apply, mMobileVisible=true, mWifiVisible=false, mIsAirplaneMode=false
D/NetworkControllerGemini(  315): refreshViews(0), DataConnected=false
D/NetworkControllerGemini(  315): refreshViews(0), dataTypeIconId=0
D/SignalClusterViewGemini(  315): setDataConnected(0), dataConnected=false
D/SignalClusterViewGemini(  315): setDataNetType3G(0), dataNetType3G=false
D/SignalClusterViewGemini(  315): apply, mMobileVisible=true mMobileActivityId=0 mMobileTypeId=0
D/SignalClusterViewGemini(  315): apply, mMobileVisibleGemini=true mMobileActivityIdGemini=0 mMobileTypeIdGemini=0
D/SignalClusterViewGemini(  315): apply, mMobileVisible=true, mWifiVisible=false, mIsAirplaneMode=false
D/NetworkControllerGemini(  315): PhoneStateListener:onSignalStrengthsChanged, sim1 after.
D/dalvikvm(13761): GC_FOR_ALLOC freed 162K, 4% free 12418K/12871K, paused 53ms
D/dalvikvm(13811): GC_CONCURRENT freed 740K, 8% free 10332K/11207K, paused 3ms+2ms
I/dalvikvm(13811): Could not find method android.content.pm.ApplicationInfo.loadUnbadgedIcon, referenced from method com.google.android.finsky.utils.NotificationManager.showSuccessfulInstallMessage
W/dalvikvm(13811): VFY: unable to resolve virtual method 548: Landroid/content/pm/ApplicationInfo;.loadUnbadgedIcon (Landroid/content/pm/PackageManager;)Landroid/graphics/drawable/Drawable;
D/dalvikvm(13811): VFY: replacing opcode 0x6e at 0x01d3
D/dalvikvm(13811): threadid=17: interp stack at 0x4c22e000
D/dalvikvm(13811): threadid=17: calling run()
D/dalvikvm(13811): threadid=18: interp stack at 0x4c236000
D/dalvikvm(13811): threadid=18: calling run()
D/InputReader(  233): AP_PROF:AppLaunch_dispatchPtr:Down:91464203
D/InputManager-JNI(  233): pokeUserActivity : eventType=2
D/InputManager-JNI(  233): pokeUserActivity : eventType=2
I/dalvikvm(13811): Could not find method android.content.pm.PackageManager.getLeanbackLaunchIntentForPackage, referenced from method com.google.android.finsky.appstate.PackageManagerRepository.canLaunch
W/dalvikvm(13811): VFY: unable to resolve virtual method 611: Landroid/content/pm/PackageManager;.getLeanbackLaunchIntentForPackage (Ljava/lang/String;)Landroid/content/Intent;
D/dalvikvm(13811): VFY: replacing opcode 0x6e at 0x000a
D/dalvikvm(13811): threadid=19: interp stack at 0x4c23e000
D/InputManager-JNI(  233): pokeUserActivity : eventType=2
D/dalvikvm(13811): threadid=19: calling run()
D/dalvikvm(13811): threadid=20: interp stack at 0x4cade000
D/dalvikvm(13811): threadid=20: calling run()
D/dalvikvm(13811): threadid=21: interp stack at 0x4cae6000
D/dalvikvm(13811): threadid=21: calling run()
D/dalvikvm(13811): threadid=22: interp stack at 0x4caee000
D/dalvikvm(13811): threadid=22: calling run()
D/dalvikvm(13811): threadid=23: interp stack at 0x4caf6000
D/dalvikvm(13811): threadid=23: calling run()
D/dalvikvm(13811): threadid=24: interp stack at 0x4cafe000
D/dalvikvm(13811): threadid=24: calling run()
D/TelephonyManager(13811): getDefaultSim is sim1
D/dalvikvm(13811): threadid=25: interp stack at 0x4cb06000
D/dalvikvm(13811): threadid=25: calling run()
D/InputReader(  233): AP_PROF:AppLaunch_dispatchPtr:Up:91464267
D/dalvikvm(13811): threadid=26: interp stack at 0x4cb0e000
D/dalvikvm(13811): threadid=26: calling run()
I/dalvikvm(13811): Could not find method android.provider.Settings$Global.getInt, referenced from method com.google.android.finsky.services.DailyHygiene.isProvisioned
W/dalvikvm(13811): VFY: unable to resolve static method 1480: Landroid/provider/Settings$Global;.getInt (Landroid/content/ContentResolver;Ljava/lang/String;I)I
D/dalvikvm(13811): VFY: replacing opcode 0x71 at 0x0011
D/Finsky  (13811): [1] DailyHygiene.goMakeHygieneIfDirty: No need to run daily hygiene.
I/dalvikvm(13811): Could not find method android.app.admin.DevicePolicyManager.isDeviceOwnerApp, referenced from method com.google.android.finsky.utils.DeviceManagementHelper.updateCachedValues
W/dalvikvm(13811): VFY: unable to resolve virtual method 338: Landroid/app/admin/DevicePolicyManager;.isDeviceOwnerApp (Ljava/lang/String;)Z
D/dalvikvm(13811): VFY: replacing opcode 0x6e at 0x0027
I/dalvikvm(13811): Could not find method android.provider.Settings$Global.getInt, referenced from method com.google.android.finsky.utils.DeviceManagementHelper.updateCachedValues
W/dalvikvm(13811): VFY: unable to resolve static method 1480: Landroid/provider/Settings$Global;.getInt (Landroid/content/ContentResolver;Ljava/lang/String;I)I
D/dalvikvm(13811): VFY: replacing opcode 0x71 at 0x004d
D/InputManager-JNI(  233): pokeUserActivity : eventType=2
D/InputManager-JNI(  233): pokeUserActivity : eventType=2
D/dalvikvm(13811): threadid=27: interp stack at 0x4cb16000
D/dalvikvm(13811): threadid=27: calling run()
I/dalvikvm(13811): Could not find method android.os.StatFs.getAvailableBytes, referenced from method com.google.android.finsky.installer.InstallPolicies.isFreeSpaceSufficient
D/InputManager-JNI(  233): pokeUserActivity : eventType=2
W/dalvikvm(13811): VFY: unable to resolve virtual method 1433: Landroid/os/StatFs;.getAvailableBytes ()J
D/dalvikvm(13811): VFY: replacing opcode 0x6e at 0x000f
I/dalvikvm(13811): Could not find method android.provider.Settings$Global.getInt, referenced from method com.google.android.finsky.installer.InstallPolicies.isFreeSpaceSufficient
W/dalvikvm(13811): VFY: unable to resolve static method 1480: Landroid/provider/Settings$Global;.getInt (Landroid/content/ContentResolver;Ljava/lang/String;I)I
D/dalvikvm(13811): VFY: replacing opcode 0x71 at 0x0064
D/Settings/Provide(  233): lookupValue, table secure cache.containsKey download_manager_max_bytes_over_mobile
D/Settings/Provide(  233): lookupValue, table secure cache.fullyMatchesDisk() download_manager_max_bytes_over_mobile
D/Settings/Provide(  233): lookupValue, table secure cache.containsKey download_manager_recommended_max_bytes_over_mobile
D/Settings/Provide(  233): lookupValue, table secure cache.fullyMatchesDisk() download_manager_recommended_max_bytes_over_mobile
D/dalvikvm(13811): threadid=28: interp stack at 0x4cb1e000
D/dalvikvm(13811): threadid=28: calling run()
I/dalvikvm(13811): Could not find method com.google.android.finsky.layout.DocImageView.setTransitionName, referenced from method com.google.android.finsky.utils.PlayCardUtils.bindCard
W/dalvikvm(13811): VFY: unable to resolve virtual method 20807: Lcom/google/android/finsky/layout/DocImageView;.setTransitionName (Ljava/lang/String;)V
D/dalvikvm(13811): VFY: replacing opcode 0x6e at 0x013c
I/dalvikvm(13811): Could not find method com.google.android.finsky.layout.DocImageView.setTransitionName, referenced from method com.google.android.finsky.utils.PlayCardUtils.bindCard
W/dalvikvm(13811): VFY: unable to resolve virtual method 20807: Lcom/google/android/finsky/layout/DocImageView;.setTransitionName (Ljava/lang/String;)V
D/dalvikvm(13811): VFY: replacing opcode 0x6e at 0x037f
I/dalvikvm(13811): Could not find method com.google.android.finsky.layout.DocImageView.setTransitionName, referenced from method com.google.android.finsky.utils.PlayCardUtils.bindCard
W/dalvikvm(13811): VFY: unable to resolve virtual method 20807: Lcom/google/android/finsky/layout/DocImageView;.setTransitionName (Ljava/lang/String;)V
D/dalvikvm(13811): VFY: replacing opcode 0x6e at 0x0385
I/dalvikvm(13811): Could not find method android.view.View.getTransitionName, referenced from method com.google.android.finsky.navigationmanager.NavigationManager.showPage
W/dalvikvm(13811): VFY: unable to resolve virtual method 9030: Landroid/view/View;.getTransitionName ()Ljava/lang/String;
D/dalvikvm(13811): VFY: replacing opcode 0x6e at 0x0019
D/TelephonyManager(13811): getDefaultSim is sim1
D/IPCThreadState(  375): [DN #5] BR_CLEAR_DEATH_NOTIFICATION_DONE cookie 0x20ff1c8
D/IPCThreadState(  233): [DN #5] BR_CLEAR_DEATH_NOTIFICATION_DONE cookie 0x2432870
D/IPCThreadState(  375): [DN #5] BR_CLEAR_DEATH_NOTIFICATION_DONE cookie 0x20855d0
D/IPCThreadState(  233): [DN #5] BR_CLEAR_DEATH_NOTIFICATION_DONE cookie 0x2474580
I/dalvikvm(13811): Could not find method android.content.res.Configuration.setLayoutDirection, referenced from method com.google.android.play.utils.PlayUtils.forceLayoutDirectionToLtr
W/dalvikvm(13811): VFY: unable to resolve virtual method 649: Landroid/content/res/Configuration;.setLayoutDirection (Ljava/util/Locale;)V
D/dalvikvm(13811): VFY: replacing opcode 0x6e at 0x0010
I/dalvikvm(13811): Could not find method android.content.res.Configuration.getLayoutDirection, referenced from method com.google.android.play.utils.PlayUtils.useLtr
W/dalvikvm(13811): VFY: unable to resolve virtual method 647: Landroid/content/res/Configuration;.getLayoutDirection ()I
D/dalvikvm(13811): VFY: replacing opcode 0x6e at 0x0010
I/dalvikvm(13811): Could not find method android.content.pm.PackageManager.extendVerificationTimeout, referenced from method com.google.android.vending.verifier.PackageVerificationService.access$700
W/dalvikvm(13811): VFY: unable to resolve virtual method 599: Landroid/content/pm/PackageManager;.extendVerificationTimeout (IIJ)V
D/dalvikvm(13811): VFY: replacing opcode 0x6e at 0x0010
D/dalvikvm(13811): threadid=29: interp stack at 0x4cb26000
D/dalvikvm(13811): threadid=29: calling run()
D/dalvikvm(13811): threadid=29: exiting
D/dalvikvm(13811): threadid=29: bye!
D/dalvikvm(13811): threadid=0: freeing
D/ActivityThread(13811): BIND_APPLICATION handled : 0 / AppBindData{appInfo=ApplicationInfo{417d5488 com.android.vending}}
D/ActivityThread(13811): BDC-Calling onReceive: intent=Intent { act=android.intent.action.PACKAGE_REMOVED dat=package:hcb14.nhom6.behocvan flg=0x10000010 cmp=com.android.vending/com.google.android.finsky.receivers.PackageMonitorReceiver$RegisteredReceiver (has extras) }, ordered=true, receiver=com.google.android.finsky.receivers.PackageMonitorReceiver$RegisteredReceiver@41875338
D/dalvikvm(  101): threadid=2: exiting
D/dalvikvm(  101): threadid=2: bye!
D/dalvikvm(  101): threadid=0: freeing
D/dalvikvm(  101): threadid=3: exiting
D/dalvikvm(  101): threadid=3: bye!
D/dalvikvm(  101): threadid=0: freeing
D/dalvikvm(  101): threadid=4: exiting
D/dalvikvm(  101): threadid=4: bye!
D/dalvikvm(  101): threadid=0: freeing
D/dalvikvm(13846): threadid=2: interp stack at 0x40000000
D/dalvikvm(13846): threadid=3: interp stack at 0x40008000
D/dalvikvm(13846): threadid=4: interp stack at 0x49479000
D/dalvikvm(  101): threadid=2: interp stack at 0x49479000
D/dalvikvm(13846): threadid=5: interp stack at 0x49481000
D/dalvikvm(  101): threadid=2: calling run()
D/dalvikvm(13846): threadid=6: interp stack at 0x49489000
D/dalvikvm(  101): threadid=3: interp stack at 0x4c02b000
D/dalvikvm(13846): threadid=6: calling run()
D/dalvikvm(  101): threadid=3: calling run()
D/dalvikvm(  101): threadid=4: interp stack at 0x49481000
D/dalvikvm(13846): threadid=5: calling run()
D/dalvikvm(13846): threadid=7: interp stack at 0x49491000
I/ActivityManager(  233): Start proc android.process.media for content provider com.android.providers.downloads/.DownloadProvider: pid=13846 uid=10012 gids={1015, 1023, 1024, 3003, 2001, 3007}
D/dalvikvm(  101): threadid=4: calling run()
D/dalvikvm(13846): threadid=7: calling run()
D/dalvikvm(13846): threadid=8: interp stack at 0x49499000
D/dalvikvm(13846): threadid=9: interp stack at 0x494a1000
V/ActivityManager(  233): Binding process pid 13846 to record ProcessRecord{41b2a7f0 13846:android.process.media/10012}
V/ActivityManager(  233): New death recipient com.android.server.am.ActivityManagerService$AppDeathRecipient@41deec10 for thread android.os.BinderProxy@41b30e50
V/ActivityManager(  233): New app record ProcessRecord{41b2a7f0 13846:android.process.media/10012} thread=android.os.BinderProxy@41b30e50 pid=13846
V/AlarmManager(  233): set: Alarm{41beeae0 type 0 com.android.vending}
V/AlarmManager(  233): Adding alarm Alarm{41beeae0 type 0 com.android.vending} at 0
V/AlarmManager(  233): alarms: 10 type: 0
V/AlarmManager(  233): 0: Nov 30 03:30:10 am com.android.vending
V/AlarmManager(  233): 1: Nov 30 04:55:46 am com.socialnmobile.dictapps.notepad.color.note
V/AlarmManager(  233): 2: Nov 30 05:54:15 am com.android.providers.calendar
V/AlarmManager(  233): 3: Nov 30 07:00:00 am com.android.deskclock
V/AlarmManager(  233): 4: Nov 30 09:05:17 pm com.android.vending
V/AlarmManager(  233): 5: Dec 01 12:00:30 am com.socialnmobile.dictapps.notepad.color.note
V/AlarmManager(  233): 6: Dec 01 12:00:30 am com.socialnmobile.dictapps.notepad.color.note
V/AlarmManager(  233): 7: Dec 01 10:50:35 am com.google.android.gms
V/AlarmManager(  233): 8: Dec 07 01:11:15 am com.facebook.orca
V/AlarmManager(  233): 9: Dec 15 05:06:00 pm com.adobe.air
V/AlarmManager(  233): Native set alarm :Alarm{41beeae0 type 0 com.android.vending}
D/ActivityThread(13811): BDC-RECEIVER handled : 0 / ReceiverData{intent=Intent { act=android.intent.action.PACKAGE_REMOVED dat=package:hcb14.nhom6.behocvan flg=0x10000010 cmp=com.android.vending/com.google.android.finsky.receivers.PackageMonitorReceiver$RegisteredReceiver (has extras) } packageName=com.android.vending resultCode=0 resultData=null resultExtras=null}
D/dalvikvm(  101): GC_EXPLICIT freed 38K, 11% free 9200K/10307K, paused 2ms+3ms
D/ActivityThread(32118): BDC-Calling onReceive: intent=Intent { act=android.intent.action.PACKAGE_REMOVED dat=package:hcb14.nhom6.behocvan flg=0x10000010 cmp=com.adobe.air/com.adobe.mobile_playpanel.services.BootCompletedReceiver (has extras) }, ordered=true, receiver=com.adobe.mobile_playpanel.services.BootCompletedReceiver@417f8740
V/AlarmManager(  233): set: Alarm{4190e7f0 type 1 com.adobe.air}
V/AlarmManager(  233): Adding alarm Alarm{4190e7f0 type 1 com.adobe.air} at 0
V/AlarmManager(  233): alarms: 8 type: 1
V/AlarmManager(  233): 0: Nov 30 03:29:55 am com.adobe.air
V/AlarmManager(  233): 1: Nov 30 06:41:15 am com.facebook.katana
V/AlarmManager(  233): 2: Nov 30 12:00:00 pm android
V/AlarmManager(  233): 3: Dec 01 12:00:00 am com.android.calendar
V/AlarmManager(  233): 4: Dec 01 03:20:43 am com.facebook.katana
V/AlarmManager(  233): 5: Dec 01 03:23:47 am com.facebook.orca
V/AlarmManager(  233): 6: Dec 01 03:23:50 am com.facebook.orca
V/AlarmManager(  233): 7: Jan 28 10:12:57 pm com.facebook.katana
V/AlarmManager(  233): Native set alarm :Alarm{4190e7f0 type 1 com.adobe.air}
V/AlarmManager(  233): Checking for alarms... rtc=1448828995497, elapsed=387220141
V/AlarmManager(  233): Checking active alarm when=1448828995490 Alarm{4190e7f0 type 1 com.adobe.air}
V/AlarmManager(  233): Alarm triggering: Alarm{4190e7f0 type 1 com.adobe.air}
V/AlarmManager(  233): Checking active alarm when=1448840475357 Alarm{41e88b30 type 1 com.facebook.katana}
V/AlarmManager(  233): Native set alarm :Alarm{41e88b30 type 1 com.facebook.katana}
I/AlarmManager(  233): reset poweroff alarm none
V/AlarmManager(  233): sending alarm Alarm{4190e7f0 type 1 com.adobe.air}
V/ActivityManager(  233): Broadcast: Intent { flg=0x14 cmp=com.adobe.air/com.adobe.mobile_playpanel.services.StartPlayedFromBrowserReceiver (has extras) } ordered=true
D/PowerManagerService(  233): acquireWakeLock flags=0x1 tag=AlarmManager
V/AlarmManager(  233): Interval 60000 not a quantum multiple
V/AlarmManager(  233): set: Alarm{41b28290 type 1 com.adobe.air}
V/AlarmManager(  233): Adding alarm Alarm{41b28290 type 1 com.adobe.air} at 0
V/AlarmManager(  233): alarms: 8 type: 1
V/AlarmManager(  233): 0: Nov 30 03:30:55 am com.adobe.air
V/AlarmManager(  233): 1: Nov 30 06:41:15 am com.facebook.katana
V/AlarmManager(  233): 2: Nov 30 12:00:00 pm android
V/AlarmManager(  233): 3: Dec 01 12:00:00 am com.android.calendar
V/AlarmManager(  233): 4: Dec 01 03:20:43 am com.facebook.katana
V/AlarmManager(  233): 5: Dec 01 03:23:47 am com.facebook.orca
V/AlarmManager(  233): 6: Dec 01 03:23:50 am com.facebook.orca
V/AlarmManager(  233): 7: Jan 28 10:12:57 pm com.facebook.katana
V/AlarmManager(  233): Native set alarm :Alarm{41b28290 type 1 com.adobe.air}
D/ActivityThread(32118): BDC-RECEIVER handled : 0 / ReceiverData{intent=Intent { act=android.intent.action.PACKAGE_REMOVED dat=package:hcb14.nhom6.behocvan flg=0x10000010 cmp=com.adobe.air/com.adobe.mobile_playpanel.services.BootCompletedReceiver (has extras) } packageName=com.adobe.air resultCode=0 resultData=null resultExtras=null}
D/IPCThreadState(  233): [DN #5] BR_DEAD_BINDER cookie 0x22ce590
V/ActivityManager(  233): Death received in com.android.server.am.ActivityManagerService$AppDeathRecipient@418213b0 for thread android.os.BinderProxy@41b12768
D/IPCThreadState(  233): [DN #5] BR_DEAD_BINDER cookie 0x2119418
D/IPCThreadState(  233): [DN #5] BR_CLEAR_DEATH_NOTIFICATION_DONE cookie 0x2119418
I/ActivityManager(  233): Process com.android.vending (pid 13811) has died.
V/ActivityManager(  233): Dying app: ProcessRecord{42171a38 13811:com.android.vending/10059}, pid: 13811, thread: android.os.BinderProxy@41b12768
V/ActivityManager(  233): Removing app ProcessRecord{42171a38 0:com.android.vending/10059} from list [ActivityRecord{42171f48 com.android.phone/.InCallScreen}, ActivityRecord{41855e70 com.android.settings/.SubSettings}, ActivityRecord{41db6028 com.android.launcher/com.android.launcher2.Launcher}, ActivityRecord{422eb578 hcb14.nhom6.behocvan/.MainActivity}, ActivityRecord{418777b0 hcb14.nhom6.behocvan/.MainFragmentActivity}] with 5 entries
V/ActivityManager(  233): Record #4 ActivityRecord{418777b0 hcb14.nhom6.behocvan/.MainFragmentActivity}: app=ProcessRecord{41cca208 13761:hcb14.nhom6.behocvan/10069}
V/ActivityManager(  233): Record #3 ActivityRecord{422eb578 hcb14.nhom6.behocvan/.MainActivity}: app=ProcessRecord{41cca208 13761:hcb14.nhom6.behocvan/10069}
V/ActivityManager(  233): Record #2 ActivityRecord{41db6028 com.android.launcher/com.android.launcher2.Launcher}: app=ProcessRecord{41c92b80 30634:com.android.launcher/10028}
V/ActivityManager(  233): Record #1 ActivityRecord{41855e70 com.android.settings/.SubSettings}: app=ProcessRecord{4216c168 10301:com.android.settings/1000}
V/ActivityManager(  233): Record #0 ActivityRecord{42171f48 com.android.phone/.InCallScreen}: app=ProcessRecord{41d09ef8 435:com.android.phone/1001}
V/ActivityManager(  233): Removing app ProcessRecord{42171a38 0:com.android.vending/10059} from list [] with 0 entries
V/ActivityManager(  233): Removing app ProcessRecord{42171a38 0:com.android.vending/10059} from list [] with 0 entries
V/ActivityManager(  233): Removing app ProcessRecord{42171a38 0:com.android.vending/10059} from list [] with 0 entries
V/ActivityManager(  233): Removing app ProcessRecord{42171a38 0:com.android.vending/10059} from list [] with 0 entries
D/dalvikvm(  233): threadid=63: interp stack at 0x4d0db000
D/IPCThreadState(  233): [DN #5] BR_CLEAR_DEATH_NOTIFICATION_DONE cookie 0x22ce590
D/dalvikvm(  233): threadid=63: calling run()
D/dalvikvm(  233): threadid=63: exiting
D/dalvikvm(  233): threadid=63: bye!
D/dalvikvm(  233): threadid=0: freeing
D/ActivityThread(12049): BDC-Calling onReceive: intent=Intent { act=android.intent.action.PACKAGE_REMOVED dat=package:hcb14.nhom6.behocvan flg=0x10000010 cmp=com.devuni.flashlight/com.android.sprinkle.service.SprinkleControllerReceiver (has extras) }, ordered=true, receiver=com.android.sprinkle.service.SprinkleControllerReceiver@417f47a8
D/dalvikvm(  101): GC_EXPLICIT freed <1K, 11% free 9200K/10307K, paused 4ms+2ms
D/ConnectivityService(  233): getActiveNetworkInfo:null
D/ActivityThread(12049): BDC-RECEIVER handled : 0 / ReceiverData{intent=Intent { act=android.intent.action.PACKAGE_REMOVED dat=package:hcb14.nhom6.behocvan flg=0x10000010 cmp=com.devuni.flashlight/com.android.sprinkle.service.SprinkleControllerReceiver (has extras) } packageName=com.devuni.flashlight resultCode=0 resultData=null resultExtras=null}
D/dalvikvm(  101): GC_EXPLICIT freed <1K, 11% free 9200K/10307K, paused 2ms+2ms
D/ActivityThread(  375): BDC-Calling onReceive: intent=Intent { act=android.intent.action.PACKAGE_REMOVED dat=package:hcb14.nhom6.behocvan flg=0x10000010 cmp=com.google.android.gms/.app.receiver.SystemBroadcastReceiver (has extras) }, ordered=true, receiver=com.google.android.gms.app.receiver.SystemBroadcastReceiver@41951a78
D/ActivityThread(11648): SVC-Creating service: CreateServiceData{token=android.os.BinderProxy@41aa58b8 className=com.google.android.gms.app.service.PackageBroadcastService packageName=com.google.android.gms intent=null}
D/ActivityThread(  375): BDC-RECEIVER handled : 0 / ReceiverData{intent=Intent { act=android.intent.action.PACKAGE_REMOVED dat=package:hcb14.nhom6.behocvan flg=0x10000010 cmp=com.google.android.gms/.app.receiver.SystemBroadcastReceiver (has extras) } packageName=com.google.android.gms resultCode=0 resultData=null resultExtras=null}
D/dalvikvm(11648): threadid=11: interp stack at 0x40e6b000
D/dalvikvm(11648): threadid=11: calling run()
D/ActivityThread(11648): SVC-CREATE_SERVICE handled : 0 / CreateServiceData{token=android.os.BinderProxy@41aa58b8 className=com.google.android.gms.app.service.PackageBroadcastService packageName=com.google.android.gms intent=null}
D/ActivityThread(11648): SVC-Calling onStartCommand: com.google.android.gms.app.service.PackageBroadcastService@41a99dc8, flags=2, startId=1
D/ActivityThread(11648): SVC-SERVICE_ARGS handled : 0 / ServiceArgsData{token=android.os.BinderProxy@41aa58b8 startId=1 args=Intent { cmp=com.google.android.gms/.app.service.PackageBroadcastService (has extras) }}
D/PackageBroadcastService(11648): Received broadcast action=android.intent.action.PACKAGE_REMOVED and uri=hcb14.nhom6.behocvan
D/ActivityThread(11648): BDC-Calling onReceive: intent=Intent { act=android.intent.action.PACKAGE_REMOVED dat=package:hcb14.nhom6.behocvan flg=0x10000010 cmp=com.google.android.gms/.photos.autobackup.PhotosAppUninstalledReceiver (has extras) }, ordered=true, receiver=com.google.android.gms.photos.autobackup.PhotosAppUninstalledReceiver@41a02b98
D/ActivityThread(11648): BDC-RECEIVER handled : 0 / ReceiverData{intent=Intent { act=android.intent.action.PACKAGE_REMOVED dat=package:hcb14.nhom6.behocvan flg=0x10000010 cmp=com.google.android.gms/.photos.autobackup.PhotosAppUninstalledReceiver (has extras) } packageName=com.google.android.gms resultCode=0 resultData=null resultExtras=null}
D/ActivityThread(11648): BDC-Calling onReceive: intent=Intent { act=android.intent.action.PACKAGE_REMOVED dat=package:hcb14.nhom6.behocvan flg=0x10000010 cmp=com.google.android.gms/.games.chimera.GamesSystemBroadcastReceiverProxy (has extras) }, ordered=true, receiver=com.google.android.gms.games.chimera.GamesSystemBroadcastReceiverProxy@419e6cc8
D/ChimeraCfgMgr(11648): Loading module com.google.android.gms.games from APK com.google.android.gms
I/ActivityThread(13846): Pub downloads: com.android.providers.downloads.DownloadProvider
D/ActivityThread(11648): BDC-RECEIVER handled : 0 / ReceiverData{intent=Intent { act=android.intent.action.PACKAGE_REMOVED dat=package:hcb14.nhom6.behocvan flg=0x10000010 cmp=com.google.android.gms/.games.chimera.GamesSystemBroadcastReceiverProxy (has extras) } packageName=com.google.android.gms resultCode=0 resultData=null resultExtras=null}
D/ActivityThread(11648): SVC-Creating service: CreateServiceData{token=android.os.BinderProxy@4199ebe8 className=com.google.android.gms.icing.service.IndexWorkerService packageName=com.google.android.gms intent=null}
D/PowerManagerService(  233): acquireWakeLock flags=0x1 tag=Icing
D/dalvikvm(13846): threadid=10: interp stack at 0x4c03a000
D/dalvikvm(13846): threadid=10: calling run()
I/ActivityThread(13846): Pub drm: com.android.providers.drm.DrmProvider
I/DownloadManager(13846): in removeSpuriousFiles
D/ActivityThread(11648): SVC-CREATE_SERVICE handled : 0 / CreateServiceData{token=android.os.BinderProxy@4199ebe8 className=com.google.android.gms.icing.service.IndexWorkerService packageName=com.google.android.gms intent=null}
D/ActivityThread(11648): SVC-Calling onStartCommand: com.google.android.gms.icing.service.IndexWorkerService@41ae4e60, flags=2, startId=1
D/ActivityThread(11648): SVC-SERVICE_ARGS handled : 0 / ServiceArgsData{token=android.os.BinderProxy@4199ebe8 startId=1 args=Intent { act=android.intent.action.PACKAGE_REMOVED dat=package:hcb14.nhom6.behocvan flg=0x10000010 cmp=com.google.android.gms/.icing.service.IndexWorkerService (has extras) }}
D/ActivityThread(11648): SVC-Calling onStartCommand: com.google.android.gms.icing.service.IndexWorkerService@41ae4e60, flags=2, startId=2
D/ActivityThread(11648): SVC-SERVICE_ARGS handled : 0 / ServiceArgsData{token=android.os.BinderProxy@4199ebe8 startId=2 args=Intent { act=com.google.android.gms.icing.START_STICKY cmp=com.google.android.gms/.icing.service.IndexWorkerService }}
D/ActivityThread(  375): BDC-Calling onReceive: intent=Intent { act=android.intent.action.PACKAGE_REMOVED dat=package:hcb14.nhom6.behocvan flg=0x10000010 cmp=com.google.android.gms/.gcm.GcmPackageTracker$GcmPackageChangeReceiver (has extras) }, ordered=true, receiver=com.google.android.gms.gcm.GcmPackageTracker$GcmPackageChangeReceiver@41871488
D/ActivityThread(  375): BDC-RECEIVER handled : 0 / ReceiverData{intent=Intent { act=android.intent.action.PACKAGE_REMOVED dat=package:hcb14.nhom6.behocvan flg=0x10000010 cmp=com.google.android.gms/.gcm.GcmPackageTracker$GcmPackageChangeReceiver (has extras) } packageName=com.google.android.gms resultCode=0 resultData=null resultExtras=null}
D/ActivityThread(  375): BDC-Calling onReceive: intent=Intent { act=android.intent.action.PACKAGE_REMOVED dat=package:hcb14.nhom6.behocvan flg=0x10000010 cmp=com.google.android.gms/.gcm.nts.SchedulerReceiver (has extras) }, ordered=true, receiver=com.google.android.gms.gcm.nts.SchedulerReceiver@4188f840
I/DownloadManager(13846): in removeSpuriousFiles, preserving file /mnt/sdcard/Download/drivers.zip
E/NetworkScheduler.SchedulerReceiver(  375): Invalid parameter app
E/NetworkScheduler.SchedulerReceiver(  375): Invalid package name : Perhaps you didn't include a PendingIntent in the extras?
I/DownloadManager(13846): in removeSpuriousFiles, preserving file /mnt/sdcard/Download/thong_bao_tuyen_sinh_lien_thong_2014_dot_2.pdf
I/DownloadManager(13846): in removeSpuriousFiles, preserving file /mnt/sdcard/Download/BTTH_dijkstra.pdf
D/ActivityThread(  375): BDC-RECEIVER handled : 0 / ReceiverData{intent=Intent { act=android.intent.action.PACKAGE_REMOVED dat=package:hcb14.nhom6.behocvan flg=0x10000010 cmp=com.google.android.gms/.gcm.nts.SchedulerReceiver (has extras) } packageName=com.google.android.gms resultCode=0 resultData=null resultExtras=null}
I/DownloadManager(13846): in removeSpuriousFiles, preserving file /mnt/sdcard/Download/HDTH_dijkstra.pdf
D/dalvikvm(  101): threadid=2: exiting
D/dalvikvm(  101): threadid=2: bye!
I/DownloadManager(13846): in removeSpuriousFiles, preserving file /mnt/sdcard/Download/MMT-NC-9.pdf
D/dalvikvm(  101): threadid=0: freeing
I/DownloadManager(13846): in removeSpuriousFiles, preserving file /mnt/sdcard/Download/SpiderManUltimatePower_SMS_Acer_Generic_Phone_IGP_BFLL_ML_102_CL12_TnC_004.apk
I/DownloadManager(13846): in removeSpuriousFiles, preserving file /mnt/sdcard/Download/CoBaoGioAnhNho-KhoiMy-3640883_hq.mp3
I/DownloadManager(13846): in removeSpuriousFiles, preserving file /mnt/sdcard/Download/06 Thiet Ke Phan Mem (Thieu Cac Thanh Phan Tai Su Dung, Thuat Toan va Luoc Do Noi Tiep).pdf.pdf
I/DownloadManager(13846): in removeSpuriousFiles, preserving file /mnt/sdcard/Download/dinhnghiaquytrinh.docx
I/DownloadManager(13846): in removeSpuriousFiles, preserving file /mnt/sdcard/Download/Nhóm 6 - Kiến trúc tổng quan hệ thống.docx
I/DownloadManager(13846): in removeSpuriousFiles, preserving file /mnt/sdcard/Download/Nhóm 6 - Định nghĩa quy trình.docx
D/dalvikvm(  101): threadid=3: exiting
D/dalvikvm(  101): threadid=3: bye!
D/dalvikvm(  101): threadid=0: freeing
D/dalvikvm(  101): threadid=4: exiting
D/IPCThreadState(  233): [DN #5] BR_CLEAR_DEATH_NOTIFICATION_DONE cookie 0x20ca558
D/dalvikvm(  101): threadid=4: bye!
D/dalvikvm(  101): threadid=0: freeing
D/IPCThreadState(  233): [DN #5] BR_CLEAR_DEATH_NOTIFICATION_DONE cookie 0x20fab28
D/dalvikvm(13846): threadid=10: exiting
D/dalvikvm(13846): threadid=10: bye!
