D/dalvikvm(13846): threadid=0: freeing
D/dalvikvm(  101): threadid=2: interp stack at 0x49479000
D/dalvikvm(13862): threadid=2: interp stack at 0x40000000
D/dalvikvm(  101): threadid=2: calling run()
D/dalvikvm(13862): threadid=3: interp stack at 0x40008000
D/dalvikvm(  101): threadid=3: interp stack at 0x4c02b000
D/dalvikvm(13862): threadid=4: interp stack at 0x49479000
D/dalvikvm(  101): threadid=3: calling run()
D/dalvikvm(13862): threadid=5: interp stack at 0x49481000
D/dalvikvm(13862): threadid=5: calling run()
D/dalvikvm(  101): threadid=4: interp stack at 0x49481000
I/ActivityManager(  233): Start proc com.doodlejoy.studio.doodleworld:aviary_standalone_system_receiver for broadcast com.doodlejoy.studio.doodleworld/com.aviary.android.feather.library.receivers.AviarySystemReceiver: pid=13862 uid=10178 gids={1015, 3003}
D/dalvikvm(  101): threadid=4: calling run()
D/dalvikvm(13862): threadid=6: interp stack at 0x49489000
D/ActivityThread(11648): SVC-Destroying service: com.google.android.gms.app.service.PackageBroadcastService@41a99dc8
D/ActivityThread(11648): SVC-STOP_SERVICE handled : 0 / android.os.BinderProxy@41aa58b8
D/dalvikvm(11648): threadid=11: exiting
I/ActivityThread(13846): Pub media: com.android.providers.media.MediaProvider
D/dalvikvm(13862): threadid=6: calling run()
D/dalvikvm(13862): threadid=7: interp stack at 0x49491000
D/dalvikvm(11648): threadid=11: bye!
D/dalvikvm(11648): threadid=0: freeing
D/dalvikvm(13862): threadid=7: calling run()
D/dalvikvm(13862): threadid=8: interp stack at 0x49499000
V/ActivityManager(  233): Binding process pid 13862 to record ProcessRecord{41fe62f8 13862:com.doodlejoy.studio.doodleworld:aviary_standalone_system_receiver/10178}
V/ActivityManager(  233): New death recipient com.android.server.am.ActivityManagerService$AppDeathRecipient@41b20008 for thread android.os.BinderProxy@41a78a68
V/ActivityManager(  233): New app record ProcessRecord{41fe62f8 13862:com.doodlejoy.studio.doodleworld:aviary_standalone_system_receiver/10178} thread=android.os.BinderProxy@41a78a68 pid=13862
D/dalvikvm(13862): threadid=9: interp stack at 0x494a1000
V/MediaProvider(13846): onCreate>>>
D/ADB_SERVICES(  119): adb fdevent_process list (19) (18) 
D/ADB_SERVICES(  119): adb socket read list (18) 
D/ADB_SERVICES(  119): read_data=98781
D/ADB_SERVICES(  119): max_read_time=0.000520 max_send_time=0.000381 
V/MediaProvider(13846): onCreate: getVolumePaths>>>
D/ADB_SERVICES(  119): adb local_socket_ready list (18) 
D/ActivityThread(13252): SVC-Creating service: CreateServiceData{token=android.os.BinderProxy@4186e330 className=com.google.android.gms.fitness.disconnect.FitCleanupService packageName=com.google.android.gms intent=null}
D/dalvikvm(13252): threadid=23: interp stack at 0x4cb21000
D/dalvikvm(13252): threadid=23: calling run()
D/ActivityThread(13252): SVC-CREATE_SERVICE handled : 0 / CreateServiceData{token=android.os.BinderProxy@4186e330 className=com.google.android.gms.fitness.disconnect.FitCleanupService packageName=com.google.android.gms intent=null}
D/ActivityThread(13252): SVC-Calling onStartCommand: com.google.android.gms.fitness.disconnect.FitCleanupService@418c68e8, flags=2, startId=1
D/ActivityThread(13252): SVC-SERVICE_ARGS handled : 0 / ServiceArgsData{token=android.os.BinderProxy@4186e330 startId=1 args=Intent { cmp=com.google.android.gms/.fitness.disconnect.FitCleanupService (has extras) }}
D/ActivityThread(13252): SVC-Destroying service: com.google.android.gms.fitness.disconnect.FitCleanupService@418c68e8
D/ActivityThread(13252): SVC-STOP_SERVICE handled : 0 / android.os.BinderProxy@4186e330
V/MediaProvider(13846): onCreate: getVolumePaths<<<
D/dalvikvm(13252): threadid=23: exiting
D/dalvikvm(13252): threadid=23: bye!
D/dalvikvm(13252): threadid=0: freeing
D/dalvikvm(13846): threadid=10: interp stack at 0x4c03c000
D/dalvikvm(13846): threadid=10: calling run()
V/MediaProvider(13846): readPreferences<<<internal=USAeng,external=USAeng
V/MediaProvider(13846): attachVolume>>>volume=internal
V/MediaProvider(13846): updateKeyIfNeed>>>volume=internal
V/MediaProvider(13846): updateKeyIfNeed: volume=internal,oldLocale=USAeng,newLocale=USAeng
V/MediaProvider(13846): updateKeyIfNeed<<<volume=internal
V/MediaProvider(13846): attachVolume<<<volume=internal
V/MediaProvider(13846): attachVolume>>>volume=external
D/dalvikvm(13846): threadid=10: exiting
V/MediaProvider(13846): /mnt/sdcard volume ID: 14892
D/dalvikvm(13846): threadid=10: bye!
D/dalvikvm(13846): threadid=0: freeing
D/PowerManagerService(  233): releaseWakeLock flags=0x1 tag=Icing total_time=341ms
D/IPCThreadState(  233): [DN #5] BR_CLEAR_DEATH_NOTIFICATION_DONE cookie 0x23f9428
D/ActivityThread(11648): SVC-Destroying service: com.google.android.gms.icing.service.IndexWorkerService@41ae4e60
D/ActivityThread(11648): SVC-STOP_SERVICE handled : 0 / android.os.BinderProxy@4199ebe8
D/ActivityThread(13862): BIND_APPLICATION handled : 0 / AppBindData{appInfo=ApplicationInfo{417cd4f8 com.doodlejoy.studio.doodleworld}}
D/dalvikvm(13846): threadid=10: interp stack at 0x4c03c000
D/dalvikvm(13846): threadid=10: calling run()
V/MediaProvider(13846): updateKeyIfNeed>>>volume=external
V/MediaProvider(13846): DeleteAlbumArtThread>>>
V/MediaProvider(13846): updateKeyIfNeed: volume=external,oldLocale=USAeng,newLocale=USAeng
V/MediaProvider(13846): updateKeyIfNeed<<<volume=external
V/MediaProvider(13846): attachVolume<<<volume=external
D/dalvikvm(13846): threadid=11: interp stack at 0x4c1c4000
D/dalvikvm(13846): threadid=11: calling run()
D/dalvikvm(13846): threadid=12: interp stack at 0x4c203000
D/dalvikvm(13846): threadid=12: calling run()
V/MediaProvider(13846): onCreate<<<
D/ActivityThread(13846): BIND_APPLICATION handled : 0 / AppBindData{appInfo=ApplicationInfo{417d62d8 com.android.providers.downloads}}
D/ActivityThread(13846): SVC-Creating service: CreateServiceData{token=android.os.BinderProxy@417e4348 className=com.android.providers.downloads.DownloadService packageName=com.android.providers.downloads intent=null}
V/MediaProvider/DrmHelper(13846): permitAccessDrm(13846) can not get result!
V/MediaProvider/DrmHelper(13846): setPermitedProcessNames() add [0]=com.android.music
V/MediaProvider/DrmHelper(13846): setPermitedProcessNames() add [1]=com.android.gallery
V/MediaProvider/DrmHelper(13846): setPermitedProcessNames() add [2]=com.android.gallery:CropImage
V/MediaProvider/DrmHelper(13846): setPermitedProcessNames() add [3]=com.cooliris.media
V/MediaProvider/DrmHelper(13846): setPermitedProcessNames() add [4]=android.process.media
V/MediaProvider/DrmHelper(13846): setPermitedProcessNames() add [5]=com.mediatek.videoplayer
V/MediaProvider/DrmHelper(13846): setPermitedProcessNames() add [6]=com.mediatek.videoplayer2
V/MediaProvider/DrmHelper(13846): setPermitedProcessNames() add [7]=com.android.settings
V/MediaProvider/DrmHelper(13846): setPermitedProcessNames() add [8]=com.android.gallery3d
V/MediaProvider/DrmHelper(13846): setPermitedProcessNames() add [9]=com.android.gallery3d:crop
V/MediaProvider/DrmHelper(13846): setPermitedProcessNames() add [10]=com.android.deskclock
D/dalvikvm(13846): threadid=13: interp stack at 0x4c20b000
D/ActivityThread(13846): SVC-CREATE_SERVICE handled : 0 / CreateServiceData{token=android.os.BinderProxy@417e4348 className=com.android.providers.downloads.DownloadService packageName=com.android.providers.downloads intent=null}
D/ActivityThread(13846): SVC-Calling onStartCommand: com.android.providers.downloads.DownloadService@41818ce8, flags=2, startId=1
D/ActivityThread(13846): SVC-SERVICE_ARGS handled : 0 / ServiceArgsData{token=android.os.BinderProxy@417e4348 startId=1 args=Intent { cmp=com.android.providers.downloads/.DownloadService }}
D/ActivityThread(13862): BDC-Calling onReceive: intent=Intent { act=android.intent.action.PACKAGE_REMOVED dat=package:hcb14.nhom6.behocvan flg=0x10000010 cmp=com.doodlejoy.studio.doodleworld/com.aviary.android.feather.library.receivers.AviarySystemReceiver (has extras) }, ordered=true, receiver=com.aviary.android.feather.library.receivers.AviarySystemReceiver@4180abd8
D/ActivityThread(13862): BDC-RECEIVER handled : 0 / ReceiverData{intent=Intent { act=android.intent.action.PACKAGE_REMOVED dat=package:hcb14.nhom6.behocvan flg=0x10000010 cmp=com.doodlejoy.studio.doodleworld/com.aviary.android.feather.library.receivers.AviarySystemReceiver (has extras) } packageName=com.doodlejoy.studio.doodleworld resultCode=0 resultData=null resultExtras=null}
D/dalvikvm(13846): threadid=13: calling run()
V/MediaProvider/DrmHelper(13846): pid=375, name=com.google.process.gapps, allow=false
V/MediaProvider/DrmHelper(13846): pid=13862, name=com.doodlejoy.studio.doodleworld:aviary_standalone_system_receiver, allow=false
V/MediaProvider/DrmHelper(13846): pid=315, name=com.android.systemui, allow=false
V/MediaProvider/DrmHelper(13846): pid=435, name=com.android.phone, allow=false
V/MediaProvider/DrmHelper(13846): pid=515, name=com.android.inputmethod.latin, allow=false
V/MediaProvider/DrmHelper(13846): pid=233, name=system, allow=false
V/MediaProvider/DrmHelper(13846): pid=13252, name=com.google.android.gms.persistent, allow=false
V/MediaProvider/DrmHelper(13846): pid=13846, name=android.process.media, allow=true
V/MediaProvider/DrmHelper(13846): pid=11648, name=com.google.android.gms, allow=false
V/MediaProvider/DrmHelper(13846): pid=12049, name=com.devuni.flashlight, allow=false
V/MediaProvider/DrmHelper(13846): pid=32118, name=com.adobe.air, allow=false
V/MediaProvider/DrmHelper(13846): pid=13761, name=hcb14.nhom6.behocvan, allow=false
V/MediaProvider/DrmHelper(13846): pid=13781, name=com.android.contacts, allow=false
V/MediaProvider/DrmHelper(13846): pid=30634, name=com.android.launcher, allow=false
V/MediaProvider/DrmHelper(13846): pid=12194, name=com.facebook.katana, allow=false
V/MediaProvider/DrmHelper(13846): pid=13474, name=com.facebook.orca, allow=false
V/MediaProvider/DrmHelper(13846): pid=12086, name=com.gameloft.android.gdc, allow=false
V/MediaProvider/DrmHelper(13846): pid=12175, name=com.mediatek.atci.service, allow=false
V/MediaProvider/DrmHelper(13846): pid=11805, name=com.android.ActivityNetwork, allow=false
V/MediaProvider/DrmHelper(13846): pid=11636, name=com.android.DigitalClockWidget, allow=false
V/MediaProvider/DrmHelper(13846): pid=11536, name=com.mediatek.thermalmanager, allow=false
V/MediaProvider/DrmHelper(13846): pid=10301, name=com.android.settings, allow=true
V/MediaProvider/DrmHelper(13846): pid=456, name=com.mediatek.bluetooth, allow=false
V/MediaProvider/DrmHelper(13846): synchronized permitAccessDrm(13846) return true
D/InputReader(  233): AP_PROF:AppLaunch_dispatchPtr:Down:91465581
D/InputManager-JNI(  233): pokeUserActivity : eventType=2
D/PowerManagerService(  233): userActivity mLastEventTime=91463896 time=91465581 mUserActivityAllowed=true mUserState=0x3 mWakeLockState=0x0 mProximitySensorActive=false mProximitySensorEnabed=false timeoutOverride=-1 force=false
D/PowerManagerService(  233): reactivateScreenLocksLocked mProxIgnoredBecauseScreenTurnedOff=false
D/PowerManagerService(  233): setPowerState: mPowerState=0x3 newState=0x3 noChangeLights=false reason=2
D/PowerManagerService(  233): setTimeoutLocked now=91465581 timeoutOverride=-1 nextState=3 when=91471581
D/InputManager-JNI(  233): pokeUserActivity : eventType=2
D/IPCThreadState(  233): [DN #5] BR_DEAD_BINDER cookie 0x21800a8
V/ActivityManager(  233): Death received in com.android.server.am.ActivityManagerService$AppDeathRecipient@41b20008 for thread android.os.BinderProxy@41a78a68
I/ActivityManager(  233): Process com.doodlejoy.studio.doodleworld:aviary_standalone_system_receiver (pid 13862) has died.
V/ActivityManager(  233): Dying app: ProcessRecord{41fe62f8 13862:com.doodlejoy.studio.doodleworld:aviary_standalone_system_receiver/10178}, pid: 13862, thread: android.os.BinderProxy@41a78a68
V/ActivityManager(  233): Removing app ProcessRecord{41fe62f8 0:com.doodlejoy.studio.doodleworld:aviary_standalone_system_receiver/10178} from list [ActivityRecord{42171f48 com.android.phone/.InCallScreen}, ActivityRecord{41855e70 com.android.settings/.SubSettings}, ActivityRecord{41db6028 com.android.launcher/com.android.launcher2.Launcher}, ActivityRecord{422eb578 hcb14.nhom6.behocvan/.MainActivity}, ActivityRecord{418777b0 hcb14.nhom6.behocvan/.MainFragmentActivity}] with 5 entries
V/ActivityManager(  233): Record #4 ActivityRecord{418777b0 hcb14.nhom6.behocvan/.MainFragmentActivity}: app=ProcessRecord{41cca208 13761:hcb14.nhom6.behocvan/10069}
V/ActivityManager(  233): Record #3 ActivityRecord{422eb578 hcb14.nhom6.behocvan/.MainActivity}: app=ProcessRecord{41cca208 13761:hcb14.nhom6.behocvan/10069}
V/ActivityManager(  233): Record #2 ActivityRecord{41db6028 com.android.launcher/com.android.launcher2.Launcher}: app=ProcessRecord{41c92b80 30634:com.android.launcher/10028}
V/ActivityManager(  233): Record #1 ActivityRecord{41855e70 com.android.settings/.SubSettings}: app=ProcessRecord{4216c168 10301:com.android.settings/1000}
V/ActivityManager(  233): Record #0 ActivityRecord{42171f48 com.android.phone/.InCallScreen}: app=ProcessRecord{41d09ef8 435:com.android.phone/1001}
V/ActivityManager(  233): Removing app ProcessRecord{41fe62f8 0:com.doodlejoy.studio.doodleworld:aviary_standalone_system_receiver/10178} from list [] with 0 entries
V/ActivityManager(  233): Removing app ProcessRecord{41fe62f8 0:com.doodlejoy.studio.doodleworld:aviary_standalone_system_receiver/10178} from list [] with 0 entries
V/ActivityManager(  233): Removing app ProcessRecord{41fe62f8 0:com.doodlejoy.studio.doodleworld:aviary_standalone_system_receiver/10178} from list [] with 0 entries
V/ActivityManager(  233): Removing app ProcessRecord{41fe62f8 0:com.doodlejoy.studio.doodleworld:aviary_standalone_system_receiver/10178} from list [] with 0 entries
D/Input   (13761): Couldn't open '/dev/touch' (No such file or directory)
D/Input   (13761): tpd read x fail: Bad file number
D/Input   (13761): tpd read y fail: Bad file number
D/InputManager-JNI(  233): pokeUserActivity : eventType=2
D/dalvikvm(  233): threadid=63: interp stack at 0x4d0db000
D/dalvikvm(  233): threadid=63: calling run()
D/dalvikvm(  233): threadid=63: exiting
D/IPCThreadState(  233): [DN #5] BR_CLEAR_DEATH_NOTIFICATION_DONE cookie 0x21800a8
D/dalvikvm(  233): threadid=63: bye!
D/dalvikvm(  233): threadid=0: freeing
D/InputManager-JNI(  233): pokeUserActivity : eventType=2
D/ActivityThread(12086): BDC-Calling onReceive: intent=Intent { act=android.intent.action.PACKAGE_REMOVED dat=package:hcb14.nhom6.behocvan flg=0x10000010 cmp=com.gameloft.android.gdc/.PackageChangeReceiver (has extras) }, ordered=true, receiver=com.gameloft.android.gdc.PackageChangeReceiver@417d6790
D/InputManager-JNI(  233): pokeUserActivity : eventType=2
D/InputManager-JNI(  233): pokeUserActivity : eventType=2
D/ActivityThread(12086): BDC-RECEIVER handled : 0 / ReceiverData{intent=Intent { act=android.intent.action.PACKAGE_REMOVED dat=package:hcb14.nhom6.behocvan flg=0x10000010 cmp=com.gameloft.android.gdc/.PackageChangeReceiver (has extras) } packageName=com.gameloft.android.gdc resultCode=0 resultData=null resultExtras=null}
D/dalvikvm(  101): threadid=2: exiting
D/dalvikvm(  101): threadid=2: bye!
D/dalvikvm(  101): threadid=0: freeing
D/dalvikvm(  101): threadid=3: exiting
D/dalvikvm(  101): threadid=3: bye!
D/dalvikvm(  101): threadid=0: freeing
D/dalvikvm(  101): threadid=4: exiting
D/dalvikvm(  101): threadid=4: bye!
D/dalvikvm(  101): threadid=0: freeing
D/InputManager-JNI(  233): pokeUserActivity : eventType=2
D/InputManager-JNI(  233): pokeUserActivity : eventType=2
D/dalvikvm(  101): threadid=2: interp stack at 0x49479000
D/dalvikvm(13881): threadid=2: interp stack at 0x40000000
D/dalvikvm(  101): threadid=2: calling run()
D/dalvikvm(  101): threadid=3: interp stack at 0x4c02b000
D/dalvikvm(  101): threadid=3: calling run()
D/dalvikvm(  101): threadid=4: interp stack at 0x49481000
I/ActivityManager(  233): Start proc android.process.acore for broadcast com.android.providers.contacts/.PackageIntentReceiver: pid=13881 uid=10000 gids={3003, 1015}
D/dalvikvm(  101): threadid=4: calling run()
D/dalvikvm(13881): threadid=3: interp stack at 0x40008000
D/dalvikvm(13881): threadid=4: interp stack at 0x49479000
D/dalvikvm(13881): threadid=5: interp stack at 0x49481000
D/dalvikvm(13881): threadid=5: calling run()
D/dalvikvm(13881): threadid=6: interp stack at 0x49489000
D/dalvikvm(13881): threadid=7: interp stack at 0x49491000
D/dalvikvm(13881): threadid=7: calling run()
D/InputManager-JNI(  233): pokeUserActivity : eventType=2
D/InputManager-JNI(  233): pokeUserActivity : eventType=2
D/dalvikvm(13881): threadid=6: calling run()
D/dalvikvm(13881): threadid=8: interp stack at 0x49499000
D/dalvikvm(13881): threadid=9: interp stack at 0x494a1000
V/ActivityManager(  233): Binding process pid 13881 to record ProcessRecord{421e9d80 13881:android.process.acore/10000}
V/ActivityManager(  233): New death recipient com.android.server.am.ActivityManagerService$AppDeathRecipient@41f15018 for thread android.os.BinderProxy@4185d170
V/ActivityManager(  233): New app record ProcessRecord{421e9d80 13881:android.process.acore/10000} thread=android.os.BinderProxy@4185d170 pid=13881
D/InputManager-JNI(  233): pokeUserActivity : eventType=2
D/InputManager-JNI(  233): pokeUserActivity : eventType=2
D/InputManager-JNI(  233): pokeUserActivity : eventType=2
D/InputManager-JNI(  233): pokeUserActivity : eventType=2
D/InputReader(  233): AP_PROF:AppLaunch_dispatchPtr:Up:91465693
D/InputManager-JNI(  233): pokeUserActivity : eventType=2
D/InputManager-JNI(  233): pokeUserActivity : eventType=2
I/ActivityThread(13881): Pub call_log: com.android.providers.contacts.CallLogProvider
D/IPCThreadState(  233): [DN #5] BR_CLEAR_DEATH_NOTIFICATION_DONE cookie 0x24110c0
D/AndroidRuntime(13761): Shutting down VM
W/dalvikvm(13761): threadid=1: thread exiting with uncaught exception (group=0x40ec3258)
D/ActivityThread(13846): SVC-Destroying service: com.android.providers.downloads.DownloadService@41818ce8
D/dalvikvm(13846): threadid=13: exiting
D/dalvikvm(13846): threadid=13: bye!
D/dalvikvm(13846): threadid=0: freeing
D/IPCThreadState(  233): [DN #5] BR_CLEAR_DEATH_NOTIFICATION_DONE cookie 0x2248158
D/ActivityThread(13846): SVC-STOP_SERVICE handled : 0 / android.os.BinderProxy@417e4348
E/AndroidRuntime(13761): FATAL EXCEPTION: main
E/AndroidRuntime(13761): java.lang.IllegalStateException: Could not find a method readStory(View) in the activity class hcb14.nhom6.behocvan.MainFragmentActivity for onClick handler on view class android.widget.ImageView with id 'imageView1'
E/AndroidRuntime(13761): 	at android.view.View$1.onClick(View.java:3037)
E/AndroidRuntime(13761): 	at android.view.View.performClick(View.java:3517)
E/AndroidRuntime(13761): 	at android.view.View$PerformClick.run(View.java:14155)
E/AndroidRuntime(13761): 	at android.os.Handler.handleCallback(Handler.java:605)
E/AndroidRuntime(13761): 	at android.os.Handler.dispatchMessage(Handler.java:92)
E/AndroidRuntime(13761): 	at android.os.Looper.loop(Looper.java:137)
E/AndroidRuntime(13761): 	at android.app.ActivityThread.main(ActivityThread.java:4624)
E/AndroidRuntime(13761): 	at java.lang.reflect.Method.invokeNative(Native Method)
E/AndroidRuntime(13761): 	at java.lang.reflect.Method.invoke(Method.java:511)
E/AndroidRuntime(13761): 	at com.android.internal.os.ZygoteInit$MethodAndArgsCaller.run(ZygoteInit.java:809)
E/AndroidRuntime(13761): 	at com.android.internal.os.ZygoteInit.main(ZygoteInit.java:576)
E/AndroidRuntime(13761): 	at dalvik.system.NativeStart.main(Native Method)
E/AndroidRuntime(13761): Caused by: java.lang.NoSuchMethodException: readStory [class android.view.View]
E/AndroidRuntime(13761): 	at java.lang.Class.getConstructorOrMethod(Class.java:460)
E/AndroidRuntime(13761): 	at java.lang.Class.getMethod(Class.java:915)
E/AndroidRuntime(13761): 	at android.view.View$1.onClick(View.java:3030)
E/AndroidRuntime(13761): 	... 11 more
D/IPCThreadState(  233): [DN #5] BR_DEAD_BINDER cookie 0x23e59f8
D/IPCThreadState(  233): [DN #5] BR_DEAD_BINDER cookie 0x223f138
V/ActivityManager(  233): Death received in com.android.server.am.ActivityManagerService$AppDeathRecipient@41deec10 for thread android.os.BinderProxy@41b30e50
D/IPCThreadState(  233): [DN #5] BR_DEAD_BINDER cookie 0x20f6010
I/ActivityManager(  233): Process android.process.media (pid 13846) has died.
D/IPCThreadState(  233): [DN #5] BR_CLEAR_DEATH_NOTIFICATION_DONE cookie 0x20f6010
V/ActivityManager(  233): Dying app: ProcessRecord{41b2a7f0 13846:android.process.media/10012}, pid: 13846, thread: android.os.BinderProxy@41b30e50
V/ActivityManager(  233): Removing app ProcessRecord{41b2a7f0 0:android.process.media/10012} from list [ActivityRecord{42171f48 com.android.phone/.InCallScreen}, ActivityRecord{41855e70 com.android.settings/.SubSettings}, ActivityRecord{41db6028 com.android.launcher/com.android.launcher2.Launcher}, ActivityRecord{422eb578 hcb14.nhom6.behocvan/.MainActivity}, ActivityRecord{418777b0 hcb14.nhom6.behocvan/.MainFragmentActivity}] with 5 entries
V/ActivityManager(  233): Record #4 ActivityRecord{418777b0 hcb14.nhom6.behocvan/.MainFragmentActivity}: app=ProcessRecord{41cca208 13761:hcb14.nhom6.behocvan/10069}
V/ActivityManager(  233): Record #3 ActivityRecord{422eb578 hcb14.nhom6.behocvan/.MainActivity}: app=ProcessRecord{41cca208 13761:hcb14.nhom6.behocvan/10069}
V/ActivityManager(  233): Record #2 ActivityRecord{41db6028 com.android.launcher/com.android.launcher2.Launcher}: app=ProcessRecord{41c92b80 30634:com.android.launcher/10028}
V/ActivityManager(  233): Record #1 ActivityRecord{41855e70 com.android.settings/.SubSettings}: app=ProcessRecord{4216c168 10301:com.android.settings/1000}
V/ActivityManager(  233): Record #0 ActivityRecord{42171f48 com.android.phone/.InCallScreen}: app=ProcessRecord{41d09ef8 435:com.android.phone/1001}
V/ActivityManager(  233): Removing app ProcessRecord{41b2a7f0 0:android.process.media/10012} from list [] with 0 entries
V/ActivityManager(  233): Removing app ProcessRecord{41b2a7f0 0:android.process.media/10012} from list [] with 0 entries
V/ActivityManager(  233): Removing app ProcessRecord{41b2a7f0 0:android.process.media/10012} from list [] with 0 entries
V/ActivityManager(  233): Removing app ProcessRecord{41b2a7f0 0:android.process.media/10012} from list [] with 0 entries
D/IPCThreadState(  233): [DN #5] BR_CLEAR_DEATH_NOTIFICATION_DONE cookie 0x223f138
D/dalvikvm(  233): threadid=63: interp stack at 0x4d0db000
D/dalvikvm(  233): threadid=63: calling run()
D/dalvikvm(  233): threadid=63: exiting
D/dalvikvm(  233): threadid=63: bye!
D/dalvikvm(  233): threadid=0: freeing
D/IPCThreadState(  233): [DN #5] BR_CLEAR_DEATH_NOTIFICATION_DONE cookie 0x23e59f8
D/dalvikvm(  233): threadid=63: interp stack at 0x4d0db000
D/dalvikvm(  233): threadid=63: calling run()
W/ActivityManager(  233):   Force finishing activity hcb14.nhom6.behocvan/.MainFragmentActivity
W/AES     (  233): Exception Log handling...
D/PowerManagerService(  233): acquireWakeLock flags=0x1 tag=ActivityManager-Launch
I/ActivityThread(13881): Pub com.android.voicemail: com.android.providers.contacts.VoicemailContentProvider
I/ActivityThread(13881): Pub user_dictionary: com.android.providers.userdictionary.UserDictionaryProvider
V/WindowManager(  233): Changing focus from Window{42198e88 hcb14.nhom6.behocvan/hcb14.nhom6.behocvan.MainFragmentActivity paused=true} to Window{41e39b98  paused=false}
I/WindowManager(  233): Gaining focus: Window{41e39b98  paused=false}
D/AES     (  233): ExceptionLog: notify aed
D/AES     (  233):     process : hcb14.nhom6.behocvan
D/AES     (  233):      module : hcb14.nhom6.behocvan v1 (1.0)
D/AES     (  233): 
D/AES     (  233):       cause : data_app_crash
D/AES     (  233):       pid : 13761
I/ActivityThread(13881): Pub com.android.social: com.android.providers.contacts.SocialProvider
I/ActivityThread(13881): Pub applications: com.android.providers.applications.ApplicationsProvider
D/AEE/LIBAEE(  233): shell: raise_exp(2, 13761, -1361051648, hcb14.nhom6.behocvan, 0x0x2257f38, 0x0x0)
D/AEE/LIBAEE(  233): shell: connected with AED OK
I/SurfaceTexture(  100): [(0x156f6e0)] connect: api=2
D/AEE/AED (   94): $===AEE===AEE===AEE===$
D/AEE/AED (   94): p 0 poll events 1 revents 0
D/AEE/AED (   94): not know revents:0
D/AEE/AED (   94): p 1 poll events 1 revents 1
D/AEE/AED (   94): aed_main_fork_worker: generator 0x1a9d020, worker 0xbe9ffb78, recv_fd 19
D/AEE/AED (   94): p 2 poll events 1 revents 0
D/AEE/AED (   94): not know revents:0
D/AEE/AED (   94): p 3 poll events 1 revents 0
D/AEE/AED (   94): not know revents:0
D/AEE/AED (   94): p 4 poll events 1 revents 0
D/AEE/AED (   94): not know revents:0
D/AEE/AED (13896): read success, handling msg (Ind, AE_IND_EXP_RAISED)
D/AEE/AED (13896): Skip for Exp level'0'
D/AEE/LIBAEE(  233): shell: got the request (cmd:Ind,AE_IND_LOG_CLOSE)
D/AEE/LIBAEE(  233): shell: Got session close ind from AED
D/AEE/AED (   94): $===AEE===AEE===AEE===$
D/AEE/AED (   94): p 0 poll events 1 revents 0
D/AEE/AED (   94): not know revents:0
D/AEE/AED (   94): p 1 poll events 1 revents 0
D/AEE/AED (   94): not know revents:0
D/AEE/AED (   94): p 2 poll events 1 revents 0
D/AEE/AED (   94): not know revents:0
D/AEE/AED (   94): p 3 poll events 1 revents 0
D/AEE/AED (   94): not know revents:0
D/AEE/AED (   94): p 4 poll events 1 revents 0
D/AEE/AED (   94): not know revents:0
D/dalvikvm(  233): threadid=63: exiting
D/dalvikvm(  233): threadid=63: bye!
D/dalvikvm(  233): threadid=0: freeing
I/SurfaceFlinger(  100): [SurfaceFlinger] frames:18, duration:2.172000, fps:8.287251
D/dalvikvm(13881): threadid=10: interp stack at 0x4c1bc000
D/dalvikvm(13881): threadid=10: calling run()
I/ActivityThread(13881): Pub contacts;com.android.contacts: com.android.providers.contacts.ContactsProvider2
D/dalvikvm(13881): threadid=11: interp stack at 0x4c1c4000
D/dalvikvm(13881): threadid=11: calling run()
V/Provider/Setting(13881): invalidate [secure]: current 19 != cached 0
D/Settings/Provide(  233): lookupValue, table secure cache.containsKey contacts_preauth_uri_expiration
D/Settings/Provide(  233): lookupValue, table secure cache.fullyMatchesDisk() contacts_preauth_uri_expiration
D/ContactsProvider(13881): performBackgroundTask()+ **** task=0
D/ActivityThread(13881): BIND_APPLICATION handled : 0 / AppBindData{appInfo=ApplicationInfo{417ce290 com.android.providers.contacts}}
D/ActivityThread(13881): BDC-Calling onReceive: intent=Intent { act=android.intent.action.PACKAGE_ADDED dat=package:hcb14.nhom6.behocvan flg=0x10000010 cmp=com.android.providers.contacts/.PackageIntentReceiver (has extras) }, ordered=true, receiver=com.android.providers.contacts.PackageIntentReceiver@41840a98
D/ActivityThread(13881): BDC-RECEIVER handled : 0 / ReceiverData{intent=Intent { act=android.intent.action.PACKAGE_ADDED dat=package:hcb14.nhom6.behocvan flg=0x10000010 cmp=com.android.providers.contacts/.PackageIntentReceiver (has extras) } packageName=com.android.providers.contacts resultCode=0 resultData=null resultExtras=null}
D/dalvikvm(  101): threadid=2: exiting
D/dalvikvm(  101): threadid=2: bye!
D/dalvikvm(  101): threadid=0: freeing
D/dalvikvm(  101): threadid=3: exiting
D/dalvikvm(  101): threadid=3: bye!
D/dalvikvm(  101): threadid=0: freeing
D/dalvikvm(  101): threadid=4: exiting
D/dalvikvm(  101): threadid=4: bye!
D/dalvikvm(  101): threadid=0: freeing
D/dalvikvm(  101): threadid=2: interp stack at 0x49479000
D/dalvikvm(  101): threadid=2: calling run()
D/dalvikvm(  101): threadid=3: interp stack at 0x4c02b000
D/dalvikvm(13899): threadid=2: interp stack at 0x40000000
D/dalvikvm(  101): threadid=3: calling run()
D/dalvikvm(  101): threadid=4: interp stack at 0x49481000
D/dalvikvm(  101): threadid=4: calling run()
I/ActivityManager(  233): Start proc com.android.gallery3d for broadcast com.android.gallery3d/.app.PackagesMonitor: pid=13899 uid=10019 gids={3003, 1015, 1023}
D/dalvikvm(13899): threadid=3: interp stack at 0x40008000
D/dalvikvm(13899): threadid=4: interp stack at 0x49479000
D/dalvikvm(13899): threadid=5: interp stack at 0x49481000
D/dalvikvm(13899): threadid=5: calling run()
D/dalvikvm(13899): threadid=6: interp stack at 0x49489000
D/dalvikvm(13899): threadid=6: calling run()
D/dalvikvm(13899): threadid=7: interp stack at 0x49491000
D/dalvikvm(13899): threadid=7: calling run()
D/dalvikvm(13899): threadid=8: interp stack at 0x49499000
D/dalvikvm(13899): threadid=9: interp stack at 0x494a1000
V/ActivityManager(  233): Binding process pid 13899 to record ProcessRecord{417c8300 13899:com.android.gallery3d/10019}
V/ActivityManager(  233): New death recipient com.android.server.am.ActivityManagerService$AppDeathRecipient@42442090 for thread android.os.BinderProxy@41f67d28
V/ActivityManager(  233): New app record ProcessRecord{417c8300 13899:com.android.gallery3d/10019} thread=android.os.BinderProxy@41f67d28 pid=13899
D/IPCThreadState(  233): [DN #5] BR_DEAD_BINDER cookie 0x218eac8
V/ActivityManager(  233): Death received in com.android.server.am.ActivityManagerService$AppDeathRecipient@41f15018 for thread android.os.BinderProxy@4185d170
I/ActivityManager(  233): Process android.process.acore (pid 13881) has died.
V/ActivityManager(  233): Dying app: ProcessRecord{421e9d80 13881:android.process.acore/10000}, pid: 13881, thread: android.os.BinderProxy@4185d170
V/ActivityManager(  233): Removing app ProcessRecord{421e9d80 0:android.process.acore/10000} from list [ActivityRecord{42171f48 com.android.phone/.InCallScreen}, ActivityRecord{41855e70 com.android.settings/.SubSettings}, ActivityRecord{41db6028 com.android.launcher/com.android.launcher2.Launcher}, ActivityRecord{422eb578 hcb14.nhom6.behocvan/.MainActivity}, ActivityRecord{418777b0 hcb14.nhom6.behocvan/.MainFragmentActivity}] with 5 entries
V/ActivityManager(  233): Record #4 ActivityRecord{418777b0 hcb14.nhom6.behocvan/.MainFragmentActivity}: app=ProcessRecord{41cca208 13761:hcb14.nhom6.behocvan/10069}
V/ActivityManager(  233): Record #3 ActivityRecord{422eb578 hcb14.nhom6.behocvan/.MainActivity}: app=ProcessRecord{41cca208 13761:hcb14.nhom6.behocvan/10069}
V/ActivityManager(  233): Record #2 ActivityRecord{41db6028 com.android.launcher/com.android.launcher2.Launcher}: app=ProcessRecord{41c92b80 30634:com.android.launcher/10028}
V/ActivityManager(  233): Record #1 ActivityRecord{41855e70 com.android.settings/.SubSettings}: app=ProcessRecord{4216c168 10301:com.android.settings/1000}
V/ActivityManager(  233): Record #0 ActivityRecord{42171f48 com.android.phone/.InCallScreen}: app=ProcessRecord{41d09ef8 435:com.android.phone/1001}
V/ActivityManager(  233): Removing app ProcessRecord{421e9d80 0:android.process.acore/10000} from list [] with 0 entries
V/ActivityManager(  233): Removing app ProcessRecord{421e9d80 0:android.process.acore/10000} from list [] with 0 entries
V/ActivityManager(  233): Removing app ProcessRecord{421e9d80 0:android.process.acore/10000} from list [] with 0 entries
V/ActivityManager(  233): Removing app ProcessRecord{421e9d80 0:android.process.acore/10000} from list [] with 0 entries
D/IPCThreadState(  233): [DN #5] BR_CLEAR_DEATH_NOTIFICATION_DONE cookie 0x218eac8
I/ActivityThread(13899): Pub com.android.gallery3d.provider: com.android.gallery3d.provider.GalleryProvider
D/ActivityThread(13899): BIND_APPLICATION handled : 0 / AppBindData{appInfo=ApplicationInfo{417cf040 com.android.gallery3d}}
D/ActivityThread(13899): BDC-Calling onReceive: intent=Intent { act=android.intent.action.PACKAGE_ADDED dat=package:hcb14.nhom6.behocvan flg=0x10000010 cmp=com.android.gallery3d/.app.PackagesMonitor (has extras) }, ordered=true, receiver=com.android.gallery3d.app.PackagesMonitor@417f7510
D/dalvikvm(13899): threadid=10: interp stack at 0x4c035000
D/dalvikvm(13899): threadid=10: calling run()
D/dalvikvm(13899): threadid=10: exiting
D/dalvikvm(13899): threadid=10: bye!
D/dalvikvm(13899): threadid=0: freeing
W/ActivityManager(  233): Activity pause timeout for ActivityRecord{418777b0 hcb14.nhom6.behocvan/.MainFragmentActivity}
D/PowerManagerService(  233): setKeyboardVisibility: false
D/dalvikvm(  233): threadid=63: interp stack at 0x4d0db000
D/dalvikvm(  233): threadid=63: calling run()
D/dalvikvm(  233): threadid=63: exiting
D/dalvikvm(  233): threadid=63: bye!
D/dalvikvm(  233): threadid=0: freeing
D/ActivityThread(13899): BDC-RECEIVER handled : 0 / ReceiverData{intent=Intent { act=android.intent.action.PACKAGE_ADDED dat=package:hcb14.nhom6.behocvan flg=0x10000010 cmp=com.android.gallery3d/.app.PackagesMonitor (has extras) } packageName=com.android.gallery3d resultCode=0 resultData=null resultExtras=null}
D/dalvikvm(  101): threadid=2: exiting
D/dalvikvm(  101): threadid=2: bye!
D/dalvikvm(  101): threadid=0: freeing
D/dalvikvm(  101): threadid=3: exiting
D/dalvikvm(  101): threadid=3: bye!
D/dalvikvm(  101): threadid=0: freeing
D/dalvikvm(  101): threadid=4: exiting
D/dalvikvm(  101): threadid=4: bye!
D/dalvikvm(  101): threadid=0: freeing
D/dalvikvm(13913): threadid=2: interp stack at 0x40000000
D/dalvikvm(  101): threadid=2: interp stack at 0x49479000
D/dalvikvm(  101): threadid=2: calling run()
D/dalvikvm(13913): threadid=3: interp stack at 0x40008000
D/dalvikvm(  101): threadid=3: interp stack at 0x4c02b000
D/dalvikvm(  101): threadid=3: calling run()
D/dalvikvm(13913): threadid=4: interp stack at 0x49479000
D/dalvikvm(  101): threadid=4: interp stack at 0x49481000
I/ActivityManager(  233): Start proc com.google.android.apps.plus for broadcast com.google.android.apps.plus/.service.PackagesMediaMonitor: pid=13913 uid=10021 gids={3003, 3002, 1015, 1006}
D/dalvikvm(  101): threadid=4: calling run()
D/dalvikvm(13913): threadid=5: interp stack at 0x49481000
D/dalvikvm(13913): threadid=5: calling run()
D/dalvikvm(13913): threadid=6: interp stack at 0x49489000
D/dalvikvm(13913): threadid=6: calling run()
D/dalvikvm(13913): threadid=7: interp stack at 0x49491000
D/dalvikvm(13913): threadid=7: calling run()
V/ActivityManager(  233): Binding process pid 13913 to record ProcessRecord{4245c410 13913:com.google.android.apps.plus/10021}
V/ActivityManager(  233): New death recipient com.android.server.am.ActivityManagerService$AppDeathRecipient@421714c0 for thread android.os.BinderProxy@420d0600
D/dalvikvm(13913): threadid=8: interp stack at 0x49499000
V/ActivityManager(  233): New app record ProcessRecord{4245c410 13913:com.google.android.apps.plus/10021} thread=android.os.BinderProxy@420d0600 pid=13913
D/dalvikvm(13913): threadid=9: interp stack at 0x494a1000
D/dalvikvm(13913): threadid=10: interp stack at 0x4c02b000
D/IPCThreadState(  233): [DN #5] BR_DEAD_BINDER cookie 0x22cbc10
V/ActivityManager(  233): Death received in com.android.server.am.ActivityManagerService$AppDeathRecipient@42442090 for thread android.os.BinderProxy@41f67d28
I/ActivityManager(  233): Process com.android.gallery3d (pid 13899) has died.
V/ActivityManager(  233): Dying app: ProcessRecord{417c8300 13899:com.android.gallery3d/10019}, pid: 13899, thread: android.os.BinderProxy@41f67d28
V/ActivityManager(  233): Removing app ProcessRecord{417c8300 0:com.android.gallery3d/10019} from list [ActivityRecord{42171f48 com.android.phone/.InCallScreen}, ActivityRecord{41855e70 com.android.settings/.SubSettings}, ActivityRecord{41db6028 com.android.launcher/com.android.launcher2.Launcher}, ActivityRecord{418777b0 hcb14.nhom6.behocvan/.MainFragmentActivity}, ActivityRecord{422eb578 hcb14.nhom6.behocvan/.MainActivity}] with 5 entries
V/ActivityManager(  233): Record #4 ActivityRecord{422eb578 hcb14.nhom6.behocvan/.MainActivity}: app=ProcessRecord{41cca208 13761:hcb14.nhom6.behocvan/10069}
V/ActivityManager(  233): Record #3 ActivityRecord{418777b0 hcb14.nhom6.behocvan/.MainFragmentActivity}: app=ProcessRecord{41cca208 13761:hcb14.nhom6.behocvan/10069}
V/ActivityManager(  233): Record #2 ActivityRecord{41db6028 com.android.launcher/com.android.launcher2.Launcher}: app=ProcessRecord{41c92b80 30634:com.android.launcher/10028}
V/ActivityManager(  233): Record #1 ActivityRecord{41855e70 com.android.settings/.SubSettings}: app=ProcessRecord{4216c168 10301:com.android.settings/1000}
V/ActivityManager(  233): Record #0 ActivityRecord{42171f48 com.android.phone/.InCallScreen}: app=ProcessRecord{41d09ef8 435:com.android.phone/1001}
V/ActivityManager(  233): Removing app ProcessRecord{417c8300 0:com.android.gallery3d/10019} from list [ActivityRecord{418777b0 hcb14.nhom6.behocvan/.MainFragmentActivity}] with 1 entries
V/ActivityManager(  233): Record #0 ActivityRecord{418777b0 hcb14.nhom6.behocvan/.MainFragmentActivity}: app=ProcessRecord{41cca208 13761:hcb14.nhom6.behocvan/10069}
V/ActivityManager(  233): Removing app ProcessRecord{417c8300 0:com.android.gallery3d/10019} from list [] with 0 entries
V/ActivityManager(  233): Removing app ProcessRecord{417c8300 0:com.android.gallery3d/10019} from list [ActivityRecord{418777b0 hcb14.nhom6.behocvan/.MainFragmentActivity}] with 1 entries
V/ActivityManager(  233): Record #0 ActivityRecord{418777b0 hcb14.nhom6.behocvan/.MainFragmentActivity}: app=ProcessRecord{41cca208 13761:hcb14.nhom6.behocvan/10069}
V/ActivityManager(  233): Removing app ProcessRecord{417c8300 0:com.android.gallery3d/10019} from list [] with 0 entries
D/dalvikvm(  233): threadid=63: interp stack at 0x4d0db000
D/dalvikvm(  233): threadid=63: calling run()
D/IPCThreadState(  233): [DN #5] BR_CLEAR_DEATH_NOTIFICATION_DONE cookie 0x22cbc10
D/dalvikvm(  233): threadid=63: exiting
D/dalvikvm(  233): threadid=63: bye!
D/dalvikvm(  233): threadid=0: freeing
I/ActivityThread(13913): Pub com.google.android.apps.plus.content.ApiProvider: com.google.android.apps.plus.content.EsApiProvider
I/ActivityThread(13913): Pub com.google.android.apps.plus.content.EsGooglePhotoProvider: com.google.android.picasasync.PicasaContentProvider
I/ActivityThread(13913): Pub com.google.android.apps.plus.content.EsPicasaStoreProvider: com.google.android.picasastore.PicasaPhotoContentProvider
D/dalvikvm(13913): threadid=11: interp stack at 0x4c033000
D/dalvikvm(13913): threadid=11: calling run()
D/dalvikvm(13913): threadid=12: interp stack at 0x4c03b000
D/dalvikvm(13913): threadid=12: calling run()
I/ActivityThread(13913): Pub com.google.plus.platform: com.google.android.apps.plus.content.AdsProvider
I/ActivityThread(13913): Pub com.google.android.apps.plus.iu.EsGoogleIuProvider: com.google.android.apps.plus.iu.InstantUploadProvider
D/dalvikvm(  101): threadid=2: exiting
D/dalvikvm(  101): threadid=2: bye!
D/dalvikvm(  101): threadid=0: freeing
D/dalvikvm(  101): threadid=3: exiting
D/dalvikvm(  101): threadid=3: bye!
D/dalvikvm(  101): threadid=0: freeing
D/dalvikvm(  101): threadid=4: exiting
D/dalvikvm(  101): threadid=4: bye!
D/dalvikvm(  101): threadid=0: freeing
D/dalvikvm(13913): threadid=11: exiting
D/dalvikvm(13913): threadid=11: bye!
D/dalvikvm(13913): threadid=0: freeing
D/dalvikvm(13929): threadid=2: interp stack at 0x40000000
D/dalvikvm(13929): threadid=3: interp stack at 0x40008000
D/dalvikvm(13929): threadid=4: interp stack at 0x49479000
D/dalvikvm(13929): threadid=5: interp stack at 0x49481000
D/dalvikvm(13929): threadid=5: calling run()
D/dalvikvm(13929): threadid=6: interp stack at 0x49489000
D/dalvikvm(  101): threadid=2: interp stack at 0x49479000
D/dalvikvm(  101): threadid=2: calling run()
D/dalvikvm(13929): threadid=6: calling run()
D/dalvikvm(  101): threadid=3: interp stack at 0x4c02b000
D/dalvikvm(13929): threadid=7: interp stack at 0x49491000
D/dalvikvm(  101): threadid=3: calling run()
D/dalvikvm(13929): threadid=7: calling run()
D/dalvikvm(13929): threadid=8: interp stack at 0x49499000
D/dalvikvm(  101): threadid=4: interp stack at 0x49481000
I/ActivityManager(  233): Start proc android.process.media for content provider com.android.providers.media/.MediaProvider: pid=13929 uid=10012 gids={1015, 1023, 1024, 3003, 2001, 3007}
I/ActivityThread(13913): Pub com.google.android.apps.plus.content.EsProvider: com.google.android.apps.plus.content.EsProvider
D/dalvikvm(13929): threadid=9: interp stack at 0x494a1000
D/dalvikvm(  101): threadid=4: calling run()
V/ActivityManager(  233): Binding process pid 13929 to record ProcessRecord{4227b120 13929:android.process.media/10012}
V/ActivityManager(  233): New death recipient com.android.server.am.ActivityManagerService$AppDeathRecipient@420eec50 for thread android.os.BinderProxy@41cba688
V/ActivityManager(  233): New app record ProcessRecord{4227b120 13929:android.process.media/10012} thread=android.os.BinderProxy@41cba688 pid=13929
D/dalvikvm(13913): threadid=11: interp stack at 0x4c033000
I/ActivityThread(13929): Pub downloads: com.android.providers.downloads.DownloadProvider
D/dalvikvm(13913): threadid=11: calling run()
D/dalvikvm(13929): threadid=10: interp stack at 0x4c03a000
I/ActivityThread(13929): Pub drm: com.android.providers.drm.DrmProvider
D/dalvikvm(13929): threadid=10: calling run()
I/DownloadManager(13929): in removeSpuriousFiles
D/ActivityThread(13913): BIND_APPLICATION handled : 0 / AppBindData{appInfo=ApplicationInfo{417cfd80 com.google.android.apps.plus}}
D/ActivityThread(13913): BDC-Calling onReceive: intent=Intent { act=android.intent.action.PACKAGE_ADDED dat=package:hcb14.nhom6.behocvan flg=0x10000010 cmp=com.google.android.apps.plus/.service.PackagesMediaMonitor (has extras) }, ordered=true, receiver=com.google.android.apps.plus.service.PackagesMediaMonitor@419a73b8
D/ActivityThread(13913): BDC-RECEIVER handled : 0 / ReceiverData{intent=Intent { act=android.intent.action.PACKAGE_ADDED dat=package:hcb14.nhom6.behocvan flg=0x10000010 cmp=com.google.android.apps.plus/.service.PackagesMediaMonitor$AsyncService (has extras) } packageName=com.google.android.apps.plus resultCode=0 resultData=null resultExtras=null}
D/ActivityThread(13913): SVC-Creating service: CreateServiceData{token=android.os.BinderProxy@419a89e8 className=com.google.android.apps.plus.service.PackagesMediaMonitor$AsyncService packageName=com.google.android.apps.plus intent=null}
D/dalvikvm(13913): threadid=13: interp stack at 0x4c1bc000
D/dalvikvm(13913): threadid=13: calling run()
D/ActivityThread(13913): SVC-CREATE_SERVICE handled : 0 / CreateServiceData{token=android.os.BinderProxy@419a89e8 className=com.google.android.apps.plus.service.PackagesMediaMonitor$AsyncService packageName=com.google.android.apps.plus intent=null}
D/ActivityThread(13913): SVC-Calling onStartCommand: com.google.android.apps.plus.service.PackagesMediaMonitor$AsyncService@419aa750, flags=2, startId=1
D/ActivityThread(13913): SVC-SERVICE_ARGS handled : 0 / ServiceArgsData{token=android.os.BinderProxy@419a89e8 startId=1 args=Intent { act=android.intent.action.PACKAGE_ADDED dat=package:hcb14.nhom6.behocvan flg=0x10000010 cmp=com.google.android.apps.plus/.service.PackagesMediaMonitor$AsyncService (has extras) }}
I/ActivityThread(13929): Pub media: com.android.providers.media.MediaProvider
D/ActivityThread(  375): BDC-Calling onReceive: intent=Intent { act=android.intent.action.PACKAGE_ADDED dat=package:hcb14.nhom6.behocvan flg=0x10000010 cmp=com.google.android.gsf/.gtalkservice.PackageInstalledReceiver (has extras) }, ordered=true, receiver=com.google.android.gsf.gtalkservice.PackageInstalledReceiver@417de9a0
V/Provider/Setting(13913): invalidate [system]: current 150 != cached 0
D/ActivityThread(  375): BDC-RECEIVER handled : 0 / ReceiverData{intent=Intent { act=android.intent.action.PACKAGE_ADDED dat=package:hcb14.nhom6.behocvan flg=0x10000010 cmp=com.google.android.gsf/.gtalkservice.service.GTalkService (has extras) } packageName=com.google.android.gsf resultCode=0 resultData=null resultExtras=null}
D/ActivityThread(  375): SVC-Calling onStartCommand: com.google.android.gsf.gtalkservice.service.GTalkService@4194b768, flags=2, startId=76
D/dalvikvm(  101): threadid=2: exiting
D/dalvikvm(  101): threadid=2: bye!
D/dalvikvm(  101): threadid=0: freeing
D/dalvikvm(  101): threadid=3: exiting
D/dalvikvm(  101): threadid=3: bye!
D/dalvikvm(  101): threadid=0: freeing
D/dalvikvm(  101): threadid=4: exiting
D/dalvikvm(  101): threadid=4: bye!
D/dalvikvm(  101): threadid=0: freeing
I/DownloadManager(13929): in removeSpuriousFiles, preserving file /mnt/sdcard/Download/drivers.zip
I/DownloadManager(13929): in removeSpuriousFiles, preserving file /mnt/sdcard/Download/thong_bao_tuyen_sinh_lien_thong_2014_dot_2.pdf
I/DownloadManager(13929): in removeSpuriousFiles, preserving file /mnt/sdcard/Download/BTTH_dijkstra.pdf
I/DownloadManager(13929): in removeSpuriousFiles, preserving file /mnt/sdcard/Download/HDTH_dijkstra.pdf
I/DownloadManager(13929): in removeSpuriousFiles, preserving file /mnt/sdcard/Download/MMT-NC-9.pdf
I/DownloadManager(13929): in removeSpuriousFiles, preserving file /mnt/sdcard/Download/SpiderManUltimatePower_SMS_Acer_Generic_Phone_IGP_BFLL_ML_102_CL12_TnC_004.apk
I/DownloadManager(13929): in removeSpuriousFiles, preserving file /mnt/sdcard/Download/CoBaoGioAnhNho-KhoiMy-3640883_hq.mp3
I/DownloadManager(13929): in removeSpuriousFiles, preserving file /mnt/sdcard/Download/06 Thiet Ke Phan Mem (Thieu Cac Thanh Phan Tai Su Dung, Thuat Toan va Luoc Do Noi Tiep).pdf.pdf
I/DownloadManager(13929): in removeSpuriousFiles, preserving file /mnt/sdcard/Download/dinhnghiaquytrinh.docx
I/DownloadManager(13929): in removeSpuriousFiles, preserving file /mnt/sdcard/Download/Nhóm 6 - Kiến trúc tổng quan hệ thống.docx
I/DownloadManager(13929): in removeSpuriousFiles, preserving file /mnt/sdcard/Download/Nhóm 6 - Định nghĩa quy trình.docx
D/IPCThreadState(  233): [DN #5] BR_CLEAR_DEATH_NOTIFICATION_DONE cookie 0x22256e0
D/dalvikvm(13913): GC_CONCURRENT freed 1164K, 12% free 9999K/11271K, paused 3ms+2ms
D/dalvikvm(  101): threadid=2: interp stack at 0x49479000
D/dalvikvm(  101): threadid=2: calling run()
D/dalvikvm(13944): threadid=2: interp stack at 0x40000000
D/dalvikvm(13944): threadid=3: interp stack at 0x40008000
D/dalvikvm(  101): threadid=3: interp stack at 0x4948f000
D/dalvikvm(  101): threadid=3: calling run()
D/dalvikvm(13944): threadid=4: interp stack at 0x49479000
D/dalvikvm(  101): threadid=4: interp stack at 0x49481000
I/ActivityManager(  233): Start proc com.android.musicfx for broadcast com.android.musicfx/.Compatibility$Receiver: pid=13944 uid=10045 gids={3003, 3002}
D/dalvikvm(13944): threadid=5: interp stack at 0x49481000
D/dalvikvm(13944): threadid=5: calling run()
D/dalvikvm(13944): threadid=6: interp stack at 0x49489000
D/dalvikvm(13944): threadid=6: calling run()
D/dalvikvm(13944): threadid=7: interp stack at 0x49491000
D/dalvikvm(13944): threadid=7: calling run()
D/dalvikvm(  101): threadid=4: calling run()
D/Settings/Provide(  233): lookupValue, table system cache.containsKey com.google.android.picasasync.auto_upload_enabled
D/Settings/Provide(  233): lookupValue, table system cache.fullyMatchesDisk() com.google.android.picasasync.auto_upload_enabled
D/ActivityThread(  375): SVC-SERVICE_ARGS handled : 0 / ServiceArgsData{token=android.os.BinderProxy@418d7648 startId=76 args=Intent { act=android.intent.action.PACKAGE_ADDED dat=package:hcb14.nhom6.behocvan flg=0x10000010 cmp=com.google.android.gsf/.gtalkservice.service.GTalkService (has extras) }}
V/MediaProvider(13929): onCreate>>>
D/IPCThreadState(  233): [DN #5] BR_CLEAR_DEATH_NOTIFICATION_DONE cookie 0x2462f68
D/dalvikvm(13929): threadid=10: exiting
D/dalvikvm(13929): threadid=10: bye!
D/dalvikvm(13929): threadid=0: freeing
V/MediaProvider(13929): onCreate: getVolumePaths>>>
D/dalvikvm(13944): threadid=8: interp stack at 0x49499000
D/dalvikvm(13944): threadid=9: interp stack at 0x494a1000
D/IPCThreadState(  233): [DN #5] BR_DEAD_BINDER cookie 0x21700b8
D/IPCThreadState(  233): [DN #5] BR_DEAD_BINDER cookie 0x21de970
D/IPCThreadState(  233): [DN #5] BR_CLEAR_DEATH_NOTIFICATION_DONE cookie 0x21700b8
D/IPCThreadState(  233): [DN #5] BR_DEAD_BINDER cookie 0x2230250
V/ActivityManager(  233): Death received in com.android.server.am.ActivityManagerService$AppDeathRecipient@42317610 for thread android.os.BinderProxy@422f7230
D/IPCThreadState(  233): [DN #5] BR_CLEAR_DEATH_NOTIFICATION_DONE cookie 0x2230250
I/ActivityManager(  233): Process com.facebook.orca (pid 13474) has died.
V/ActivityManager(  233): Dying app: ProcessRecord{41988260 13474:com.facebook.orca/10077}, pid: 13474, thread: android.os.BinderProxy@422f7230
W/ActivityManager(  233): Scheduling restart of crashed service com.facebook.orca/com.facebook.mqttlite.MqttService in 12706ms
D/IPCThreadState(12194): [DN #5] BR_DEAD_BINDER cookie 0x2368f28
V/ActivityManager(  233): Removing app ProcessRecord{41988260 0:com.facebook.orca/10077} from list [ActivityRecord{42171f48 com.android.phone/.InCallScreen}, ActivityRecord{41855e70 com.android.settings/.SubSettings}, ActivityRecord{41db6028 com.android.launcher/com.android.launcher2.Launcher}, ActivityRecord{418777b0 hcb14.nhom6.behocvan/.MainFragmentActivity}, ActivityRecord{422eb578 hcb14.nhom6.behocvan/.MainActivity}] with 5 entries
V/ActivityManager(  233): Record #4 ActivityRecord{422eb578 hcb14.nhom6.behocvan/.MainActivity}: app=ProcessRecord{41cca208 13761:hcb14.nhom6.behocvan/10069}
V/ActivityManager(  233): Record #3 ActivityRecord{418777b0 hcb14.nhom6.behocvan/.MainFragmentActivity}: app=ProcessRecord{41cca208 13761:hcb14.nhom6.behocvan/10069}
V/ActivityManager(  233): Record #2 ActivityRecord{41db6028 com.android.launcher/com.android.launcher2.Launcher}: app=ProcessRecord{41c92b80 30634:com.android.launcher/10028}
